Component: ARM Compiler 5.06 update 6 (build 750) Tool: armlink [4d35ed]

==============================================================================

Section Cross References

    stm32f4xx_it.o(i.CAN1_RX0_IRQHandler) refers to stm32f4xx_can.o(i.CAN_GetITStatus) for CAN_GetITStatus
    stm32f4xx_it.o(i.CAN1_RX0_IRQHandler) refers to stm32f4xx_can.o(i.CAN_Receive) for CAN_Receive
    stm32f4xx_it.o(i.CAN1_RX0_IRQHandler) refers to queue.o(i.xQueueGenericSendFromISR) for xQueueGenericSendFromISR
    stm32f4xx_it.o(i.CAN1_RX0_IRQHandler) refers to stm32f4xx_can.o(i.CAN_ClearITPendingBit) for CAN_ClearITPendingBit
    stm32f4xx_it.o(i.CAN1_RX0_IRQHandler) refers to task_can.o(.data) for xCan1RxQueue
    stm32f4xx_it.o(i.SysTick_Handler) refers to tasks.o(i.xTaskGetSchedulerState) for xTaskGetSchedulerState
    stm32f4xx_it.o(i.SysTick_Handler) refers to port.o(i.xPortSysTickHandler) for xPortSysTickHandler
    main.o(i.main) refers to tasks.o(i.xTaskCreate) for xTaskCreate
    main.o(i.main) refers to tasks.o(i.vTaskStartScheduler) for vTaskStartScheduler
    main.o(i.main) refers to task_init.o(.data) for StartTaskHandler
    main.o(i.main) refers to task_init.o(i.TaskStart) for TaskStart
    task_init.o(i.TaskStart) refers to misc.o(i.NVIC_PriorityGroupConfig) for NVIC_PriorityGroupConfig
    task_init.o(i.TaskStart) refers to port.o(i.vPortEnterCritical) for vPortEnterCritical
    task_init.o(i.TaskStart) refers to bsp_can.o(i.CAN1_QuickInit) for CAN1_QuickInit
    task_init.o(i.TaskStart) refers to bsp_led.o(i.LED_Init) for LED_Init
    task_init.o(i.TaskStart) refers to task_can.o(i.CAN_TaskCreate) for CAN_TaskCreate
    task_init.o(i.TaskStart) refers to task_control.o(i.Control_TaskCreate) for Control_TaskCreate
    task_init.o(i.TaskStart) refers to tasks.o(i.vTaskDelete) for vTaskDelete
    task_init.o(i.TaskStart) refers to port.o(i.vPortExitCritical) for vPortExitCritical
    task_init.o(i.TaskStart) refers to task_init.o(.data) for .data
    task_can.o(i.CAN1_ReceiveTask) refers to queue.o(i.xQueueGenericReceive) for xQueueGenericReceive
    task_can.o(i.CAN1_ReceiveTask) refers to analysis.o(i.Analysis_getinfo) for Analysis_getinfo
    task_can.o(i.CAN1_ReceiveTask) refers to stm32f4xx_gpio.o(i.GPIO_ToggleBits) for GPIO_ToggleBits
    task_can.o(i.CAN1_ReceiveTask) refers to task_can.o(.data) for .data
    task_can.o(i.CAN_TaskCreate) refers to queue.o(i.xQueueGenericCreate) for xQueueGenericCreate
    task_can.o(i.CAN_TaskCreate) refers to tasks.o(i.xTaskCreate) for xTaskCreate
    task_can.o(i.CAN_TaskCreate) refers to task_can.o(.data) for .data
    task_can.o(i.CAN_TaskCreate) refers to task_can.o(i.CAN1_ReceiveTask) for CAN1_ReceiveTask
    task_control.o(i.Control_TaskCreate) refers to tasks.o(i.xTaskCreate) for xTaskCreate
    task_control.o(i.Control_TaskCreate) refers to task_control.o(.data) for .data
    task_control.o(i.Control_TaskCreate) refers to task_control.o(i.Devices_Task) for Devices_Task
    task_control.o(i.Devices_Task) refers to device_flash.o(i.DeviceFlash) for DeviceFlash
    task_control.o(i.Devices_Task) refers to tasks.o(i.vTaskDelayUntil) for vTaskDelayUntil
    device_flash.o(i.DeviceFlash) refers to analysis.o(.bss) for RM3508s
    analysis.o(i.Analysis_getinfo) refers to analysis.o(i.M6623_ZeroDealing_platform) for M6623_ZeroDealing_platform
    analysis.o(i.Analysis_getinfo) refers to analysis.o(i.M2006_ZeroDealing_platform) for M2006_ZeroDealing_platform
    analysis.o(i.Analysis_getinfo) refers to analysis.o(.bss) for .bss
    analysis.o(i.M2006_ZeroDealing_platform) refers to analysis.o(.bss) for .bss
    analysis.o(i.M6623_ZeroDealing_platform) refers to analysis.o(.bss) for .bss
    pid.o(i.FuzzationPID_POSCalculation) refers to pid.o(i.fuzzy_kp) for fuzzy_kp
    pid.o(i.FuzzationPID_POSCalculation) refers to pid.o(i.fuzzy_ki) for fuzzy_ki
    pid.o(i.FuzzationPID_POSCalculation) refers to pid.o(i.fuzzy_kd) for fuzzy_kd
    pid.o(i.FuzzationPID_POSCalculation) refers to bsp_math.o(i.abs_Calculation) for abs_Calculation
    pid.o(i.FuzzationPID_POSCalculation) refers to bsp_math.o(i.Ki_Limiting) for Ki_Limiting
    pid.o(i.FuzzationPID_POSCalculation) refers to bsp_math.o(i.Output_Limting) for Output_Limting
    pid.o(i.FuzzyPID_INCCalculation) refers to pid.o(i.fuzzy_kp) for fuzzy_kp
    pid.o(i.FuzzyPID_INCCalculation) refers to pid.o(i.fuzzy_ki) for fuzzy_ki
    pid.o(i.FuzzyPID_INCCalculation) refers to pid.o(i.fuzzy_kd) for fuzzy_kd
    pid.o(i.FuzzyPID_INCCalculation) refers to bsp_math.o(i.abs_Calculation) for abs_Calculation
    pid.o(i.FuzzyPID_INCCalculation) refers to bsp_math.o(i.Ki_Limiting) for Ki_Limiting
    pid.o(i.FuzzyPID_INCCalculation) refers to bsp_math.o(i.Output_Limting) for Output_Limting
    pid.o(i.IncrementalPID_Calculation) refers to bsp_math.o(i.abs_Calculation) for abs_Calculation
    pid.o(i.IncrementalPID_Calculation) refers to bsp_math.o(i.Ki_Limiting) for Ki_Limiting
[...]
    Removing stm32f4xx_usart.o(i.USART_GetITStatus), (62 bytes).
    Removing stm32f4xx_usart.o(i.USART_HalfDuplexCmd), (20 bytes).
    Removing stm32f4xx_usart.o(i.USART_ITConfig), (48 bytes).
    Removing stm32f4xx_usart.o(i.USART_Init), (172 bytes).
    Removing stm32f4xx_usart.o(i.USART_IrDACmd), (20 bytes).
    Removing stm32f4xx_usart.o(i.USART_IrDAConfig), (16 bytes).
    Removing stm32f4xx_usart.o(i.USART_LINBreakDetectLengthConfig), (16 bytes).
    Removing stm32f4xx_usart.o(i.USART_LINCmd), (20 bytes).
    Removing stm32f4xx_usart.o(i.USART_OneBitMethodCmd), (20 bytes).
    Removing stm32f4xx_usart.o(i.USART_OverSampling8Cmd), (20 bytes).
    Removing stm32f4xx_usart.o(i.USART_ReceiveData), (8 bytes).
    Removing stm32f4xx_usart.o(i.USART_ReceiverWakeUpCmd), (20 bytes).
    Removing stm32f4xx_usart.o(i.USART_SendBreak), (10 bytes).
    Removing stm32f4xx_usart.o(i.USART_SendData), (8 bytes).
    Removing stm32f4xx_usart.o(i.USART_SetAddress), (16 bytes).
    Removing stm32f4xx_usart.o(i.USART_SetGuardTime), (16 bytes).
    Removing stm32f4xx_usart.o(i.USART_SetPrescaler), (16 bytes).
    Removing stm32f4xx_usart.o(i.USART_SmartCardCmd), (20 bytes).
    Removing stm32f4xx_usart.o(i.USART_SmartCardNACKCmd), (20 bytes).
    Removing stm32f4xx_usart.o(i.USART_StructInit), (22 bytes).
    Removing stm32f4xx_usart.o(i.USART_WakeUpConfig), (16 bytes).
    Removing stm32f4xx_wwdg.o(.rev16_text), (4 bytes).
    Removing stm32f4xx_wwdg.o(.revsh_text), (4 bytes).
    Removing stm32f4xx_wwdg.o(.rrx_text), (6 bytes).
    Removing stm32f4xx_wwdg.o(i.WWDG_ClearFlag), (12 bytes).
    Removing stm32f4xx_wwdg.o(i.WWDG_DeInit), (24 bytes).
    Removing stm32f4xx_wwdg.o(i.WWDG_Enable), (16 bytes).
    Removing stm32f4xx_wwdg.o(i.WWDG_EnableIT), (16 bytes).
    Removing stm32f4xx_wwdg.o(i.WWDG_GetFlagStatus), (20 bytes).
    Removing stm32f4xx_wwdg.o(i.WWDG_SetCounter), (16 bytes).
    Removing stm32f4xx_wwdg.o(i.WWDG_SetPrescaler), (20 bytes).
    Removing stm32f4xx_wwdg.o(i.WWDG_SetWindowValue), (28 bytes).
    Removing system_stm32f4xx.o(.rev16_text), (4 bytes).
    Removing system_stm32f4xx.o(.revsh_text), (4 bytes).
    Removing system_stm32f4xx.o(.rrx_text), (6 bytes).
    Removing system_stm32f4xx.o(i.SystemCoreClockUpdate), (124 bytes).
    Removing startup_stm32f427_437xx.o(HEAP), (512 bytes).
    Removing dadd.o(.text), (334 bytes).
    Removing dmul.o(.text), (228 bytes).
    Removing ddiv.o(.text), (222 bytes).
    Removing dfixul.o(.text), (48 bytes).
    Removing cdrcmple.o(.text), (48 bytes).
    Removing depilogue.o(.text), (186 bytes).

992 unused section(s) (total 41596 bytes) removed from the image.

==============================================================================

Image Symbol Table

    Local Symbols

    Symbol Name                              Value     Ov Type        Size  Object(Section)

    ../clib/microlib/division.c              0x00000000   Number         0  uldiv.o ABSOLUTE
    ../clib/microlib/division.c              0x00000000   Number         0  uidiv.o ABSOLUTE
    ../clib/microlib/init/entry.s            0x00000000   Number         0  entry5.o ABSOLUTE
    ../clib/microlib/init/entry.s            0x00000000   Number         0  entry7a.o ABSOLUTE
    ../clib/microlib/init/entry.s            0x00000000   Number         0  entry7b.o ABSOLUTE
    ../clib/microlib/init/entry.s            0x00000000   Number         0  entry8a.o ABSOLUTE
    ../clib/microlib/init/entry.s            0x00000000   Number         0  entry8b.o ABSOLUTE
    ../clib/microlib/init/entry.s            0x00000000   Number         0  entry11b.o ABSOLUTE
    ../clib/microlib/init/entry.s            0x00000000   Number         0  entry10a.o ABSOLUTE
    ../clib/microlib/init/entry.s            0x00000000   Number         0  entry9a.o ABSOLUTE
    ../clib/microlib/init/entry.s            0x00000000   Number         0  entry10b.o ABSOLUTE
    ../clib/microlib/init/entry.s            0x00000000   Number         0  entry11a.o ABSOLUTE
    ../clib/microlib/init/entry.s            0x00000000   Number         0  entry9b.o ABSOLUTE
    ../clib/microlib/init/entry.s            0x00000000   Number         0  entry2.o ABSOLUTE
    ../clib/microlib/init/entry.s            0x00000000   Number         0  entry.o ABSOLUTE
    ../clib/microlib/longlong.c              0x00000000   Number         0  llushr.o ABSOLUTE
    ../clib/microlib/longlong.c              0x00000000   Number         0  llsshr.o ABSOLUTE
    ../clib/microlib/longlong.c              0x00000000   Number         0  llshl.o ABSOLUTE
    ../clib/microlib/printf/printf.c         0x00000000   Number         0  printf3.o ABSOLUTE
    ../clib/microlib/printf/printf.c         0x00000000   Number         0  printf4.o ABSOLUTE
    ../clib/microlib/printf/printf.c         0x00000000   Number         0  printf5.o ABSOLUTE
    ../clib/microlib/printf/printf.c         0x00000000   Number         0  printf6.o ABSOLUTE
    ../clib/microlib/printf/printf.c         0x00000000   Number         0  printf7.o ABSOLUTE
    ../clib/microlib/printf/printf.c         0x00000000   Number         0  printf8.o ABSOLUTE
    ../clib/microlib/printf/printf.c         0x00000000   Number         0  printfa.o ABSOLUTE
    ../clib/microlib/printf/printf.c         0x00000000   Number         0  printfb.o ABSOLUTE
    ../clib/microlib/printf/printf.c         0x00000000   Number         0  printf0.o ABSOLUTE
    ../clib/microlib/printf/printf.c         0x00000000   Number         0  printf1.o ABSOLUTE
    ../clib/microlib/printf/printf.c         0x00000000   Number         0  printf2.o ABSOLUTE
    ../clib/microlib/printf/stubs.s          0x00000000   Number         0  stubs.o ABSOLUTE
    ../clib/microlib/stdio/fputc.c           0x00000000   Number         0  fputc.o ABSOLUTE
    ../clib/microlib/stdio/semi.s            0x00000000   Number         0  semi.o ABSOLUTE
    ../clib/microlib/stdio/streams.c         0x00000000   Number         0  stdout.o ABSOLUTE
    ../clib/microlib/string/memcpy.c         0x00000000   Number         0  memcpyb.o ABSOLUTE
    ../clib/microlib/string/memcpy.c         0x00000000   Number         0  memcpya.o ABSOLUTE
    ../clib/microlib/string/memset.c         0x00000000   Number         0  memseta.o ABSOLUTE
    ../clib/microlib/string/strcpy.c         0x00000000   Number         0  strcpy.o ABSOLUTE
    ../clib/microlib/string/strlen.c         0x00000000   Number         0  strlen.o ABSOLUTE
    ../clib/microlib/stubs.s                 0x00000000   Number         0  iusefp.o ABSOLUTE
    ../clib/microlib/stubs.s                 0x00000000   Number         0  iusesemip.o ABSOLUTE
    ../fplib/microlib/fpadd.c                0x00000000   Number         0  dadd.o ABSOLUTE
    ../fplib/microlib/fpdiv.c                0x00000000   Number         0  ddiv.o ABSOLUTE
    ../fplib/microlib/fpepilogue.c           0x00000000   Number         0  depilogue.o ABSOLUTE
    ../fplib/microlib/fpfix.c                0x00000000   Number         0  dfixul.o ABSOLUTE
    ../fplib/microlib/fpmul.c                0x00000000   Number         0  dmul.o ABSOLUTE
    ..\..\Apps\Analysis.c                    0x00000000   Number         0  analysis.o ABSOLUTE
    ..\..\Apps\PID.c                         0x00000000   Number         0  pid.o ABSOLUTE
    ..\..\BSP\BSP_CAN.c                      0x00000000   Number         0  bsp_can.o ABSOLUTE
    ..\..\BSP\BSP_LASER.c                    0x00000000   Number         0  bsp_laser.o ABSOLUTE
    ..\..\BSP\BSP_LED.c                      0x00000000   Number         0  bsp_led.o ABSOLUTE
    ..\..\BSP\BSP_MATH.c                     0x00000000   Number         0  bsp_math.o ABSOLUTE
    ..\..\BSP\BSP_NVIC.c                     0x00000000   Number         0  bsp_nvic.o ABSOLUTE
    ..\..\Devices\Device_Flash.c             0x00000000   Number         0  device_flash.o ABSOLUTE
    ..\..\FreeRTOS\croutine.c                0x00000000   Number         0  croutine.o ABSOLUTE
    ..\..\FreeRTOS\event_groups.c            0x00000000   Number         0  event_groups.o ABSOLUTE
    ..\..\FreeRTOS\list.c                    0x00000000   Number         0  list.o ABSOLUTE
    ..\..\FreeRTOS\portable\MemMang\heap_4.c 0x00000000   Number         0  heap_4.o ABSOLUTE
    ..\..\FreeRTOS\portable\RVDS\ARM_CM4F\port.c 0x00000000   Number         0  port.o ABSOLUTE
    ..\..\FreeRTOS\queue.c                   0x00000000   Number         0  queue.o ABSOLUTE
    ..\..\FreeRTOS\tasks.c                   0x00000000   Number         0  tasks.o ABSOLUTE
    ..\..\FreeRTOS\timers.c                  0x00000000   Number         0  timers.o ABSOLUTE
    ..\..\Libraries\CMSIS\Device\ST\STM32F4xx\Source\Templates\arm\startup_stm32f427_437xx.s 0x00000000   Number         0  startup_stm32f427_437xx.o ABSOLUTE
    ..\..\Libraries\STM32F4xx_StdPeriph_Driver\src\misc.c 0x00000000   Number         0  misc.o ABSOLUTE
    ..\..\Libraries\STM32F4xx_StdPeriph_Driver\src\stm32f4xx_adc.c 0x00000000   Number         0  stm32f4xx_adc.o ABSOLUTE
    ..\..\Libraries\STM32F4xx_StdPeriph_Driver\src\stm32f4xx_can.c 0x00000000   Number         0  stm32f4xx_can.o ABSOLUTE
    ..\..\Libraries\STM32F4xx_StdPeriph_Driver\src\stm32f4xx_cec.c 0x00000000   Number         0  stm32f4xx_cec.o ABSOLUTE
    ..\..\Libraries\STM32F4xx_StdPeriph_Driver\src\stm32f4xx_crc.c 0x00000000   Number         0  stm32f4xx_crc.o ABSOLUTE
    ..\..\Libraries\STM32F4xx_StdPeriph_Driver\src\stm32f4xx_cryp.c 0x00000000   Number         0  stm32f4xx_cryp.o ABSOLUTE
    ..\..\Libraries\STM32F4xx_StdPeriph_Driver\src\stm32f4xx_cryp_aes.c 0x00000000   Number         0  stm32f4xx_cryp_aes.o ABSOLUTE
    ..\..\Libraries\STM32F4xx_StdPeriph_Driver\src\stm32f4xx_cryp_des.c 0x00000000   Number         0  stm32f4xx_cryp_des.o ABSOLUTE
    ..\..\Libraries\STM32F4xx_StdPeriph_Driver\src\stm32f4xx_cryp_tdes.c 0x00000000   Number         0  stm32f4xx_cryp_tdes.o ABSOLUTE
    ..\..\Libraries\STM32F4xx_StdPeriph_Driver\src\stm32f4xx_dac.c 0x00000000   Number         0  stm32f4xx_dac.o ABSOLUTE
    ..\..\Libraries\STM32F4xx_StdPeriph_Driver\src\stm32f4xx_dbgmcu.c 0x00000000   Number         0  stm32f4xx_dbgmcu.o ABSOLUTE
    ..\..\Libraries\STM32F4xx_StdPeriph_Driver\src\stm32f4xx_dcmi.c 0x00000000   Number         0  stm32f4xx_dcmi.o ABSOLUTE
    ..\..\Libraries\STM32F4xx_StdPeriph_Driver\src\stm32f4xx_dfsdm.c 0x00000000   Number         0  stm32f4xx_dfsdm.o ABSOLUTE
    ..\..\Libraries\STM32F4xx_StdPeriph_Driver\src\stm32f4xx_dma.c 0x00000000   Number         0  stm32f4xx_dma.o ABSOLUTE
    ..\..\Libraries\STM32F4xx_StdPeriph_Driver\src\stm32f4xx_dma2d.c 0x00000000   Number         0  stm32f4xx_dma2d.o ABSOLUTE
    ..\..\Libraries\STM32F4xx_StdPeriph_Driver\src\stm32f4xx_dsi.c 0x00000000   Number         0  stm32f4xx_dsi.o ABSOLUTE
    ..\..\Libraries\STM32F4xx_StdPeriph_Driver\src\stm32f4xx_exti.c 0x00000000   Number         0  stm32f4xx_exti.o ABSOLUTE
    ..\..\Libraries\STM32F4xx_StdPeriph_Driver\src\stm32f4xx_flash.c 0x00000000   Number         0  stm32f4xx_flash.o ABSOLUTE
    ..\..\Libraries\STM32F4xx_StdPeriph_Driver\src\stm32f4xx_flash_ramfunc.c 0x00000000   Number         0  stm32f4xx_flash_ramfunc.o ABSOLUTE
    ..\..\Libraries\STM32F4xx_StdPeriph_Driver\src\stm32f4xx_fmc.c 0x00000000   Number         0  stm32f4xx_fmc.o ABSOLUTE
    ..\..\Libraries\STM32F4xx_StdPeriph_Driver\src\stm32f4xx_fmpi2c.c 0x00000000   Number         0  stm32f4xx_fmpi2c.o ABSOLUTE
    ..\..\Libraries\STM32F4xx_StdPeriph_Driver\src\stm32f4xx_gpio.c 0x00000000   Number         0  stm32f4xx_gpio.o ABSOLUTE
    ..\..\Libraries\STM32F4xx_StdPeriph_Driver\src\stm32f4xx_hash.c 0x00000000   Number         0  stm32f4xx_hash.o ABSOLUTE
    ..\..\Libraries\STM32F4xx_StdPeriph_Driver\src\stm32f4xx_hash_md5.c 0x00000000   Number         0  stm32f4xx_hash_md5.o ABSOLUTE
    ..\..\Libraries\STM32F4xx_StdPeriph_Driver\src\stm32f4xx_hash_sha1.c 0x00000000   Number         0  stm32f4xx_hash_sha1.o ABSOLUTE
    ..\..\Libraries\STM32F4xx_StdPeriph_Driver\src\stm32f4xx_i2c.c 0x00000000   Number         0  stm32f4xx_i2c.o ABSOLUTE
    ..\..\Libraries\STM32F4xx_StdPeriph_Driver\src\stm32f4xx_iwdg.c 0x00000000   Number         0  stm32f4xx_iwdg.o ABSOLUTE
    ..\..\Libraries\STM32F4xx_StdPeriph_Driver\src\stm32f4xx_lptim.c 0x00000000   Number         0  stm32f4xx_lptim.o ABSOLUTE
    ..\..\Libraries\STM32F4xx_StdPeriph_Driver\src\stm32f4xx_ltdc.c 0x00000000   Number         0  stm32f4xx_ltdc.o ABSOLUTE
    ..\..\Libraries\STM32F4xx_StdPeriph_Driver\src\stm32f4xx_pwr.c 0x00000000   Number         0  stm32f4xx_pwr.o ABSOLUTE
    ..\..\Libraries\STM32F4xx_StdPeriph_Driver\src\stm32f4xx_qspi.c 0x00000000   Number         0  stm32f4xx_qspi.o ABSOLUTE
    ..\..\Libraries\STM32F4xx_StdPeriph_Driver\src\stm32f4xx_rcc.c 0x00000000   Number         0  stm32f4xx_rcc.o ABSOLUTE
    ..\..\Libraries\STM32F4xx_StdPeriph_Driver\src\stm32f4xx_rng.c 0x00000000   Number         0  stm32f4xx_rng.o ABSOLUTE
    ..\..\Libraries\STM32F4xx_StdPeriph_Driver\src\stm32f4xx_rtc.c 0x00000000   Number         0  stm32f4xx_rtc.o ABSOLUTE
    ..\..\Libraries\STM32F4xx_StdPeriph_Driver\src\stm32f4xx_sai.c 0x00000000   Number         0  stm32f4xx_sai.o ABSOLUTE
    ..\..\Libraries\STM32F4xx_StdPeriph_Driver\src\stm32f4xx_sdio.c 0x00000000   Number         0  stm32f4xx_sdio.o ABSOLUTE
    ..\..\Libraries\STM32F4xx_StdPeriph_Driver\src\stm32f4xx_spdifrx.c 0x00000000   Number         0  stm32f4xx_spdifrx.o ABSOLUTE
    ..\..\Libraries\STM32F4xx_StdPeriph_Driver\src\stm32f4xx_spi.c 0x00000000   Number         0  stm32f4xx_spi.o ABSOLUTE
    ..\..\Libraries\STM32F4xx_StdPeriph_Driver\src\stm32f4xx_syscfg.c 0x00000000   Number         0  stm32f4xx_syscfg.o ABSOLUTE
    ..\..\Libraries\STM32F4xx_StdPeriph_Driver\src\stm32f4xx_tim.c 0x00000000   Number         0  stm32f4xx_tim.o ABSOLUTE
    ..\..\Libraries\STM32F4xx_StdPeriph_Driver\src\stm32f4xx_usart.c 0x00000000   Number         0  stm32f4xx_usart.o ABSOLUTE
    ..\..\Libraries\STM32F4xx_StdPeriph_Driver\src\stm32f4xx_wwdg.c 0x00000000   Number         0  stm32f4xx_wwdg.o ABSOLUTE
    ..\..\Task\Task_CAN.c                    0x00000000   Number         0  task_can.o ABSOLUTE
    ..\..\Task\Task_Control.c                0x00000000   Number         0  task_control.o ABSOLUTE
    ..\..\Task\Task_Init.c                   0x00000000   Number         0  task_init.o ABSOLUTE
    ..\..\User\main.c                        0x00000000   Number         0  main.o ABSOLUTE
    ..\..\User\stm32f4xx_it.c                0x00000000   Number         0  stm32f4xx_it.o ABSOLUTE
    ..\..\User\system_stm32f4xx.c            0x00000000   Number         0  system_stm32f4xx.o ABSOLUTE
    ..\\..\\Apps\\Analysis.c                 0x00000000   Number         0  analysis.o ABSOLUTE
    ..\\..\\Apps\\PID.c                      0x00000000   Number         0  pid.o ABSOLUTE
    ..\\..\\BSP\\BSP_CAN.c                   0x00000000   Number         0  bsp_can.o ABSOLUTE
    ..\\..\\BSP\\BSP_LASER.c                 0x00000000   Number         0  bsp_laser.o ABSOLUTE
    ..\\..\\BSP\\BSP_LED.c                   0x00000000   Number         0  bsp_led.o ABSOLUTE
    ..\\..\\BSP\\BSP_NVIC.c                  0x00000000   Number         0  bsp_nvic.o ABSOLUTE
    ..\\..\\Devices\\Device_Flash.c          0x00000000   Number         0  device_flash.o ABSOLUTE
    ..\\..\\FreeRTOS\\croutine.c             0x00000000   Number         0  croutine.o ABSOLUTE
    ..\\..\\FreeRTOS\\event_groups.c         0x00000000   Number         0  event_groups.o ABSOLUTE
    ..\\..\\FreeRTOS\\list.c                 0x00000000   Number         0  list.o ABSOLUTE
    ..\\..\\FreeRTOS\\portable\\MemMang\\heap_4.c 0x00000000   Number         0  heap_4.o ABSOLUTE
    ..\\..\\FreeRTOS\\portable\\RVDS\\ARM_CM4F\\port.c 0x00000000   Number         0  port.o ABSOLUTE
    ..\\..\\FreeRTOS\\queue.c                0x00000000   Number         0  queue.o ABSOLUTE
    ..\\..\\FreeRTOS\\tasks.c                0x00000000   Number         0  tasks.o ABSOLUTE
    ..\\..\\FreeRTOS\\timers.c               0x00000000   Number         0  timers.o ABSOLUTE
    ..\\..\\Libraries\\STM32F4xx_StdPeriph_Driver\\src\\misc.c 0x00000000   Number         0  misc.o ABSOLUTE
    ..\\..\\Libraries\\STM32F4xx_StdPeriph_Driver\\src\\stm32f4xx_adc.c 0x00000000   Number         0  stm32f4xx_adc.o ABSOLUTE
    ..\\..\\Libraries\\STM32F4xx_StdPeriph_Driver\\src\\stm32f4xx_can.c 0x00000000   Number         0  stm32f4xx_can.o ABSOLUTE
    ..\\..\\Libraries\\STM32F4xx_StdPeriph_Driver\\src\\stm32f4xx_cec.c 0x00000000   Number         0  stm32f4xx_cec.o ABSOLUTE
    ..\\..\\Libraries\\STM32F4xx_StdPeriph_Driver\\src\\stm32f4xx_crc.c 0x00000000   Number         0  stm32f4xx_crc.o ABSOLUTE
    ..\\..\\Libraries\\STM32F4xx_StdPeriph_Driver\\src\\stm32f4xx_cryp.c 0x00000000   Number         0  stm32f4xx_cryp.o ABSOLUTE
    ..\\..\\Libraries\\STM32F4xx_StdPeriph_Driver\\src\\stm32f4xx_cryp_aes.c 0x00000000   Number         0  stm32f4xx_cryp_aes.o ABSOLUTE
    ..\\..\\Libraries\\STM32F4xx_StdPeriph_Driver\\src\\stm32f4xx_cryp_des.c 0x00000000   Number         0  stm32f4xx_cryp_des.o ABSOLUTE
    ..\\..\\Libraries\\STM32F4xx_StdPeriph_Driver\\src\\stm32f4xx_cryp_tdes.c 0x00000000   Number         0  stm32f4xx_cryp_tdes.o ABSOLUTE
    ..\\..\\Libraries\\STM32F4xx_StdPeriph_Driver\\src\\stm32f4xx_dac.c 0x00000000   Number         0  stm32f4xx_dac.o ABSOLUTE
    ..\\..\\Libraries\\STM32F4xx_StdPeriph_Driver\\src\\stm32f4xx_dbgmcu.c 0x00000000   Number         0  stm32f4xx_dbgmcu.o ABSOLUTE
    ..\\..\\Libraries\\STM32F4xx_StdPeriph_Driver\\src\\stm32f4xx_dcmi.c 0x00000000   Number         0  stm32f4xx_dcmi.o ABSOLUTE
    ..\\..\\Libraries\\STM32F4xx_StdPeriph_Driver\\src\\stm32f4xx_dfsdm.c 0x00000000   Number         0  stm32f4xx_dfsdm.o ABSOLUTE
    ..\\..\\Libraries\\STM32F4xx_StdPeriph_Driver\\src\\stm32f4xx_dma.c 0x00000000   Number         0  stm32f4xx_dma.o ABSOLUTE
    ..\\..\\Libraries\\STM32F4xx_StdPeriph_Driver\\src\\stm32f4xx_dma2d.c 0x00000000   Number         0  stm32f4xx_dma2d.o ABSOLUTE
    ..\\..\\Libraries\\STM32F4xx_StdPeriph_Driver\\src\\stm32f4xx_dsi.c 0x00000000   Number         0  stm32f4xx_dsi.o ABSOLUTE
    ..\\..\\Libraries\\STM32F4xx_StdPeriph_Driver\\src\\stm32f4xx_exti.c 0x00000000   Number         0  stm32f4xx_exti.o ABSOLUTE
    ..\\..\\Libraries\\STM32F4xx_StdPeriph_Driver\\src\\stm32f4xx_flash.c 0x00000000   Number         0  stm32f4xx_flash.o ABSOLUTE
    ..\\..\\Libraries\\STM32F4xx_StdPeriph_Driver\\src\\stm32f4xx_flash_ramfunc.c 0x00000000   Number         0  stm32f4xx_flash_ramfunc.o ABSOLUTE
    ..\\..\\Libraries\\STM32F4xx_StdPeriph_Driver\\src\\stm32f4xx_fmc.c 0x00000000   Number         0  stm32f4xx_fmc.o ABSOLUTE
    ..\\..\\Libraries\\STM32F4xx_StdPeriph_Driver\\src\\stm32f4xx_fmpi2c.c 0x00000000   Number         0  stm32f4xx_fmpi2c.o ABSOLUTE
    ..\\..\\Libraries\\STM32F4xx_StdPeriph_Driver\\src\\stm32f4xx_gpio.c 0x00000000   Number         0  stm32f4xx_gpio.o ABSOLUTE
    ..\\..\\Libraries\\STM32F4xx_StdPeriph_Driver\\src\\stm32f4xx_hash.c 0x00000000   Number         0  stm32f4xx_hash.o ABSOLUTE
    ..\\..\\Libraries\\STM32F4xx_StdPeriph_Driver\\src\\stm32f4xx_hash_md5.c 0x00000000   Number         0  stm32f4xx_hash_md5.o ABSOLUTE
    ..\\..\\Libraries\\STM32F4xx_StdPeriph_Driver\\src\\stm32f4xx_hash_sha1.c 0x00000000   Number         0  stm32f4xx_hash_sha1.o ABSOLUTE
    ..\\..\\Libraries\\STM32F4xx_StdPeriph_Driver\\src\\stm32f4xx_i2c.c 0x00000000   Number         0  stm32f4xx_i2c.o ABSOLUTE
    ..\\..\\Libraries\\STM32F4xx_StdPeriph_Driver\\src\\stm32f4xx_iwdg.c 0x00000000   Number         0  stm32f4xx_iwdg.o ABSOLUTE
    ..\\..\\Libraries\\STM32F4xx_StdPeriph_Driver\\src\\stm32f4xx_lptim.c 0x00000000   Number         0  stm32f4xx_lptim.o ABSOLUTE
    ..\\..\\Libraries\\STM32F4xx_StdPeriph_Driver\\src\\stm32f4xx_ltdc.c 0x00000000   Number         0  stm32f4xx_ltdc.o ABSOLUTE
    ..\\..\\Libraries\\STM32F4xx_StdPeriph_Driver\\src\\stm32f4xx_pwr.c 0x00000000   Number         0  stm32f4xx_pwr.o ABSOLUTE
    ..\\..\\Libraries\\STM32F4xx_StdPeriph_Driver\\src\\stm32f4xx_qspi.c 0x00000000   Number         0  stm32f4xx_qspi.o ABSOLUTE
    ..\\..\\Libraries\\STM32F4xx_StdPeriph_Driver\\src\\stm32f4xx_rcc.c 0x00000000   Number         0  stm32f4xx_rcc.o ABSOLUTE
    ..\\..\\Libraries\\STM32F4xx_StdPeriph_Driver\\src\\stm32f4xx_rng.c 0x00000000   Number         0  stm32f4xx_rng.o ABSOLUTE
    ..\\..\\Libraries\\STM32F4xx_StdPeriph_Driver\\src\\stm32f4xx_rtc.c 0x00000000   Number         0  stm32f4xx_rtc.o ABSOLUTE
    ..\\..\\Libraries\\STM32F4xx_StdPeriph_Driver\\src\\stm32f4xx_sai.c 0x00000000   Number         0  stm32f4xx_sai.o ABSOLUTE
    ..\\..\\Libraries\\STM32F4xx_StdPeriph_Driver\\src\\stm32f4xx_sdio.c 0x00000000   Number         0  stm32f4xx_sdio.o ABSOLUTE
    ..\\..\\Libraries\\STM32F4xx_StdPeriph_Driver\\src\\stm32f4xx_spdifrx.c 0x00000000   Number         0  stm32f4xx_spdifrx.o ABSOLUTE
    ..\\..\\Libraries\\STM32F4xx_StdPeriph_Driver\\src\\stm32f4xx_spi.c 0x00000000   Number         0  stm32f4xx_spi.o ABSOLUTE
    ..\\..\\Libraries\\STM32F4xx_StdPeriph_Driver\\src\\stm32f4xx_syscfg.c 0x00000000   Number         0  stm32f4xx_syscfg.o ABSOLUTE
    ..\\..\\Libraries\\STM32F4xx_StdPeriph_Driver\\src\\stm32f4xx_tim.c 0x00000000   Number         0  stm32f4xx_tim.o ABSOLUTE
    ..\\..\\Libraries\\STM32F4xx_StdPeriph_Driver\\src\\stm32f4xx_usart.c 0x00000000   Number         0  stm32f4xx_usart.o ABSOLUTE
    ..\\..\\Libraries\\STM32F4xx_StdPeriph_Driver\\src\\stm32f4xx_wwdg.c 0x00000000   Number         0  stm32f4xx_wwdg.o ABSOLUTE
    ..\\..\\Task\\Task_CAN.c                 0x00000000   Number         0  task_can.o ABSOLUTE
    ..\\..\\Task\\Task_Control.c             0x00000000   Number         0  task_control.o ABSOLUTE
    ..\\..\\Task\\Task_Init.c                0x00000000   Number         0  task_init.o ABSOLUTE
    ..\\..\\User\\main.c                     0x00000000   Number         0  main.o ABSOLUTE
    ..\\..\\User\\stm32f4xx_it.c             0x00000000   Number         0  stm32f4xx_it.o ABSOLUTE
    ..\\..\\User\\system_stm32f4xx.c         0x00000000   Number         0  system_stm32f4xx.o ABSOLUTE
    cdrcmple.s                               0x00000000   Number         0  cdrcmple.o ABSOLUTE
    dc.s                                     0x00000000   Number         0  dc.o ABSOLUTE
    handlers.s                               0x00000000   Number         0  handlers.o ABSOLUTE
    init.s                                   0x00000000   Number         0  init.o ABSOLUTE
    RESET                                    0x08000000   Section      428  startup_stm32f427_437xx.o(RESET)
    .ARM.Collect$$$$00000000                 0x080001ac   Section        0  entry.o(.ARM.Collect$$$$00000000)
    .ARM.Collect$$$$00000001                 0x080001ac   Section        4  entry2.o(.ARM.Collect$$$$00000001)
    .ARM.Collect$$$$00000004                 0x080001b0   Section        4  entry5.o(.ARM.Collect$$$$00000004)
    .ARM.Collect$$$$00000008                 0x080001b4   Section        0  entry7b.o(.ARM.Collect$$$$00000008)
    .ARM.Collect$$$$0000000A                 0x080001b4   Section        0  entry8b.o(.ARM.Collect$$$$0000000A)
    .ARM.Collect$$$$0000000B                 0x080001b4   Section        8  entry9a.o(.ARM.Collect$$$$0000000B)
    .ARM.Collect$$$$0000000D                 0x080001bc   Section        0  entry10a.o(.ARM.Collect$$$$0000000D)
    .ARM.Collect$$$$0000000F                 0x080001bc   Section        0  entry11a.o(.ARM.Collect$$$$0000000F)
    .ARM.Collect$$$$00002712                 0x080001bc   Section        4  entry2.o(.ARM.Collect$$$$00002712)
    __lit__00000000                          0x080001bc   Data           4  entry2.o(.ARM.Collect$$$$00002712)
    .emb_text                                0x080001c0   Section      182  port.o(.emb_text)
    $v0                                      0x080001c0   Number         0  port.o(.emb_text)
    .text                                    0x08000278   Section       36  startup_stm32f427_437xx.o(.text)
    $v0                                      0x08000278   Number         0  startup_stm32f427_437xx.o(.text)
    .text                                    0x0800029c   Section        0  memcpya.o(.text)
    .text                                    0x080002c0   Section        0  memseta.o(.text)
    .text                                    0x080002e4   Section        0  uidiv.o(.text)
    .text                                    0x08000310   Section       36  init.o(.text)
    .text                                    0x08000334   Section        0  iusesemip.o(.text)
    .text                                    0x08000334   Section        0  semi.o(.text)
    i.Analysis_getinfo                       0x08000334   Section        0  analysis.o(i.Analysis_getinfo)
    i.BusFault_Handler                       0x08000448   Section        0  stm32f4xx_it.o(i.BusFault_Handler)
    i.CAN1_QuickInit                         0x0800044c   Section        0  bsp_can.o(i.CAN1_QuickInit)
    i.CAN1_RX0_IRQHandler                    0x08000524   Section        0  stm32f4xx_it.o(i.CAN1_RX0_IRQHandler)
    i.CAN1_ReceiveTask                       0x08000580   Section        0  task_can.o(i.CAN1_ReceiveTask)
    i.CAN_ClearITPendingBit                  0x080005bc   Section        0  stm32f4xx_can.o(i.CAN_ClearITPendingBit)
    i.CAN_FilterInit                         0x08000634   Section        0  stm32f4xx_can.o(i.CAN_FilterInit)
    i.CAN_GetITStatus                        0x08000700   Section        0  stm32f4xx_can.o(i.CAN_GetITStatus)
    i.CAN_ITConfig                           0x080007a8   Section        0  stm32f4xx_can.o(i.CAN_ITConfig)
    i.CAN_Init                               0x080007b8   Section        0  stm32f4xx_can.o(i.CAN_Init)
    i.CAN_Receive                            0x080008a0   Section        0  stm32f4xx_can.o(i.CAN_Receive)
    i.CAN_TaskCreate                         0x08000930   Section        0  task_can.o(i.CAN_TaskCreate)
    i.CheckITStatus                          0x0800096c   Section        0  stm32f4xx_can.o(i.CheckITStatus)
    CheckITStatus                            0x0800096d   Thumb Code    12  stm32f4xx_can.o(i.CheckITStatus)
    i.Control_TaskCreate                     0x08000978   Section        0  task_control.o(i.Control_TaskCreate)
    i.DebugMon_Handler                       0x080009a8   Section        0  stm32f4xx_it.o(i.DebugMon_Handler)
    i.DeviceFlash                            0x080009ac   Section        0  device_flash.o(i.DeviceFlash)
    i.Devices_Task                           0x08000a30   Section        0  task_control.o(i.Devices_Task)
    i.GPIO_Init                              0x08000a46   Section        0  stm32f4xx_gpio.o(i.GPIO_Init)
    i.GPIO_PinAFConfig                       0x08000ae8   Section        0  stm32f4xx_gpio.o(i.GPIO_PinAFConfig)
    i.GPIO_ToggleBits                        0x08000b08   Section        0  stm32f4xx_gpio.o(i.GPIO_ToggleBits)
    i.GPIO_WriteBit                          0x08000b10   Section        0  stm32f4xx_gpio.o(i.GPIO_WriteBit)
    i.HardFault_Handler                      0x08000b1a   Section        0  stm32f4xx_it.o(i.HardFault_Handler)
    i.LED_Init                               0x08000b1c   Section        0  bsp_led.o(i.LED_Init)
    i.M2006_ZeroDealing_platform             0x08000cd4   Section        0  analysis.o(i.M2006_ZeroDealing_platform)
    i.M6623_ZeroDealing_platform             0x08000d14   Section        0  analysis.o(i.M6623_ZeroDealing_platform)
    i.MemManage_Handler                      0x08000d54   Section        0  stm32f4xx_it.o(i.MemManage_Handler)
    i.NMI_Handler                            0x08000d56   Section        0  stm32f4xx_it.o(i.NMI_Handler)
    i.NVIC_Config                            0x08000d58   Section        0  bsp_nvic.o(i.NVIC_Config)
    i.NVIC_Init                              0x08000d74   Section        0  misc.o(i.NVIC_Init)
    i.NVIC_PriorityGroupConfig               0x08000dd8   Section        0  misc.o(i.NVIC_PriorityGroupConfig)
    i.RCC_AHB1PeriphClockCmd                 0x08000dec   Section        0  stm32f4xx_rcc.o(i.RCC_AHB1PeriphClockCmd)
    i.RCC_APB1PeriphClockCmd                 0x08000e04   Section        0  stm32f4xx_rcc.o(i.RCC_APB1PeriphClockCmd)
    i.SetSysClock                            0x08000e1c   Section        0  system_stm32f4xx.o(i.SetSysClock)
    SetSysClock                              0x08000e1d   Thumb Code   190  system_stm32f4xx.o(i.SetSysClock)
    i.SysTick_Handler                        0x08000eec   Section        0  stm32f4xx_it.o(i.SysTick_Handler)
    i.SystemInit                             0x08000f00   Section        0  system_stm32f4xx.o(i.SystemInit)
    i.TIM6_DAC_IRQHandler                    0x08000f5c   Section        0  stm32f4xx_it.o(i.TIM6_DAC_IRQHandler)
    i.TaskStart                              0x08000f60   Section        0  task_init.o(i.TaskStart)
    i.USART1_IRQHandler                      0x08000f94   Section        0  stm32f4xx_it.o(i.USART1_IRQHandler)
    i.USART2_IRQHandler                      0x08000f96   Section        0  stm32f4xx_it.o(i.USART2_IRQHandler)
    i.USART3_IRQHandler                      0x08000f98   Section        0  stm32f4xx_it.o(i.USART3_IRQHandler)
    i.USART6_IRQHandler                      0x08000f9a   Section        0  stm32f4xx_it.o(i.USART6_IRQHandler)
    i.UsageFault_Handler                     0x08000f9c   Section        0  stm32f4xx_it.o(i.UsageFault_Handler)
    i.__0printf$3                            0x08000fa0   Section        0  printf3.o(i.__0printf$3)
    i.__scatterload_copy                     0x08000fc0   Section       14  handlers.o(i.__scatterload_copy)
    i.__scatterload_null                     0x08000fce   Section        2  handlers.o(i.__scatterload_null)
    i.__scatterload_zeroinit                 0x08000fd0   Section       14  handlers.o(i.__scatterload_zeroinit)
    i._printf_core                           0x08000fe0   Section        0  printf3.o(i._printf_core)
    _printf_core                             0x08000fe1   Thumb Code   436  printf3.o(i._printf_core)
    i.fputc                                  0x08001198   Section        0  fputc.o(i.fputc)
    i.main                                   0x080011ac   Section        0  main.o(i.main)
    i.prvAddCurrentTaskToDelayedList         0x080011e0   Section        0  tasks.o(i.prvAddCurrentTaskToDelayedList)
    prvAddCurrentTaskToDelayedList           0x080011e1   Thumb Code   102  tasks.o(i.prvAddCurrentTaskToDelayedList)
    i.prvAddNewTaskToReadyList               0x08001250   Section        0  tasks.o(i.prvAddNewTaskToReadyList)
    prvAddNewTaskToReadyList                 0x08001251   Thumb Code   192  tasks.o(i.prvAddNewTaskToReadyList)
    i.prvCheckForValidListAndQueue           0x08001320   Section        0  timers.o(i.prvCheckForValidListAndQueue)
    prvCheckForValidListAndQueue             0x08001321   Thumb Code    62  timers.o(i.prvCheckForValidListAndQueue)
    i.prvCheckTasksWaitingTermination        0x08001370   Section        0  tasks.o(i.prvCheckTasksWaitingTermination)
    prvCheckTasksWaitingTermination          0x08001371   Thumb Code    70  tasks.o(i.prvCheckTasksWaitingTermination)
    i.prvCopyDataFromQueue                   0x080013c0   Section        0  queue.o(i.prvCopyDataFromQueue)
    prvCopyDataFromQueue                     0x080013c1   Thumb Code    38  queue.o(i.prvCopyDataFromQueue)
    i.prvCopyDataToQueue                     0x080013e6   Section        0  queue.o(i.prvCopyDataToQueue)
    prvCopyDataToQueue                       0x080013e7   Thumb Code   108  queue.o(i.prvCopyDataToQueue)
    i.prvDeleteTCB                           0x08001452   Section        0  tasks.o(i.prvDeleteTCB)
    prvDeleteTCB                             0x08001453   Thumb Code    20  tasks.o(i.prvDeleteTCB)
    i.prvHeapInit                            0x08001468   Section        0  heap_4.o(i.prvHeapInit)
    prvHeapInit                              0x08001469   Thumb Code    66  heap_4.o(i.prvHeapInit)
    i.prvIdleTask                            0x080014b4   Section        0  tasks.o(i.prvIdleTask)
    prvIdleTask                              0x080014b5   Thumb Code    30  tasks.o(i.prvIdleTask)
    i.prvInitialiseNewTask                   0x080014dc   Section        0  tasks.o(i.prvInitialiseNewTask)
    prvInitialiseNewTask                     0x080014dd   Thumb Code   154  tasks.o(i.prvInitialiseNewTask)
    i.prvInsertBlockIntoFreeList             0x080015a0   Section        0  heap_4.o(i.prvInsertBlockIntoFreeList)
    prvInsertBlockIntoFreeList               0x080015a1   Thumb Code    72  heap_4.o(i.prvInsertBlockIntoFreeList)
    i.prvInsertTimerInActiveList             0x080015ec   Section        0  timers.o(i.prvInsertTimerInActiveList)
    prvInsertTimerInActiveList               0x080015ed   Thumb Code    52  timers.o(i.prvInsertTimerInActiveList)
    i.prvIsQueueEmpty                        0x08001624   Section        0  queue.o(i.prvIsQueueEmpty)
    prvIsQueueEmpty                          0x08001625   Thumb Code    28  queue.o(i.prvIsQueueEmpty)
    i.prvNotifyQueueSetContainer             0x08001640   Section        0  queue.o(i.prvNotifyQueueSetContainer)
    prvNotifyQueueSetContainer               0x08001641   Thumb Code   108  queue.o(i.prvNotifyQueueSetContainer)
    i.prvProcessExpiredTimer                 0x080016d4   Section        0  timers.o(i.prvProcessExpiredTimer)
    prvProcessExpiredTimer                   0x080016d5   Thumb Code    86  timers.o(i.prvProcessExpiredTimer)
    i.prvProcessReceivedCommands             0x08001734   Section        0  timers.o(i.prvProcessReceivedCommands)
    prvProcessReceivedCommands               0x08001735   Thumb Code   196  timers.o(i.prvProcessReceivedCommands)
    i.prvProcessTimerOrBlockTask             0x08001824   Section        0  timers.o(i.prvProcessTimerOrBlockTask)
    prvProcessTimerOrBlockTask               0x08001825   Thumb Code    98  timers.o(i.prvProcessTimerOrBlockTask)
    i.prvResetNextTaskUnblockTime            0x08001890   Section        0  tasks.o(i.prvResetNextTaskUnblockTime)
    prvResetNextTaskUnblockTime              0x08001891   Thumb Code    26  tasks.o(i.prvResetNextTaskUnblockTime)
    i.prvSampleTimeNow                       0x080018b0   Section        0  timers.o(i.prvSampleTimeNow)
    prvSampleTimeNow                         0x080018b1   Thumb Code    36  timers.o(i.prvSampleTimeNow)
    i.prvSwitchTimerLists                    0x080018d8   Section        0  timers.o(i.prvSwitchTimerLists)
    prvSwitchTimerLists                      0x080018d9   Thumb Code   100  timers.o(i.prvSwitchTimerLists)
    i.prvTaskExitError                       0x08001944   Section        0  port.o(i.prvTaskExitError)
    prvTaskExitError                         0x08001945   Thumb Code    36  port.o(i.prvTaskExitError)
    i.prvTimerTask                           0x080019ac   Section        0  timers.o(i.prvTimerTask)
    prvTimerTask                             0x080019ad   Thumb Code    32  timers.o(i.prvTimerTask)
    i.prvUnlockQueue                         0x080019d0   Section        0  queue.o(i.prvUnlockQueue)
    prvUnlockQueue                           0x080019d1   Thumb Code   120  queue.o(i.prvUnlockQueue)
    i.pvPortMalloc                           0x08001a48   Section        0  heap_4.o(i.pvPortMalloc)
    i.pvTaskIncrementMutexHeldCount          0x08001b60   Section        0  tasks.o(i.pvTaskIncrementMutexHeldCount)
    i.pxPortInitialiseStack                  0x08001b78   Section        0  port.o(i.pxPortInitialiseStack)
    i.uxListRemove                           0x08001ba4   Section        0  list.o(i.uxListRemove)
    i.vListInitialise                        0x08001bc8   Section        0  list.o(i.vListInitialise)
    i.vListInitialiseItem                    0x08001bde   Section        0  list.o(i.vListInitialiseItem)
    i.vListInsert                            0x08001be4   Section        0  list.o(i.vListInsert)
    i.vListInsertEnd                         0x08001c14   Section        0  list.o(i.vListInsertEnd)
    i.vPortEnterCritical                     0x08001c2c   Section        0  port.o(i.vPortEnterCritical)
    i.vPortExitCritical                      0x08001ca8   Section        0  port.o(i.vPortExitCritical)
    i.vPortFree                              0x08001d10   Section        0  heap_4.o(i.vPortFree)
    i.vPortSetupTimerInterrupt               0x08001db0   Section        0  port.o(i.vPortSetupTimerInterrupt)
    i.vPortValidateInterruptPriority         0x08001dd0   Section        0  port.o(i.vPortValidateInterruptPriority)
    i.vQueueAddToRegistry                    0x08001e60   Section        0  queue.o(i.vQueueAddToRegistry)
    i.vQueueWaitForMessageRestricted         0x08001e88   Section        0  queue.o(i.vQueueWaitForMessageRestricted)
    i.vTaskDelayUntil                        0x08001ecc   Section        0  tasks.o(i.vTaskDelayUntil)
    i.vTaskDelete                            0x08001f74   Section        0  tasks.o(i.vTaskDelete)
    i.vTaskMissedYield                       0x08002044   Section        0  tasks.o(i.vTaskMissedYield)
    i.vTaskPlaceOnEventList                  0x08002050   Section        0  tasks.o(i.vTaskPlaceOnEventList)
    i.vTaskPlaceOnEventListRestricted        0x080020a8   Section        0  tasks.o(i.vTaskPlaceOnEventListRestricted)
    i.vTaskPriorityInherit                   0x08002108   Section        0  tasks.o(i.vTaskPriorityInherit)
    i.vTaskSetTimeOutState                   0x0800218c   Section        0  tasks.o(i.vTaskSetTimeOutState)
    i.vTaskStartScheduler                    0x080021d8   Section        0  tasks.o(i.vTaskStartScheduler)
    i.vTaskSuspendAll                        0x08002270   Section        0  tasks.o(i.vTaskSuspendAll)
    i.vTaskSwitchContext                     0x08002280   Section        0  tasks.o(i.vTaskSwitchContext)
    i.xPortStartScheduler                    0x08002300   Section        0  port.o(i.xPortStartScheduler)
    i.xPortSysTickHandler                    0x08002414   Section        0  port.o(i.xPortSysTickHandler)
    i.xQueueGenericCreate                    0x08002440   Section        0  queue.o(i.xQueueGenericCreate)
    i.xQueueGenericReceive                   0x080024bc   Section        0  queue.o(i.xQueueGenericReceive)
    i.xQueueGenericReset                     0x08002644   Section        0  queue.o(i.xQueueGenericReset)
    i.xQueueGenericSend                      0x080026f0   Section        0  queue.o(i.xQueueGenericSend)
    i.xQueueGenericSendFromISR               0x08002874   Section        0  queue.o(i.xQueueGenericSendFromISR)
    i.xTaskCheckForTimeOut                   0x0800295c   Section        0  tasks.o(i.xTaskCheckForTimeOut)
    i.xTaskCreate                            0x080029e8   Section        0  tasks.o(i.xTaskCreate)
    i.xTaskGetSchedulerState                 0x08002a40   Section        0  tasks.o(i.xTaskGetSchedulerState)
    i.xTaskGetTickCount                      0x08002a5c   Section        0  tasks.o(i.xTaskGetTickCount)
    i.xTaskIncrementTick                     0x08002a68   Section        0  tasks.o(i.xTaskIncrementTick)
    i.xTaskPriorityDisinherit                0x08002b54   Section        0  tasks.o(i.xTaskPriorityDisinherit)
    i.xTaskRemoveFromEventList               0x08002c0c   Section        0  tasks.o(i.xTaskRemoveFromEventList)
    i.xTaskResumeAll                         0x08002ca8   Section        0  tasks.o(i.xTaskResumeAll)
    i.xTimerCreate                           0x08002d94   Section        0  timers.o(i.xTimerCreate)
    i.xTimerCreateTimerTask                  0x08002e08   Section        0  timers.o(i.xTimerCreateTimerTask)
    i.xTimerGenericCommand                   0x08002e7c   Section        0  timers.o(i.xTimerGenericCommand)
    .data                                    0x20000000   Section        4  task_init.o(.data)
    .data                                    0x20000004   Section        8  task_can.o(.data)
    CAN_ReceiveHandler                       0x20000004   Data           4  task_can.o(.data)
    .data                                    0x2000000c   Section        4  task_control.o(.data)
    Device_FlashHandler                      0x2000000c   Data           4  task_control.o(.data)
    .data                                    0x20000010   Section       60  tasks.o(.data)
    uxDeletedTasksWaitingCleanUp             0x20000014   Data           4  tasks.o(.data)
    uxCurrentNumberOfTasks                   0x20000018   Data           4  tasks.o(.data)
    xTickCount                               0x2000001c   Data           4  tasks.o(.data)
    uxTopReadyPriority                       0x20000020   Data           4  tasks.o(.data)
    xSchedulerRunning                        0x20000024   Data           4  tasks.o(.data)
    uxPendedTicks                            0x20000028   Data           4  tasks.o(.data)
    xYieldPending                            0x2000002c   Data           4  tasks.o(.data)
    xNumOfOverflows                          0x20000030   Data           4  tasks.o(.data)
    uxTaskNumber                             0x20000034   Data           4  tasks.o(.data)
    xNextTaskUnblockTime                     0x20000038   Data           4  tasks.o(.data)
    xIdleTaskHandle                          0x2000003c   Data           4  tasks.o(.data)
    uxSchedulerSuspended                     0x20000040   Data           4  tasks.o(.data)
    pxDelayedTaskList                        0x20000044   Data           4  tasks.o(.data)
    pxOverflowDelayedTaskList                0x20000048   Data           4  tasks.o(.data)
    .data                                    0x2000004c   Section       20  timers.o(.data)
    xTimerQueue                              0x2000004c   Data           4  timers.o(.data)
    xTimerTaskHandle                         0x20000050   Data           4  timers.o(.data)
    xLastTime                                0x20000054   Data           4  timers.o(.data)
    pxCurrentTimerList                       0x20000058   Data           4  timers.o(.data)
    pxOverflowTimerList                      0x2000005c   Data           4  timers.o(.data)
    .data                                    0x20000060   Section       24  heap_4.o(.data)
    pxEnd                                    0x20000060   Data           4  heap_4.o(.data)
    xFreeBytesRemaining                      0x20000064   Data           4  heap_4.o(.data)
    xMinimumEverFreeBytesRemaining           0x20000068   Data           4  heap_4.o(.data)
    xBlockAllocatedBit                       0x2000006c   Data           4  heap_4.o(.data)
    xStart                                   0x20000070   Data           8  heap_4.o(.data)
    .data                                    0x20000078   Section       12  port.o(.data)
    ucMaxSysCallPriority                     0x20000078   Data           1  port.o(.data)
    uxCriticalNesting                        0x2000007c   Data           4  port.o(.data)
    ulMaxPRIGROUPValue                       0x20000080   Data           4  port.o(.data)
    .data                                    0x20000084   Section       20  system_stm32f4xx.o(.data)
    .data                                    0x20000098   Section        4  stdout.o(.data)
    .bss                                     0x2000009c   Section      668  analysis.o(.bss)
    .bss                                     0x20000338   Section       64  queue.o(.bss)
    .bss                                     0x20000378   Section      740  tasks.o(.bss)
    pxReadyTasksLists                        0x20000378   Data         640  tasks.o(.bss)
    xDelayedTaskList1                        0x200005f8   Data          20  tasks.o(.bss)
    xDelayedTaskList2                        0x2000060c   Data          20  tasks.o(.bss)
    xPendingReadyList                        0x20000620   Data          20  tasks.o(.bss)
    xTasksWaitingTermination                 0x20000634   Data          20  tasks.o(.bss)
    xSuspendedTaskList                       0x20000648   Data          20  tasks.o(.bss)
    .bss                                     0x2000065c   Section       40  timers.o(.bss)
    xActiveTimerList1                        0x2000065c   Data          20  timers.o(.bss)
    xActiveTimerList2                        0x20000670   Data          20  timers.o(.bss)
    .bss                                     0x20000684   Section    47104  heap_4.o(.bss)
    ucHeap                                   0x20000684   Data       47104  heap_4.o(.bss)
    STACK                                    0x2000be88   Section     1024  startup_stm32f427_437xx.o(STACK)

    Global Symbols

    Symbol Name                              Value     Ov Type        Size  Object(Section)

    BuildAttributes$$THM_ISAv4$E$P$D$K$B$S$7EM$VFPi3$EXTD16$VFPS$VFMA$PE$A:L22UL41UL21$X:L11$S22US41US21$IEEE1$IW$USESV6$~STKCKD$USESV7$~SHL$OSPACE$ROPI$EBA8$MICROLIB$REQ8$PRES8$EABIv2 0x00000000   Number         0  anon$$obj.o ABSOLUTE
    __ARM_use_no_argv                        0x00000000   Number         0  main.o ABSOLUTE
    _printf_a                                0x00000000   Number         0  stubs.o ABSOLUTE
    _printf_c                                0x00000000   Number         0  stubs.o ABSOLUTE
    _printf_charcount                        0x00000000   Number         0  stubs.o ABSOLUTE
    _printf_d                                0x00000000   Number         0  stubs.o ABSOLUTE
    _printf_e                                0x00000000   Number         0  stubs.o ABSOLUTE
    _printf_f                                0x00000000   Number         0  stubs.o ABSOLUTE
    _printf_flags                            0x00000000   Number         0  stubs.o ABSOLUTE
    _printf_fp_dec                           0x00000000   Number         0  stubs.o ABSOLUTE
    _printf_fp_hex                           0x00000000   Number         0  stubs.o ABSOLUTE
    _printf_g                                0x00000000   Number         0  stubs.o ABSOLUTE
    _printf_i                                0x00000000   Number         0  stubs.o ABSOLUTE
    _printf_int_dec                          0x00000000   Number         0  stubs.o ABSOLUTE
    _printf_l                                0x00000000   Number         0  stubs.o ABSOLUTE
    _printf_lc                               0x00000000   Number         0  stubs.o ABSOLUTE
    _printf_ll                               0x00000000   Number         0  stubs.o ABSOLUTE
    _printf_lld                              0x00000000   Number         0  stubs.o ABSOLUTE
    _printf_lli                              0x00000000   Number         0  stubs.o ABSOLUTE
    _printf_llo                              0x00000000   Number         0  stubs.o ABSOLUTE
    _printf_llu                              0x00000000   Number         0  stubs.o ABSOLUTE
    _printf_llx                              0x00000000   Number         0  stubs.o ABSOLUTE
    _printf_longlong_dec                     0x00000000   Number         0  stubs.o ABSOLUTE
    _printf_longlong_hex                     0x00000000   Number         0  stubs.o ABSOLUTE
    _printf_longlong_oct                     0x00000000   Number         0  stubs.o ABSOLUTE
    _printf_ls                               0x00000000   Number         0  stubs.o ABSOLUTE
    _printf_mbtowc                           0x00000000   Number         0  stubs.o ABSOLUTE
    _printf_n                                0x00000000   Number         0  stubs.o ABSOLUTE
    _printf_o                                0x00000000   Number         0  stubs.o ABSOLUTE
    _printf_p                                0x00000000   Number         0  stubs.o ABSOLUTE
    _printf_percent                          0x00000000   Number         0  stubs.o ABSOLUTE
    _printf_pre_padding                      0x00000000   Number         0  stubs.o ABSOLUTE
    _printf_return_value                     0x00000000   Number         0  stubs.o ABSOLUTE
    _printf_s                                0x00000000   Number         0  stubs.o ABSOLUTE
    _printf_sizespec                         0x00000000   Number         0  stubs.o ABSOLUTE
    _printf_str                              0x00000000   Number         0  stubs.o ABSOLUTE
    _printf_truncate_signed                  0x00000000   Number         0  stubs.o ABSOLUTE
    _printf_truncate_unsigned                0x00000000   Number         0  stubs.o ABSOLUTE
    _printf_u                                0x00000000   Number         0  stubs.o ABSOLUTE
    _printf_wc                               0x00000000   Number         0  stubs.o ABSOLUTE
    _printf_wctomb                           0x00000000   Number         0  stubs.o ABSOLUTE
    _printf_widthprec                        0x00000000   Number         0  stubs.o ABSOLUTE
    _printf_x                                0x00000000   Number         0  stubs.o ABSOLUTE
    __cpp_initialize__aeabi_                  - Undefined Weak Reference
    __cxa_finalize                            - Undefined Weak Reference
    __decompress                              - Undefined Weak Reference
    _clock_init                               - Undefined Weak Reference
    _microlib_exit                            - Undefined Weak Reference
    __Vectors_Size                           0x000001ac   Number         0  startup_stm32f427_437xx.o ABSOLUTE
    __Vectors                                0x08000000   Data           4  startup_stm32f427_437xx.o(RESET)
    __Vectors_End                            0x080001ac   Data           0  startup_stm32f427_437xx.o(RESET)
    __main                                   0x080001ad   Thumb Code     0  entry.o(.ARM.Collect$$$$00000000)
    _main_stk                                0x080001ad   Thumb Code     0  entry2.o(.ARM.Collect$$$$00000001)
    _main_scatterload                        0x080001b1   Thumb Code     0  entry5.o(.ARM.Collect$$$$00000004)
    __main_after_scatterload                 0x080001b5   Thumb Code     0  entry5.o(.ARM.Collect$$$$00000004)
    _main_clock                              0x080001b5   Thumb Code     0  entry7b.o(.ARM.Collect$$$$00000008)
    _main_cpp_init                           0x080001b5   Thumb Code     0  entry8b.o(.ARM.Collect$$$$0000000A)
    _main_init                               0x080001b5   Thumb Code     0  entry9a.o(.ARM.Collect$$$$0000000B)
    __rt_final_cpp                           0x080001bd   Thumb Code     0  entry10a.o(.ARM.Collect$$$$0000000D)
    __rt_final_exit                          0x080001bd   Thumb Code     0  entry11a.o(.ARM.Collect$$$$0000000F)
    SVC_Handler                              0x080001c1   Thumb Code    28  port.o(.emb_text)
    __asm___6_port_c_39a90d8d__prvStartFirstTask 0x080001e1   Thumb Code    28  port.o(.emb_text)
    __asm___6_port_c_39a90d8d__prvEnableVFP  0x08000201   Thumb Code    16  port.o(.emb_text)
    PendSV_Handler                           0x08000215   Thumb Code    88  port.o(.emb_text)
    vPortGetIPSR                             0x08000271   Thumb Code     6  port.o(.emb_text)
    Reset_Handler                            0x08000279   Thumb Code     8  startup_stm32f427_437xx.o(.text)
    ADC_IRQHandler                           0x08000293   Thumb Code     0  startup_stm32f427_437xx.o(.text)
    CAN1_RX1_IRQHandler                      0x08000293   Thumb Code     0  startup_stm32f427_437xx.o(.text)
    CAN1_SCE_IRQHandler                      0x08000293   Thumb Code     0  startup_stm32f427_437xx.o(.text)
    CAN1_TX_IRQHandler                       0x08000293   Thumb Code     0  startup_stm32f427_437xx.o(.text)
    CAN2_RX0_IRQHandler                      0x08000293   Thumb Code     0  startup_stm32f427_437xx.o(.text)
    CAN2_RX1_IRQHandler                      0x08000293   Thumb Code     0  startup_stm32f427_437xx.o(.text)
    CAN2_SCE_IRQHandler                      0x08000293   Thumb Code     0  startup_stm32f427_437xx.o(.text)
    CAN2_TX_IRQHandler                       0x08000293   Thumb Code     0  startup_stm32f427_437xx.o(.text)
    CRYP_IRQHandler                          0x08000293   Thumb Code     0  startup_stm32f427_437xx.o(.text)
    DCMI_IRQHandler                          0x08000293   Thumb Code     0  startup_stm32f427_437xx.o(.text)
    DMA1_Stream0_IRQHandler                  0x08000293   Thumb Code     0  startup_stm32f427_437xx.o(.text)
    DMA1_Stream1_IRQHandler                  0x08000293   Thumb Code     0  startup_stm32f427_437xx.o(.text)
    DMA1_Stream2_IRQHandler                  0x08000293   Thumb Code     0  startup_stm32f427_437xx.o(.text)
    DMA1_Stream3_IRQHandler                  0x08000293   Thumb Code     0  startup_stm32f427_437xx.o(.text)
    DMA1_Stream4_IRQHandler                  0x08000293   Thumb Code     0  startup_stm32f427_437xx.o(.text)
    DMA1_Stream5_IRQHandler                  0x08000293   Thumb Code     0  startup_stm32f427_437xx.o(.text)
    DMA1_Stream6_IRQHandler                  0x08000293   Thumb Code     0  startup_stm32f427_437xx.o(.text)
    DMA1_Stream7_IRQHandler                  0x08000293   Thumb Code     0  startup_stm32f427_437xx.o(.text)
    DMA2D_IRQHandler                         0x08000293   Thumb Code     0  startup_stm32f427_437xx.o(.text)
    DMA2_Stream0_IRQHandler                  0x08000293   Thumb Code     0  startup_stm32f427_437xx.o(.text)
    DMA2_Stream1_IRQHandler                  0x08000293   Thumb Code     0  startup_stm32f427_437xx.o(.text)
    DMA2_Stream2_IRQHandler                  0x08000293   Thumb Code     0  startup_stm32f427_437xx.o(.text)
    DMA2_Stream3_IRQHandler                  0x08000293   Thumb Code     0  startup_stm32f427_437xx.o(.text)
    DMA2_Stream4_IRQHandler                  0x08000293   Thumb Code     0  startup_stm32f427_437xx.o(.text)
    DMA2_Stream5_IRQHandler                  0x08000293   Thumb Code     0  startup_stm32f427_437xx.o(.text)
    DMA2_Stream6_IRQHandler                  0x08000293   Thumb Code     0  startup_stm32f427_437xx.o(.text)
    DMA2_Stream7_IRQHandler                  0x08000293   Thumb Code     0  startup_stm32f427_437xx.o(.text)
    ETH_IRQHandler                           0x08000293   Thumb Code     0  startup_stm32f427_437xx.o(.text)
    ETH_WKUP_IRQHandler                      0x08000293   Thumb Code     0  startup_stm32f427_437xx.o(.text)
    EXTI0_IRQHandler                         0x08000293   Thumb Code     0  startup_stm32f427_437xx.o(.text)
    EXTI15_10_IRQHandler                     0x08000293   Thumb Code     0  startup_stm32f427_437xx.o(.text)
    EXTI1_IRQHandler                         0x08000293   Thumb Code     0  startup_stm32f427_437xx.o(.text)
    EXTI2_IRQHandler                         0x08000293   Thumb Code     0  startup_stm32f427_437xx.o(.text)
    EXTI3_IRQHandler                         0x08000293   Thumb Code     0  startup_stm32f427_437xx.o(.text)
    EXTI4_IRQHandler                         0x08000293   Thumb Code     0  startup_stm32f427_437xx.o(.text)
    EXTI9_5_IRQHandler                       0x08000293   Thumb Code     0  startup_stm32f427_437xx.o(.text)
    FLASH_IRQHandler                         0x08000293   Thumb Code     0  startup_stm32f427_437xx.o(.text)
    FMC_IRQHandler                           0x08000293   Thumb Code     0  startup_stm32f427_437xx.o(.text)
    FPU_IRQHandler                           0x08000293   Thumb Code     0  startup_stm32f427_437xx.o(.text)
    HASH_RNG_IRQHandler                      0x08000293   Thumb Code     0  startup_stm32f427_437xx.o(.text)
    I2C1_ER_IRQHandler                       0x08000293   Thumb Code     0  startup_stm32f427_437xx.o(.text)
    I2C1_EV_IRQHandler                       0x08000293   Thumb Code     0  startup_stm32f427_437xx.o(.text)
    I2C2_ER_IRQHandler                       0x08000293   Thumb Code     0  startup_stm32f427_437xx.o(.text)
    I2C2_EV_IRQHandler                       0x08000293   Thumb Code     0  startup_stm32f427_437xx.o(.text)
    I2C3_ER_IRQHandler                       0x08000293   Thumb Code     0  startup_stm32f427_437xx.o(.text)
    I2C3_EV_IRQHandler                       0x08000293   Thumb Code     0  startup_stm32f427_437xx.o(.text)
    OTG_FS_IRQHandler                        0x08000293   Thumb Code     0  startup_stm32f427_437xx.o(.text)
    OTG_FS_WKUP_IRQHandler                   0x08000293   Thumb Code     0  startup_stm32f427_437xx.o(.text)
    OTG_HS_EP1_IN_IRQHandler                 0x08000293   Thumb Code     0  startup_stm32f427_437xx.o(.text)
    OTG_HS_EP1_OUT_IRQHandler                0x08000293   Thumb Code     0  startup_stm32f427_437xx.o(.text)
    OTG_HS_IRQHandler                        0x08000293   Thumb Code     0  startup_stm32f427_437xx.o(.text)
    OTG_HS_WKUP_IRQHandler                   0x08000293   Thumb Code     0  startup_stm32f427_437xx.o(.text)
    PVD_IRQHandler                           0x08000293   Thumb Code     0  startup_stm32f427_437xx.o(.text)
    RCC_IRQHandler                           0x08000293   Thumb Code     0  startup_stm32f427_437xx.o(.text)
    RTC_Alarm_IRQHandler                     0x08000293   Thumb Code     0  startup_stm32f427_437xx.o(.text)
    RTC_WKUP_IRQHandler                      0x08000293   Thumb Code     0  startup_stm32f427_437xx.o(.text)
    SAI1_IRQHandler                          0x08000293   Thumb Code     0  startup_stm32f427_437xx.o(.text)
    SDIO_IRQHandler                          0x08000293   Thumb Code     0  startup_stm32f427_437xx.o(.text)
    SPI1_IRQHandler                          0x08000293   Thumb Code     0  startup_stm32f427_437xx.o(.text)
    SPI2_IRQHandler                          0x08000293   Thumb Code     0  startup_stm32f427_437xx.o(.text)
    SPI3_IRQHandler                          0x08000293   Thumb Code     0  startup_stm32f427_437xx.o(.text)
    SPI4_IRQHandler                          0x08000293   Thumb Code     0  startup_stm32f427_437xx.o(.text)
    SPI5_IRQHandler                          0x08000293   Thumb Code     0  startup_stm32f427_437xx.o(.text)
    SPI6_IRQHandler                          0x08000293   Thumb Code     0  startup_stm32f427_437xx.o(.text)
    TAMP_STAMP_IRQHandler                    0x08000293   Thumb Code     0  startup_stm32f427_437xx.o(.text)
    TIM1_BRK_TIM9_IRQHandler                 0x08000293   Thumb Code     0  startup_stm32f427_437xx.o(.text)
    TIM1_CC_IRQHandler                       0x08000293   Thumb Code     0  startup_stm32f427_437xx.o(.text)
    TIM1_TRG_COM_TIM11_IRQHandler            0x08000293   Thumb Code     0  startup_stm32f427_437xx.o(.text)
    TIM1_UP_TIM10_IRQHandler                 0x08000293   Thumb Code     0  startup_stm32f427_437xx.o(.text)
    TIM2_IRQHandler                          0x08000293   Thumb Code     0  startup_stm32f427_437xx.o(.text)
    TIM3_IRQHandler                          0x08000293   Thumb Code     0  startup_stm32f427_437xx.o(.text)
    TIM4_IRQHandler                          0x08000293   Thumb Code     0  startup_stm32f427_437xx.o(.text)
    TIM5_IRQHandler                          0x08000293   Thumb Code     0  startup_stm32f427_437xx.o(.text)
    TIM7_IRQHandler                          0x08000293   Thumb Code     0  startup_stm32f427_437xx.o(.text)
    TIM8_BRK_TIM12_IRQHandler                0x08000293   Thumb Code     0  startup_stm32f427_437xx.o(.text)
    TIM8_CC_IRQHandler                       0x08000293   Thumb Code     0  startup_stm32f427_437xx.o(.text)
    TIM8_TRG_COM_TIM14_IRQHandler            0x08000293   Thumb Code     0  startup_stm32f427_437xx.o(.text)
    TIM8_UP_TIM13_IRQHandler                 0x08000293   Thumb Code     0  startup_stm32f427_437xx.o(.text)
    UART4_IRQHandler                         0x08000293   Thumb Code     0  startup_stm32f427_437xx.o(.text)
    UART5_IRQHandler                         0x08000293   Thumb Code     0  startup_stm32f427_437xx.o(.text)
    UART7_IRQHandler                         0x08000293   Thumb Code     0  startup_stm32f427_437xx.o(.text)
    UART8_IRQHandler                         0x08000293   Thumb Code     0  startup_stm32f427_437xx.o(.text)
    WWDG_IRQHandler                          0x08000293   Thumb Code     0  startup_stm32f427_437xx.o(.text)
    __aeabi_memcpy                           0x0800029d   Thumb Code    36  memcpya.o(.text)
    __aeabi_memcpy4                          0x0800029d   Thumb Code     0  memcpya.o(.text)
    __aeabi_memcpy8                          0x0800029d   Thumb Code     0  memcpya.o(.text)
    __aeabi_memset                           0x080002c1   Thumb Code    14  memseta.o(.text)
    __aeabi_memset4                          0x080002c1   Thumb Code     0  memseta.o(.text)
    __aeabi_memset8                          0x080002c1   Thumb Code     0  memseta.o(.text)
    __aeabi_memclr                           0x080002cf   Thumb Code     4  memseta.o(.text)
    __aeabi_memclr4                          0x080002cf   Thumb Code     0  memseta.o(.text)
    __aeabi_memclr8                          0x080002cf   Thumb Code     0  memseta.o(.text)
    _memset$wrapper                          0x080002d3   Thumb Code    18  memseta.o(.text)
    __aeabi_uidiv                            0x080002e5   Thumb Code     0  uidiv.o(.text)
    __aeabi_uidivmod                         0x080002e5   Thumb Code    44  uidiv.o(.text)
    __scatterload                            0x08000311   Thumb Code    28  init.o(.text)
    __scatterload_rt2                        0x08000311   Thumb Code     0  init.o(.text)
    Analysis_getinfo                         0x08000335   Thumb Code   268  analysis.o(i.Analysis_getinfo)
    __I$use$semihosting$fputc                0x08000335   Thumb Code     0  iusesemip.o(.text)
    __semihosting_library_function           0x08000335   Thumb Code     0  semi.o(.text)
    BusFault_Handler                         0x08000449   Thumb Code     2  stm32f4xx_it.o(i.BusFault_Handler)
    CAN1_QuickInit                           0x0800044d   Thumb Code   208  bsp_can.o(i.CAN1_QuickInit)
    CAN1_RX0_IRQHandler                      0x08000525   Thumb Code    78  stm32f4xx_it.o(i.CAN1_RX0_IRQHandler)
    CAN1_ReceiveTask                         0x08000581   Thumb Code    52  task_can.o(i.CAN1_ReceiveTask)
    CAN_ClearITPendingBit                    0x080005bd   Thumb Code   116  stm32f4xx_can.o(i.CAN_ClearITPendingBit)
    CAN_FilterInit                           0x08000635   Thumb Code   194  stm32f4xx_can.o(i.CAN_FilterInit)
    CAN_GetITStatus                          0x08000701   Thumb Code   162  stm32f4xx_can.o(i.CAN_GetITStatus)
    CAN_ITConfig                             0x080007a9   Thumb Code    16  stm32f4xx_can.o(i.CAN_ITConfig)
    CAN_Init                                 0x080007b9   Thumb Code   232  stm32f4xx_can.o(i.CAN_Init)
    CAN_Receive                              0x080008a1   Thumb Code   144  stm32f4xx_can.o(i.CAN_Receive)
    CAN_TaskCreate                           0x08000931   Thumb Code    36  task_can.o(i.CAN_TaskCreate)
    Control_TaskCreate                       0x08000979   Thumb Code    24  task_control.o(i.Control_TaskCreate)
    DebugMon_Handler                         0x080009a9   Thumb Code     2  stm32f4xx_it.o(i.DebugMon_Handler)
    DeviceFlash                              0x080009ad   Thumb Code   118  device_flash.o(i.DeviceFlash)
    Devices_Task                             0x08000a31   Thumb Code    22  task_control.o(i.Devices_Task)
    GPIO_Init                                0x08000a47   Thumb Code   162  stm32f4xx_gpio.o(i.GPIO_Init)
    GPIO_PinAFConfig                         0x08000ae9   Thumb Code    32  stm32f4xx_gpio.o(i.GPIO_PinAFConfig)
    GPIO_ToggleBits                          0x08000b09   Thumb Code     8  stm32f4xx_gpio.o(i.GPIO_ToggleBits)
    GPIO_WriteBit                            0x08000b11   Thumb Code    10  stm32f4xx_gpio.o(i.GPIO_WriteBit)
    HardFault_Handler                        0x08000b1b   Thumb Code     2  stm32f4xx_it.o(i.HardFault_Handler)
    LED_Init                                 0x08000b1d   Thumb Code   426  bsp_led.o(i.LED_Init)
    M2006_ZeroDealing_platform               0x08000cd5   Thumb Code    56  analysis.o(i.M2006_ZeroDealing_platform)
    M6623_ZeroDealing_platform               0x08000d15   Thumb Code    56  analysis.o(i.M6623_ZeroDealing_platform)
    MemManage_Handler                        0x08000d55   Thumb Code     2  stm32f4xx_it.o(i.MemManage_Handler)
    NMI_Handler                              0x08000d57   Thumb Code     2  stm32f4xx_it.o(i.NMI_Handler)
    NVIC_Config                              0x08000d59   Thumb Code    28  bsp_nvic.o(i.NVIC_Config)
    NVIC_Init                                0x08000d75   Thumb Code    96  misc.o(i.NVIC_Init)
    NVIC_PriorityGroupConfig                 0x08000dd9   Thumb Code    10  misc.o(i.NVIC_PriorityGroupConfig)
    RCC_AHB1PeriphClockCmd                   0x08000ded   Thumb Code    18  stm32f4xx_rcc.o(i.RCC_AHB1PeriphClockCmd)
    RCC_APB1PeriphClockCmd                   0x08000e05   Thumb Code    18  stm32f4xx_rcc.o(i.RCC_APB1PeriphClockCmd)
    SysTick_Handler                          0x08000eed   Thumb Code    20  stm32f4xx_it.o(i.SysTick_Handler)
    SystemInit                               0x08000f01   Thumb Code    74  system_stm32f4xx.o(i.SystemInit)
    TIM6_DAC_IRQHandler                      0x08000f5d   Thumb Code     2  stm32f4xx_it.o(i.TIM6_DAC_IRQHandler)
    TaskStart                                0x08000f61   Thumb Code    46  task_init.o(i.TaskStart)
    USART1_IRQHandler                        0x08000f95   Thumb Code     2  stm32f4xx_it.o(i.USART1_IRQHandler)
    USART2_IRQHandler                        0x08000f97   Thumb Code     2  stm32f4xx_it.o(i.USART2_IRQHandler)
    USART3_IRQHandler                        0x08000f99   Thumb Code     2  stm32f4xx_it.o(i.USART3_IRQHandler)
    USART6_IRQHandler                        0x08000f9b   Thumb Code     2  stm32f4xx_it.o(i.USART6_IRQHandler)
    UsageFault_Handler                       0x08000f9d   Thumb Code     2  stm32f4xx_it.o(i.UsageFault_Handler)
    __0printf$3                              0x08000fa1   Thumb Code    22  printf3.o(i.__0printf$3)
    __1printf$3                              0x08000fa1   Thumb Code     0  printf3.o(i.__0printf$3)
    __2printf                                0x08000fa1   Thumb Code     0  printf3.o(i.__0printf$3)
    __scatterload_copy                       0x08000fc1   Thumb Code    14  handlers.o(i.__scatterload_copy)
    __scatterload_null                       0x08000fcf   Thumb Code     2  handlers.o(i.__scatterload_null)
    __scatterload_zeroinit                   0x08000fd1   Thumb Code    14  handlers.o(i.__scatterload_zeroinit)
    fputc                                    0x08001199   Thumb Code    18  fputc.o(i.fputc)
    main                                     0x080011ad   Thumb Code    30  main.o(i.main)
    pvPortMalloc                             0x08001a49   Thumb Code   214  heap_4.o(i.pvPortMalloc)
    pvTaskIncrementMutexHeldCount            0x08001b61   Thumb Code    18  tasks.o(i.pvTaskIncrementMutexHeldCount)
    pxPortInitialiseStack                    0x08001b79   Thumb Code    40  port.o(i.pxPortInitialiseStack)
    uxListRemove                             0x08001ba5   Thumb Code    36  list.o(i.uxListRemove)
    vListInitialise                          0x08001bc9   Thumb Code    22  list.o(i.vListInitialise)
    vListInitialiseItem                      0x08001bdf   Thumb Code     6  list.o(i.vListInitialiseItem)
    vListInsert                              0x08001be5   Thumb Code    48  list.o(i.vListInsert)
    vListInsertEnd                           0x08001c15   Thumb Code    24  list.o(i.vListInsertEnd)
    vPortEnterCritical                       0x08001c2d   Thumb Code    50  port.o(i.vPortEnterCritical)
    vPortExitCritical                        0x08001ca9   Thumb Code    34  port.o(i.vPortExitCritical)
    vPortFree                                0x08001d11   Thumb Code    94  heap_4.o(i.vPortFree)
    vPortSetupTimerInterrupt                 0x08001db1   Thumb Code    26  port.o(i.vPortSetupTimerInterrupt)
    vPortValidateInterruptPriority           0x08001dd1   Thumb Code    70  port.o(i.vPortValidateInterruptPriority)
    vQueueAddToRegistry                      0x08001e61   Thumb Code    34  queue.o(i.vQueueAddToRegistry)
    vQueueWaitForMessageRestricted           0x08001e89   Thumb Code    68  queue.o(i.vQueueWaitForMessageRestricted)
    vTaskDelayUntil                          0x08001ecd   Thumb Code   120  tasks.o(i.vTaskDelayUntil)
    vTaskDelete                              0x08001f75   Thumb Code   152  tasks.o(i.vTaskDelete)
    vTaskMissedYield                         0x08002045   Thumb Code     8  tasks.o(i.vTaskMissedYield)
    vTaskPlaceOnEventList                    0x08002051   Thumb Code    44  tasks.o(i.vTaskPlaceOnEventList)
    vTaskPlaceOnEventListRestricted          0x080020a9   Thumb Code    52  tasks.o(i.vTaskPlaceOnEventListRestricted)
    vTaskPriorityInherit                     0x08002109   Thumb Code   124  tasks.o(i.vTaskPriorityInherit)
    vTaskSetTimeOutState                     0x0800218d   Thumb Code    30  tasks.o(i.vTaskSetTimeOutState)
    vTaskStartScheduler                      0x080021d9   Thumb Code    96  tasks.o(i.vTaskStartScheduler)
    vTaskSuspendAll                          0x08002271   Thumb Code    10  tasks.o(i.vTaskSuspendAll)
    vTaskSwitchContext                       0x08002281   Thumb Code    80  tasks.o(i.vTaskSwitchContext)
    xPortStartScheduler                      0x08002301   Thumb Code   190  port.o(i.xPortStartScheduler)
    xPortSysTickHandler                      0x08002415   Thumb Code    38  port.o(i.xPortSysTickHandler)
    xQueueGenericCreate                      0x08002441   Thumb Code    82  queue.o(i.xQueueGenericCreate)
    xQueueGenericReceive                     0x080024bd   Thumb Code   348  queue.o(i.xQueueGenericReceive)
    xQueueGenericReset                       0x08002645   Thumb Code   128  queue.o(i.xQueueGenericReset)
    xQueueGenericSend                        0x080026f1   Thumb Code   344  queue.o(i.xQueueGenericSend)
    xQueueGenericSendFromISR                 0x08002875   Thumb Code   190  queue.o(i.xQueueGenericSendFromISR)
    xTaskCheckForTimeOut                     0x0800295d   Thumb Code    94  tasks.o(i.xTaskCheckForTimeOut)
    xTaskCreate                              0x080029e9   Thumb Code    86  tasks.o(i.xTaskCreate)
    xTaskGetSchedulerState                   0x08002a41   Thumb Code    22  tasks.o(i.xTaskGetSchedulerState)
    xTaskGetTickCount                        0x08002a5d   Thumb Code     6  tasks.o(i.xTaskGetTickCount)
    xTaskIncrementTick                       0x08002a69   Thumb Code   188  tasks.o(i.xTaskIncrementTick)
    xTaskPriorityDisinherit                  0x08002b55   Thumb Code   136  tasks.o(i.xTaskPriorityDisinherit)
    xTaskRemoveFromEventList                 0x08002c0d   Thumb Code   102  tasks.o(i.xTaskRemoveFromEventList)
    xTaskResumeAll                           0x08002ca9   Thumb Code   182  tasks.o(i.xTaskResumeAll)
    xTimerCreate                             0x08002d95   Thumb Code    74  timers.o(i.xTimerCreate)
    xTimerCreateTimerTask                    0x08002e09   Thumb Code    58  timers.o(i.xTimerCreateTimerTask)
    xTimerGenericCommand                     0x08002e7d   Thumb Code    98  timers.o(i.xTimerGenericCommand)
    Region$$Table$$Base                      0x08002f0c   Number         0  anon$$obj.o(Region$$Table)
    Region$$Table$$Limit                     0x08002f2c   Number         0  anon$$obj.o(Region$$Table)
    StartTaskHandler                         0x20000000   Data           4  task_init.o(.data)
    xCan1RxQueue                             0x20000008   Data           4  task_can.o(.data)
    pxCurrentTCB                             0x20000010   Data           4  tasks.o(.data)
    SystemCoreClock                          0x20000084   Data           4  system_stm32f4xx.o(.data)
    AHBPrescTable                            0x20000088   Data          16  system_stm32f4xx.o(.data)
    __stdout                                 0x20000098   Data           4  stdout.o(.data)
    RM3508s                                  0x2000009c   Data         304  analysis.o(.bss)
    RM6623s                                  0x200001cc   Data         240  analysis.o(.bss)
    RM2006s                                  0x200002bc   Data         124  analysis.o(.bss)
    xQueueRegistry                           0x20000338   Data          64  queue.o(.bss)
    __initial_sp                             0x2000c288   Data           0  startup_stm32f427_437xx.o(STACK)



==============================================================================

Memory Map of the image

  Image Entry point : 0x080001ad

  Load Region LR_IROM1 (Base: 0x08000000, Size: 0x00002fc8, Max: 0x00200000, ABSOLUTE)

    Execution Region ER_IROM1 (Exec base: 0x08000000, Load base: 0x08000000, Size: 0x00002f2c, Max: 0x00200000, ABSOLUTE)

    Exec Addr    Load Addr    Size         Type   Attr      Idx    E Section Name        Object

    0x08000000   0x08000000   0x000001ac   Data   RO         6849    RESET               startup_stm32f427_437xx.o
    0x080001ac   0x080001ac   0x00000000   Code   RO         6854  * .ARM.Collect$$$$00000000  mc_w.l(entry.o)
    0x080001ac   0x080001ac   0x00000004   Code   RO         7128    .ARM.Collect$$$$00000001  mc_w.l(entry2.o)
    0x080001b0   0x080001b0   0x00000004   Code   RO         7131    .ARM.Collect$$$$00000004  mc_w.l(entry5.o)
    0x080001b4   0x080001b4   0x00000000   Code   RO         7133    .ARM.Collect$$$$00000008  mc_w.l(entry7b.o)
    0x080001b4   0x080001b4   0x00000000   Code   RO         7135    .ARM.Collect$$$$0000000A  mc_w.l(entry8b.o)
    0x080001b4   0x080001b4   0x00000008   Code   RO         7136    .ARM.Collect$$$$0000000B  mc_w.l(entry9a.o)
    0x080001bc   0x080001bc   0x00000000   Code   RO         7138    .ARM.Collect$$$$0000000D  mc_w.l(entry10a.o)
    0x080001bc   0x080001bc   0x00000000   Code   RO         7140    .ARM.Collect$$$$0000000F  mc_w.l(entry11a.o)
    0x080001bc   0x080001bc   0x00000004   Code   RO         7129    .ARM.Collect$$$$00002712  mc_w.l(entry2.o)
    0x080001c0   0x080001c0   0x000000b6   Code   RO         1670    .emb_text           port.o
    0x08000276   0x08000276   0x00000002   PAD
    0x08000278   0x08000278   0x00000024   Code   RO         6850    .text               startup_stm32f427_437xx.o
    0x0800029c   0x0800029c   0x00000024   Code   RO         6857    .text               mc_w.l(memcpya.o)
    0x080002c0   0x080002c0   0x00000024   Code   RO         6859    .text               mc_w.l(memseta.o)
    0x080002e4   0x080002e4   0x0000002c   Code   RO         7145    .text               mc_w.l(uidiv.o)
    0x08000310   0x08000310   0x00000024   Code   RO         7160    .text               mc_w.l(init.o)
    0x08000334   0x08000334   0x00000000   Code   RO         7162    .text               mc_w.l(semi.o)
    0x08000334   0x08000334   0x00000000   Code   RO         7169    .text               mc_w.l(iusesemip.o)
    0x08000334   0x08000334   0x00000114   Code   RO          438    i.Analysis_getinfo  analysis.o
    0x08000448   0x08000448   0x00000002   Code   RO            4    i.BusFault_Handler  stm32f4xx_it.o
    0x0800044a   0x0800044a   0x00000002   PAD
    0x0800044c   0x0800044c   0x000000d8   Code   RO          565    i.CAN1_QuickInit    bsp_can.o
    0x08000524   0x08000524   0x0000005c   Code   RO            5    i.CAN1_RX0_IRQHandler  stm32f4xx_it.o
    0x08000580   0x08000580   0x0000003c   Code   RO          343    i.CAN1_ReceiveTask  task_can.o
    0x080005bc   0x080005bc   0x00000078   Code   RO         2055    i.CAN_ClearITPendingBit  stm32f4xx_can.o
    0x08000634   0x08000634   0x000000cc   Code   RO         2059    i.CAN_FilterInit    stm32f4xx_can.o
    0x08000700   0x08000700   0x000000a8   Code   RO         2061    i.CAN_GetITStatus   stm32f4xx_can.o
    0x080007a8   0x080007a8   0x00000010   Code   RO         2065    i.CAN_ITConfig      stm32f4xx_can.o
    0x080007b8   0x080007b8   0x000000e8   Code   RO         2066    i.CAN_Init          stm32f4xx_can.o
    0x080008a0   0x080008a0   0x00000090   Code   RO         2069    i.CAN_Receive       stm32f4xx_can.o
    0x08000930   0x08000930   0x0000003c   Code   RO          344    i.CAN_TaskCreate    task_can.o
    0x0800096c   0x0800096c   0x0000000c   Code   RO         2077    i.CheckITStatus     stm32f4xx_can.o
    0x08000978   0x08000978   0x00000030   Code   RO          379    i.Control_TaskCreate  task_control.o
    0x080009a8   0x080009a8   0x00000002   Code   RO            6    i.DebugMon_Handler  stm32f4xx_it.o
    0x080009aa   0x080009aa   0x00000002   PAD
    0x080009ac   0x080009ac   0x00000084   Code   RO          414    i.DeviceFlash       device_flash.o
    0x08000a30   0x08000a30   0x00000016   Code   RO          380    i.Devices_Task      task_control.o
    0x08000a46   0x08000a46   0x000000a2   Code   RO         3679    i.GPIO_Init         stm32f4xx_gpio.o
    0x08000ae8   0x08000ae8   0x00000020   Code   RO         3680    i.GPIO_PinAFConfig  stm32f4xx_gpio.o
    0x08000b08   0x08000b08   0x00000008   Code   RO         3689    i.GPIO_ToggleBits   stm32f4xx_gpio.o
    0x08000b10   0x08000b10   0x0000000a   Code   RO         3691    i.GPIO_WriteBit     stm32f4xx_gpio.o
    0x08000b1a   0x08000b1a   0x00000002   Code   RO            7    i.HardFault_Handler  stm32f4xx_it.o
    0x08000b1c   0x08000b1c   0x000001b8   Code   RO          595    i.LED_Init          bsp_led.o
    0x08000cd4   0x08000cd4   0x00000040   Code   RO          439    i.M2006_ZeroDealing_platform  analysis.o
    0x08000d14   0x08000d14   0x00000040   Code   RO          440    i.M6623_ZeroDealing_platform  analysis.o
    0x08000d54   0x08000d54   0x00000002   Code   RO            8    i.MemManage_Handler  stm32f4xx_it.o
    0x08000d56   0x08000d56   0x00000002   Code   RO            9    i.NMI_Handler       stm32f4xx_it.o
    0x08000d58   0x08000d58   0x0000001c   Code   RO          619    i.NVIC_Config       bsp_nvic.o
    0x08000d74   0x08000d74   0x00000064   Code   RO         1759    i.NVIC_Init         misc.o
    0x08000dd8   0x08000dd8   0x00000014   Code   RO         1760    i.NVIC_PriorityGroupConfig  misc.o
    0x08000dec   0x08000dec   0x00000018   Code   RO         4617    i.RCC_AHB1PeriphClockCmd  stm32f4xx_rcc.o
    0x08000e04   0x08000e04   0x00000018   Code   RO         4626    i.RCC_APB1PeriphClockCmd  stm32f4xx_rcc.o
    0x08000e1c   0x08000e1c   0x000000d0   Code   RO         6809    i.SetSysClock       system_stm32f4xx.o
    0x08000eec   0x08000eec   0x00000014   Code   RO           10    i.SysTick_Handler   stm32f4xx_it.o
    0x08000f00   0x08000f00   0x0000005c   Code   RO         6811    i.SystemInit        system_stm32f4xx.o
    0x08000f5c   0x08000f5c   0x00000002   Code   RO           11    i.TIM6_DAC_IRQHandler  stm32f4xx_it.o
    0x08000f5e   0x08000f5e   0x00000002   PAD
    0x08000f60   0x08000f60   0x00000034   Code   RO          313    i.TaskStart         task_init.o
    0x08000f94   0x08000f94   0x00000002   Code   RO           12    i.USART1_IRQHandler  stm32f4xx_it.o
    0x08000f96   0x08000f96   0x00000002   Code   RO           13    i.USART2_IRQHandler  stm32f4xx_it.o
    0x08000f98   0x08000f98   0x00000002   Code   RO           14    i.USART3_IRQHandler  stm32f4xx_it.o
    0x08000f9a   0x08000f9a   0x00000002   Code   RO           15    i.USART6_IRQHandler  stm32f4xx_it.o
    0x08000f9c   0x08000f9c   0x00000002   Code   RO           16    i.UsageFault_Handler  stm32f4xx_it.o
    0x08000f9e   0x08000f9e   0x00000002   PAD
    0x08000fa0   0x08000fa0   0x00000020   Code   RO         6956    i.__0printf$3       mc_w.l(printf3.o)
    0x08000fc0   0x08000fc0   0x0000000e   Code   RO         7174    i.__scatterload_copy  mc_w.l(handlers.o)
    0x08000fce   0x08000fce   0x00000002   Code   RO         7175    i.__scatterload_null  mc_w.l(handlers.o)
    0x08000fd0   0x08000fd0   0x0000000e   Code   RO         7176    i.__scatterload_zeroinit  mc_w.l(handlers.o)
    0x08000fde   0x08000fde   0x00000002   PAD
    0x08000fe0   0x08000fe0   0x000001b8   Code   RO         6963    i._printf_core      mc_w.l(printf3.o)
    0x08001198   0x08001198   0x00000012   Code   RO         7142    i.fputc             mc_w.l(fputc.o)
    0x080011aa   0x080011aa   0x00000002   PAD
    0x080011ac   0x080011ac   0x00000034   Code   RO          259    i.main              main.o
    0x080011e0   0x080011e0   0x00000070   Code   RO         1116    i.prvAddCurrentTaskToDelayedList  tasks.o
    0x08001250   0x08001250   0x000000d0   Code   RO         1117    i.prvAddNewTaskToReadyList  tasks.o
    0x08001320   0x08001320   0x00000050   Code   RO         1477    i.prvCheckForValidListAndQueue  timers.o
    0x08001370   0x08001370   0x00000050   Code   RO         1118    i.prvCheckTasksWaitingTermination  tasks.o
    0x080013c0   0x080013c0   0x00000026   Code   RO          886    i.prvCopyDataFromQueue  queue.o
    0x080013e6   0x080013e6   0x0000006c   Code   RO          887    i.prvCopyDataToQueue  queue.o
    0x08001452   0x08001452   0x00000014   Code   RO         1119    i.prvDeleteTCB      tasks.o
    0x08001466   0x08001466   0x00000002   PAD
    0x08001468   0x08001468   0x0000004c   Code   RO         1609    i.prvHeapInit       heap_4.o
    0x080014b4   0x080014b4   0x00000028   Code   RO         1120    i.prvIdleTask       tasks.o
    0x080014dc   0x080014dc   0x000000c4   Code   RO         1121    i.prvInitialiseNewTask  tasks.o
    0x080015a0   0x080015a0   0x0000004c   Code   RO         1610    i.prvInsertBlockIntoFreeList  heap_4.o
    0x080015ec   0x080015ec   0x00000038   Code   RO         1478    i.prvInsertTimerInActiveList  timers.o
    0x08001624   0x08001624   0x0000001c   Code   RO          888    i.prvIsQueueEmpty   queue.o
    0x08001640   0x08001640   0x00000094   Code   RO          889    i.prvNotifyQueueSetContainer  queue.o
    0x080016d4   0x080016d4   0x00000060   Code   RO         1479    i.prvProcessExpiredTimer  timers.o
    0x08001734   0x08001734   0x000000f0   Code   RO         1480    i.prvProcessReceivedCommands  timers.o
    0x08001824   0x08001824   0x0000006c   Code   RO         1481    i.prvProcessTimerOrBlockTask  timers.o
    0x08001890   0x08001890   0x00000020   Code   RO         1123    i.prvResetNextTaskUnblockTime  tasks.o
    0x080018b0   0x080018b0   0x00000028   Code   RO         1482    i.prvSampleTimeNow  timers.o
    0x080018d8   0x080018d8   0x0000006c   Code   RO         1483    i.prvSwitchTimerLists  timers.o
    0x08001944   0x08001944   0x00000068   Code   RO         1671    i.prvTaskExitError  port.o
    0x080019ac   0x080019ac   0x00000024   Code   RO         1484    i.prvTimerTask      timers.o
    0x080019d0   0x080019d0   0x00000078   Code   RO          890    i.prvUnlockQueue    queue.o
    0x08001a48   0x08001a48   0x00000118   Code   RO         1611    i.pvPortMalloc      heap_4.o
    0x08001b60   0x08001b60   0x00000018   Code   RO         1125    i.pvTaskIncrementMutexHeldCount  tasks.o
    0x08001b78   0x08001b78   0x0000002c   Code   RO         1672    i.pxPortInitialiseStack  port.o
    0x08001ba4   0x08001ba4   0x00000024   Code   RO          837    i.uxListRemove      list.o
    0x08001bc8   0x08001bc8   0x00000016   Code   RO          838    i.vListInitialise   list.o
    0x08001bde   0x08001bde   0x00000006   Code   RO          839    i.vListInitialiseItem  list.o
    0x08001be4   0x08001be4   0x00000030   Code   RO          840    i.vListInsert       list.o
    0x08001c14   0x08001c14   0x00000018   Code   RO          841    i.vListInsertEnd    list.o
    0x08001c2c   0x08001c2c   0x0000007c   Code   RO         1674    i.vPortEnterCritical  port.o
    0x08001ca8   0x08001ca8   0x00000068   Code   RO         1675    i.vPortExitCritical  port.o
    0x08001d10   0x08001d10   0x000000a0   Code   RO         1612    i.vPortFree         heap_4.o
    0x08001db0   0x08001db0   0x00000020   Code   RO         1676    i.vPortSetupTimerInterrupt  port.o
    0x08001dd0   0x08001dd0   0x00000090   Code   RO         1677    i.vPortValidateInterruptPriority  port.o
    0x08001e60   0x08001e60   0x00000028   Code   RO          896    i.vQueueAddToRegistry  queue.o
    0x08001e88   0x08001e88   0x00000044   Code   RO          900    i.vQueueWaitForMessageRestricted  queue.o
    0x08001ecc   0x08001ecc   0x000000a8   Code   RO         1134    i.vTaskDelayUntil   tasks.o
    0x08001f74   0x08001f74   0x000000d0   Code   RO         1135    i.vTaskDelete       tasks.o
    0x08002044   0x08002044   0x0000000c   Code   RO         1139    i.vTaskMissedYield  tasks.o
    0x08002050   0x08002050   0x00000058   Code   RO         1141    i.vTaskPlaceOnEventList  tasks.o
    0x080020a8   0x080020a8   0x00000060   Code   RO         1142    i.vTaskPlaceOnEventListRestricted  tasks.o
    0x08002108   0x08002108   0x00000084   Code   RO         1144    i.vTaskPriorityInherit  tasks.o
    0x0800218c   0x0800218c   0x0000004c   Code   RO         1148    i.vTaskSetTimeOutState  tasks.o
    0x080021d8   0x080021d8   0x00000098   Code   RO         1149    i.vTaskStartScheduler  tasks.o
    0x08002270   0x08002270   0x00000010   Code   RO         1151    i.vTaskSuspendAll   tasks.o
    0x08002280   0x08002280   0x00000080   Code   RO         1152    i.vTaskSwitchContext  tasks.o
    0x08002300   0x08002300   0x00000114   Code   RO         1678    i.xPortStartScheduler  port.o
    0x08002414   0x08002414   0x0000002c   Code   RO         1679    i.xPortSysTickHandler  port.o
    0x08002440   0x08002440   0x0000007c   Code   RO          905    i.xQueueGenericCreate  queue.o
    0x080024bc   0x080024bc   0x00000188   Code   RO          906    i.xQueueGenericReceive  queue.o
    0x08002644   0x08002644   0x000000ac   Code   RO          907    i.xQueueGenericReset  queue.o
    0x080026f0   0x080026f0   0x00000184   Code   RO          908    i.xQueueGenericSend  queue.o
    0x08002874   0x08002874   0x000000e8   Code   RO          909    i.xQueueGenericSendFromISR  queue.o
    0x0800295c   0x0800295c   0x0000008c   Code   RO         1153    i.xTaskCheckForTimeOut  tasks.o
    0x080029e8   0x080029e8   0x00000056   Code   RO         1154    i.xTaskCreate       tasks.o
    0x08002a3e   0x08002a3e   0x00000002   PAD
    0x08002a40   0x08002a40   0x0000001c   Code   RO         1158    i.xTaskGetSchedulerState  tasks.o
    0x08002a5c   0x08002a5c   0x0000000c   Code   RO         1159    i.xTaskGetTickCount  tasks.o
    0x08002a68   0x08002a68   0x000000ec   Code   RO         1161    i.xTaskIncrementTick  tasks.o
    0x08002b54   0x08002b54   0x000000b8   Code   RO         1164    i.xTaskPriorityDisinherit  tasks.o
    0x08002c0c   0x08002c0c   0x0000009c   Code   RO         1165    i.xTaskRemoveFromEventList  tasks.o
    0x08002ca8   0x08002ca8   0x000000ec   Code   RO         1167    i.xTaskResumeAll    tasks.o
    0x08002d94   0x08002d94   0x00000074   Code   RO         1487    i.xTimerCreate      timers.o
    0x08002e08   0x08002e08   0x00000074   Code   RO         1488    i.xTimerCreateTimerTask  timers.o
    0x08002e7c   0x08002e7c   0x00000090   Code   RO         1489    i.xTimerGenericCommand  timers.o
    0x08002f0c   0x08002f0c   0x00000020   Data   RO         7172    Region$$Table       anon$$obj.o


    Execution Region RW_IRAM1 (Exec base: 0x20000000, Load base: 0x08002f2c, Size: 0x0000c288, Max: 0x00030000, ABSOLUTE)

    Exec Addr    Load Addr    Size         Type   Attr      Idx    E Section Name        Object

    0x20000000   0x08002f2c   0x00000004   Data   RW          314    .data               task_init.o
    0x20000004   0x08002f30   0x00000008   Data   RW          345    .data               task_can.o
    0x2000000c   0x08002f38   0x00000004   Data   RW          381    .data               task_control.o
    0x20000010   0x08002f3c   0x0000003c   Data   RW         1170    .data               tasks.o
    0x2000004c   0x08002f78   0x00000014   Data   RW         1497    .data               timers.o
    0x20000060   0x08002f8c   0x00000018   Data   RW         1617    .data               heap_4.o
    0x20000078   0x08002fa4   0x0000000c   Data   RW         1680    .data               port.o
    0x20000084   0x08002fb0   0x00000014   Data   RW         6812    .data               system_stm32f4xx.o
    0x20000098   0x08002fc4   0x00000004   Data   RW         7144    .data               mc_w.l(stdout.o)
    0x2000009c        -       0x0000029c   Zero   RW          441    .bss                analysis.o
    0x20000338        -       0x00000040   Zero   RW          920    .bss                queue.o
    0x20000378        -       0x000002e4   Zero   RW         1169    .bss                tasks.o
    0x2000065c        -       0x00000028   Zero   RW         1496    .bss                timers.o
    0x20000684        -       0x0000b800   Zero   RW         1616    .bss                heap_4.o
    0x2000be84   0x08002fc8   0x00000004   PAD
    0x2000be88        -       0x00000400   Zero   RW         6847    STACK               startup_stm32f427_437xx.o


==============================================================================

Image component sizes


      Code (inc. data)   RO Data    RW Data    ZI Data      Debug   Object Name

       404         32          0          0        668       3819   analysis.o
       216          8          0          0          0        785   bsp_can.o
       440         14          0          0          0        767   bsp_led.o
        28          0          0          0          0        662   bsp_nvic.o
       132         14          0          0          0        730   device_flash.o
         0          0          0          0          0      11840   event_groups.o
       592        146          0         24      47104       4147   heap_4.o
       136          0          0          0          0       3298   list.o
        52         22          0          0          0       1787   main.o
       120         14          0          0          0       1759   misc.o
      1054        404          0         12          0      11029   port.o
      1858        262          0          0         64      13641   queue.o
        36          8        428          0       1024        960   startup_stm32f427_437xx.o
       896         20          0          0          0       6635   stm32f4xx_can.o
       212          0          0          0          0       3357   stm32f4xx_gpio.o
       134         14          0          0          0     284327   stm32f4xx_it.o
        48         12          0          0          0       1370   stm32f4xx_rcc.o
       300         36          0         20          0       1961   system_stm32f4xx.o
       120         32          0          8          0       1347   task_can.o
        70         24          0          4          0       1300   task_control.o
        52          6          0          4          0        807   task_init.o
      2866        722          0         60        740      30488   tasks.o
      1140        258          0         20         40      10170   timers.o

    ----------------------------------------------------------------------
     10920       2048        460        152      49644     396986   Object Totals
         0          0         32          0          0          0   (incl. Generated)
        14          0          0          0          4          0   (incl. Padding)

    ----------------------------------------------------------------------

      Code (inc. data)   RO Data    RW Data    ZI Data      Debug   Library Member Name

         0          0          0          0          0          0   entry.o
         0          0          0          0          0          0   entry10a.o
         0          0          0          0          0          0   entry11a.o
         8          4          0          0          0          0   entry2.o
         4          0          0          0          0          0   entry5.o
         0          0          0          0          0          0   entry7b.o
         0          0          0          0          0          0   entry8b.o
         8          4          0          0          0          0   entry9a.o
        18          0          0          0          0         80   fputc.o
        30          0          0          0          0          0   handlers.o
        36          8          0          0          0         68   init.o
         0          0          0          0          0          0   iusesemip.o
        36          0          0          0          0         68   memcpya.o
        36          0          0          0          0        108   memseta.o
       472         14          0          0          0        184   printf3.o
         0          0          0          0          0          0   semi.o
         0          0          0          4          0          0   stdout.o
        44          0          0          0          0         80   uidiv.o

    ----------------------------------------------------------------------
       696         30          0          4          0        588   Library Totals
         4          0          0          0          0          0   (incl. Padding)

    ----------------------------------------------------------------------

      Code (inc. data)   RO Data    RW Data    ZI Data      Debug   Library Name

       692         30          0          4          0        588   mc_w.l

    ----------------------------------------------------------------------
       696         30          0          4          0        588   Library Totals

    ----------------------------------------------------------------------

==============================================================================


      Code (inc. data)   RO Data    RW Data    ZI Data      Debug   

     11616       2078        460        156      49644     387270   Grand Totals
     11616       2078        460        156      49644     387270   ELF Image Totals
     11616       2078        460        156          0          0   ROM Totals

==============================================================================

    Total RO  Size (Code + RO Data)                12076 (  11.79kB)
    Total RW  Size (RW Data + ZI Data)             49800 (  48.63kB)
    Total ROM Size (Code + RO Data + RW Data)      12232 (  11.95kB)

==============================================================================

