<html>
<body>
<pre>
<h1>µVision Build Log</h1>
<h2>Tool Versions:</h2>
IDE-Version: ¦ÌVision V5.26.0.0
Copyright (C) 2018 ARM Ltd and ARM Germany GmbH. All rights reserved.
License Information: zhouzhanhong zhouzhanhong, zhouzhanhong, LIC=8MZAR-KQ644-49DG2-934H1-3MT3G-3B973
 
Tool Versions:
Toolchain:       MDK-ARM Professional  Version: 5.26.0.0
Toolchain Path:  C:\Keil_v5\ARM\ARMCC\Bin
C Compiler:      Armcc.exe V5.06 update 6 (build 750)
Assembler:       Armasm.exe V5.06 update 6 (build 750)
Linker/Locator:  ArmLink.exe V5.06 update 6 (build 750)
Library Manager: ArmAr.exe V5.06 update 6 (build 750)
Hex Converter:   FromElf.exe V5.06 update 6 (build 750)
CPU DLL:         SARMCM3.DLL V5.26.0.0
Dialog DLL:      DCM.DLL V1.17.1.0
Target DLL:      CMSIS_AGDI.dll V1.30.6.0
Dialog DLL:      TCM.DLL V1.35.3.0
 
<h2>Project:</h2>
C:\Users\zhouzhanhong\Desktop\µü´ú´úÂë\µ×ÅÌ+ÔÆÌ¨+ÍÓÂÝÒÇ£¨ÎÞÔÆÌ¨¸úËæÎÞÆ«×ª£©\Project\MDK5\RoboMaster.uvprojx
Project File Date:  10/08/2018

<h2>Output:</h2>
*** Using Compiler 'V5.06 update 6 (build 750)', folder: 'C:\Keil_v5\ARM\ARMCC\Bin'
Build target 'STM32F427IIHx'
compiling Cloud_control.c...
..\..\User\math.h(51): warning:  #1-D: last line of file ends without a newline
  #endif
..\..\Apps\Cloud_control.h(61): warning:  #1-D: last line of file ends without a newline
  #endif
..\..\Devices\Motor_M6623.h(24): warning:  #1-D: last line of file ends without a newline
  #endif
..\..\Devices\frictionMotor.h(11): warning:  #1-D: last line of file ends without a newline
  #endif
..\..\Devices\GY_IMU.h(19): warning:  #1-D: last line of file ends without a newline
  #endif
..\..\Drivers\delay.h(10): warning:  #1-D: last line of file ends without a newline
  #endif
..\..\Drivers\KEY.h(30): warning:  #1-D: last line of file ends without a newline
  #endif
..\..\Apps\Cloud_control.h(61): warning:  #1-D: last line of file ends without a newline
  #endif
..\..\Apps\Cloud_control.c: 8 warnings, 0 errors
linking...
Program Size: Code=21660 RO-data=1044 RW-data=80 ZI-data=2096  
FromELF: creating hex file...
".\Objects\RoboMaster.axf" - 0 Error(s), 8 Warning(s).

<h2>Software Packages used:</h2>

Package Vendor: Keil
                http://www.keil.com/pack/Keil.STM32F4xx_DFP.2.13.0.pack
                Keil.STM32F4xx_DFP.2.13.0
                STMicroelectronics STM32F4 Series Device Support, Drivers and Examples

<h2>Collection of Component include folders:</h2>
  .\RTE\_STM32F427IIHx
  C:\Keil_v5\ARM\PACK\Keil\STM32F4xx_DFP\2.13.0\Drivers\CMSIS\Device\ST\STM32F4xx\Include

<h2>Collection of Component Files used:</h2>
Build Time Elapsed:  00:00:04
</pre>
</body>
</html>
