Component: ARM Compiler 5.06 update 6 (build 750) Tool: armlink [4d35ed]

==============================================================================

Section Cross References

    stm32f4xx_it.o(i.CAN1_RX0_IRQHandler) refers to stm32f4xx_can.o(i.CAN_GetITStatus) for CAN_GetITStatus
    stm32f4xx_it.o(i.CAN1_RX0_IRQHandler) refers to stm32f4xx_can.o(i.CAN_Receive) for CAN_Receive
    stm32f4xx_it.o(i.CAN1_RX0_IRQHandler) refers to queue.o(i.xQueueGenericSendFromISR) for xQueueGenericSendFromISR
    stm32f4xx_it.o(i.CAN1_RX0_IRQHandler) refers to stm32f4xx_can.o(i.CAN_ClearITPendingBit) for CAN_ClearITPendingBit
    stm32f4xx_it.o(i.CAN1_RX0_IRQHandler) refers to taskcan.o(.data) for xCan1RxQueue
    stm32f4xx_it.o(i.SysTick_Handler) refers to tasks.o(i.xTaskGetSchedulerState) for xTaskGetSchedulerState
    stm32f4xx_it.o(i.SysTick_Handler) refers to port.o(i.xPortSysTickHandler) for xPortSysTickHandler
    stm32f4xx_it.o(i.USART1_IRQHandler) refers to stm32f4xx_usart.o(i.USART_GetITStatus) for USART_GetITStatus
    stm32f4xx_it.o(i.USART1_IRQHandler) refers to stm32f4xx_dma.o(i.DMA_Cmd) for DMA_Cmd
    stm32f4xx_it.o(i.USART1_IRQHandler) refers to stm32f4xx_dma.o(i.DMA_GetCurrDataCounter) for DMA_GetCurrDataCounter
    stm32f4xx_it.o(i.USART1_IRQHandler) refers to queue.o(i.xQueueGenericSendFromISR) for xQueueGenericSendFromISR
    stm32f4xx_it.o(i.USART1_IRQHandler) refers to dr16.o(.bss) for DR16_Buff
    stm32f4xx_it.o(i.USART1_IRQHandler) refers to taskusart.o(.data) for xUsart1RxQueue
    stm32f4xx_it.o(i.USART3_IRQHandler) refers to stm32f4xx_usart.o(i.USART_GetITStatus) for USART_GetITStatus
    stm32f4xx_it.o(i.USART3_IRQHandler) refers to stm32f4xx_dma.o(i.DMA_Cmd) for DMA_Cmd
    stm32f4xx_it.o(i.USART3_IRQHandler) refers to stm32f4xx_dma.o(i.DMA_GetCurrDataCounter) for DMA_GetCurrDataCounter
    stm32f4xx_it.o(i.USART3_IRQHandler) refers to queue.o(i.xQueueGenericSendFromISR) for xQueueGenericSendFromISR
    stm32f4xx_it.o(i.USART3_IRQHandler) refers to stm32f4xx_dma.o(i.DMA_SetCurrDataCounter) for DMA_SetCurrDataCounter
    stm32f4xx_it.o(i.USART3_IRQHandler) refers to stm32f4xx_it.o(.data) for s_U3dataLength
    stm32f4xx_it.o(i.USART3_IRQHandler) refers to imu.o(.bss) for Cloud_GY_IMU_RXBUFF
    stm32f4xx_it.o(i.USART3_IRQHandler) refers to taskusart.o(.data) for xUsart3RxQueue
    main.o(i.main) refers to tasks.o(i.xTaskCreate) for xTaskCreate
    main.o(i.main) refers to tasks.o(i.vTaskStartScheduler) for vTaskStartScheduler
    main.o(i.main) refers to taskinit.o(.data) for StartTaskHandler
    main.o(i.main) refers to taskinit.o(i.TaskStart) for TaskStart
    taskinit.o(i.TaskStart) refers to misc.o(i.NVIC_PriorityGroupConfig) for NVIC_PriorityGroupConfig
    taskinit.o(i.TaskStart) refers to port.o(i.vPortEnterCritical) for vPortEnterCritical
    taskinit.o(i.TaskStart) refers to can.o(i.CAN1_QuickInit) for CAN1_QuickInit
    taskinit.o(i.TaskStart) refers to led.o(i.LED_Init) for LED_Init
    taskinit.o(i.TaskStart) refers to laser.o(i.Laser_Init) for Laser_Init
    taskinit.o(i.TaskStart) refers to dr16.o(i.DR16_Init) for DR16_Init
    taskinit.o(i.TaskStart) refers to pccontrol.o(i.PC_MODE_Init) for PC_MODE_Init
    taskinit.o(i.TaskStart) refers to imu.o(i.IMU_Init) for IMU_Init
    taskinit.o(i.TaskStart) refers to tasks.o(i.vTaskDelay) for vTaskDelay
    taskinit.o(i.TaskStart) refers to chassiscontrol.o(i.Chassis_Init) for Chassis_Init
    taskinit.o(i.TaskStart) refers to cloudcontrol.o(i.Cloud_Init) for Cloud_Init
    taskinit.o(i.TaskStart) refers to taskusart.o(i.USART_TaskCreate) for USART_TaskCreate
    taskinit.o(i.TaskStart) refers to taskcan.o(i.CAN_TaskCreate) for CAN_TaskCreate
    taskinit.o(i.TaskStart) refers to taskcontrol.o(i.Control_TaskCreate) for Control_TaskCreate
    taskinit.o(i.TaskStart) refers to tasks.o(i.vTaskDelete) for vTaskDelete
    taskinit.o(i.TaskStart) refers to port.o(i.vPortExitCritical) for vPortExitCritical
    taskinit.o(i.TaskStart) refers to taskinit.o(.data) for StartTaskHandler
    taskusart.o(i.USART1_ReceiveTask) refers to queue.o(i.xQueueGenericReceive) for xQueueGenericReceive
    taskusart.o(i.USART1_ReceiveTask) refers to dr16.o(i.DR16_Process) for DR16_Process
    taskusart.o(i.USART1_ReceiveTask) refers to stm32f4xx_gpio.o(i.GPIO_ToggleBits) for GPIO_ToggleBits
    taskusart.o(i.USART1_ReceiveTask) refers to taskusart.o(.data) for xUsart1RxQueue
    taskusart.o(i.USART3_ReceiveTask) refers to queue.o(i.xQueueGenericReceive) for xQueueGenericReceive
    taskusart.o(i.USART3_ReceiveTask) refers to imu.o(i.GY_IMU_getInfo) for GY_IMU_getInfo
    taskusart.o(i.USART3_ReceiveTask) refers to taskusart.o(.data) for xUsart3RxQueue
    taskusart.o(i.USART3_ReceiveTask) refers to imu.o(.bss) for Cloud_IMU
    taskusart.o(i.USART3_ReceiveTask) refers to stm32f4xx_it.o(.data) for s_U3dataLength
    taskusart.o(i.USART_TaskCreate) refers to queue.o(i.xQueueGenericCreate) for xQueueGenericCreate
[...]
    i.prvAddCurrentTaskToDelayedList         0x080050d0   Section        0  tasks.o(i.prvAddCurrentTaskToDelayedList)
    prvAddCurrentTaskToDelayedList           0x080050d1   Thumb Code   124  tasks.o(i.prvAddCurrentTaskToDelayedList)
    i.prvAddNewTaskToReadyList               0x08005168   Section        0  tasks.o(i.prvAddNewTaskToReadyList)
    prvAddNewTaskToReadyList                 0x08005169   Thumb Code   156  tasks.o(i.prvAddNewTaskToReadyList)
    i.prvCheckForValidListAndQueue           0x08005220   Section        0  timers.o(i.prvCheckForValidListAndQueue)
    prvCheckForValidListAndQueue             0x08005221   Thumb Code    72  timers.o(i.prvCheckForValidListAndQueue)
    i.prvCheckTasksWaitingTermination        0x08005284   Section        0  tasks.o(i.prvCheckTasksWaitingTermination)
    prvCheckTasksWaitingTermination          0x08005285   Thumb Code    86  tasks.o(i.prvCheckTasksWaitingTermination)
    i.prvCopyDataFromQueue                   0x080052e8   Section        0  queue.o(i.prvCopyDataFromQueue)
    prvCopyDataFromQueue                     0x080052e9   Thumb Code    42  queue.o(i.prvCopyDataFromQueue)
    i.prvCopyDataToQueue                     0x08005312   Section        0  queue.o(i.prvCopyDataToQueue)
    prvCopyDataToQueue                       0x08005313   Thumb Code   124  queue.o(i.prvCopyDataToQueue)
    i.prvDeleteTCB                           0x0800538e   Section        0  tasks.o(i.prvDeleteTCB)
    prvDeleteTCB                             0x0800538f   Thumb Code    18  tasks.o(i.prvDeleteTCB)
    i.prvGetNextExpireTime                   0x080053a0   Section        0  timers.o(i.prvGetNextExpireTime)
    prvGetNextExpireTime                     0x080053a1   Thumb Code    36  timers.o(i.prvGetNextExpireTime)
    i.prvHeapInit                            0x080053c8   Section        0  heap_4.o(i.prvHeapInit)
    prvHeapInit                              0x080053c9   Thumb Code    98  heap_4.o(i.prvHeapInit)
    i.prvIdleTask                            0x08005444   Section        0  tasks.o(i.prvIdleTask)
    prvIdleTask                              0x08005445   Thumb Code    32  tasks.o(i.prvIdleTask)
    i.prvInitialiseNewQueue                  0x0800546c   Section        0  queue.o(i.prvInitialiseNewQueue)
    prvInitialiseNewQueue                    0x0800546d   Thumb Code    46  queue.o(i.prvInitialiseNewQueue)
    i.prvInitialiseNewTask                   0x0800549c   Section        0  tasks.o(i.prvInitialiseNewTask)
    prvInitialiseNewTask                     0x0800549d   Thumb Code   170  tasks.o(i.prvInitialiseNewTask)
    i.prvInitialiseTaskLists                 0x08005570   Section        0  tasks.o(i.prvInitialiseTaskLists)
    prvInitialiseTaskLists                   0x08005571   Thumb Code    70  tasks.o(i.prvInitialiseTaskLists)
    i.prvInsertBlockIntoFreeList             0x080055d8   Section        0  heap_4.o(i.prvInsertBlockIntoFreeList)
    prvInsertBlockIntoFreeList               0x080055d9   Thumb Code    96  heap_4.o(i.prvInsertBlockIntoFreeList)
    i.prvInsertTimerInActiveList             0x08005640   Section        0  timers.o(i.prvInsertTimerInActiveList)
    prvInsertTimerInActiveList               0x08005641   Thumb Code    80  timers.o(i.prvInsertTimerInActiveList)
    i.prvIsQueueEmpty                        0x08005698   Section        0  queue.o(i.prvIsQueueEmpty)
    prvIsQueueEmpty                          0x08005699   Thumb Code    26  queue.o(i.prvIsQueueEmpty)
    i.prvIsQueueFull                         0x080056b2   Section        0  queue.o(i.prvIsQueueFull)
    prvIsQueueFull                           0x080056b3   Thumb Code    30  queue.o(i.prvIsQueueFull)
    i.prvNotifyQueueSetContainer             0x080056d0   Section        0  queue.o(i.prvNotifyQueueSetContainer)
    prvNotifyQueueSetContainer               0x080056d1   Thumb Code   124  queue.o(i.prvNotifyQueueSetContainer)
    i.prvProcessExpiredTimer                 0x08005774   Section        0  timers.o(i.prvProcessExpiredTimer)
    prvProcessExpiredTimer                   0x08005775   Thumb Code    84  timers.o(i.prvProcessExpiredTimer)
    i.prvProcessReceivedCommands             0x080057f4   Section        0  timers.o(i.prvProcessReceivedCommands)
    prvProcessReceivedCommands               0x080057f5   Thumb Code   254  timers.o(i.prvProcessReceivedCommands)
    i.prvProcessTimerOrBlockTask             0x08005920   Section        0  timers.o(i.prvProcessTimerOrBlockTask)
    prvProcessTimerOrBlockTask               0x08005921   Thumb Code   102  timers.o(i.prvProcessTimerOrBlockTask)
    i.prvResetNextTaskUnblockTime            0x08005994   Section        0  tasks.o(i.prvResetNextTaskUnblockTime)
    prvResetNextTaskUnblockTime              0x08005995   Thumb Code    42  tasks.o(i.prvResetNextTaskUnblockTime)
    i.prvSampleTimeNow                       0x080059c8   Section        0  timers.o(i.prvSampleTimeNow)
    prvSampleTimeNow                         0x080059c9   Thumb Code    40  timers.o(i.prvSampleTimeNow)
    i.prvSwitchTimerLists                    0x080059f4   Section        0  timers.o(i.prvSwitchTimerLists)
    prvSwitchTimerLists                      0x080059f5   Thumb Code   140  timers.o(i.prvSwitchTimerLists)
    i.prvTaskExitError                       0x08005ab0   Section        0  port.o(i.prvTaskExitError)
    prvTaskExitError                         0x08005ab1   Thumb Code    50  port.o(i.prvTaskExitError)
    i.prvTimerTask                           0x08005b28   Section        0  timers.o(i.prvTimerTask)
    prvTimerTask                             0x08005b29   Thumb Code    26  timers.o(i.prvTimerTask)
    i.prvUnlockQueue                         0x08005b42   Section        0  queue.o(i.prvUnlockQueue)
    prvUnlockQueue                           0x08005b43   Thumb Code   146  queue.o(i.prvUnlockQueue)
    i.pvPortMalloc                           0x08005bd4   Section        0  heap_4.o(i.pvPortMalloc)
    i.pvTaskIncrementMutexHeldCount          0x08005d2c   Section        0  tasks.o(i.pvTaskIncrementMutexHeldCount)
    i.pxPortInitialiseStack                  0x08005d4c   Section        0  port.o(i.pxPortInitialiseStack)
    i.sqrt                                   0x08005d78   Section        0  sqrt.o(i.sqrt)
    i.uxListRemove                           0x08005de6   Section        0  list.o(i.uxListRemove)
    i.vListInitialise                        0x08005e0e   Section        0  list.o(i.vListInitialise)
    i.vListInitialiseItem                    0x08005e28   Section        0  list.o(i.vListInitialiseItem)
    i.vListInsert                            0x08005e2e   Section        0  list.o(i.vListInsert)
    i.vListInsertEnd                         0x08005e62   Section        0  list.o(i.vListInsertEnd)
    i.vPortEnterCritical                     0x08005e7c   Section        0  port.o(i.vPortEnterCritical)
    i.vPortExitCritical                      0x08005f08   Section        0  port.o(i.vPortExitCritical)
    i.vPortFree                              0x08005f7c   Section        0  heap_4.o(i.vPortFree)
    i.vPortSetupTimerInterrupt               0x08006038   Section        0  port.o(i.vPortSetupTimerInterrupt)
    i.vPortValidateInterruptPriority         0x08006058   Section        0  port.o(i.vPortValidateInterruptPriority)
    i.vQueueAddToRegistry                    0x080060fc   Section        0  queue.o(i.vQueueAddToRegistry)
    i.vQueueWaitForMessageRestricted         0x08006128   Section        0  queue.o(i.vQueueWaitForMessageRestricted)
    i.vTaskDelay                             0x08006174   Section        0  tasks.o(i.vTaskDelay)
    i.vTaskDelayUntil                        0x080061ec   Section        0  tasks.o(i.vTaskDelayUntil)
    i.vTaskDelete                            0x080062cc   Section        0  tasks.o(i.vTaskDelete)
    i.vTaskMissedYield                       0x080063dc   Section        0  tasks.o(i.vTaskMissedYield)
    i.vTaskPlaceOnEventList                  0x080063e8   Section        0  tasks.o(i.vTaskPlaceOnEventList)
    i.vTaskPlaceOnEventListRestricted        0x08006440   Section        0  tasks.o(i.vTaskPlaceOnEventListRestricted)
    i.vTaskPriorityInherit                   0x080064a0   Section        0  tasks.o(i.vTaskPriorityInherit)
    i.vTaskSetTimeOutState                   0x08006550   Section        0  tasks.o(i.vTaskSetTimeOutState)
    i.vTaskStartScheduler                    0x080065a0   Section        0  tasks.o(i.vTaskStartScheduler)
    i.vTaskSuspendAll                        0x08006650   Section        0  tasks.o(i.vTaskSuspendAll)
    i.vTaskSwitchContext                     0x08006660   Section        0  tasks.o(i.vTaskSwitchContext)
    i.xPortStartScheduler                    0x0800670c   Section        0  port.o(i.xPortStartScheduler)
    i.xPortSysTickHandler                    0x0800686c   Section        0  port.o(i.xPortSysTickHandler)
    i.xQueueGenericCreate                    0x080068a0   Section        0  queue.o(i.xQueueGenericCreate)
    i.xQueueGenericReceive                   0x08006918   Section        0  queue.o(i.xQueueGenericReceive)
    i.xQueueGenericReset                     0x08006ae4   Section        0  queue.o(i.xQueueGenericReset)
    i.xQueueGenericSend                      0x08006b98   Section        0  queue.o(i.xQueueGenericSend)
    i.xQueueGenericSendFromISR               0x08006d60   Section        0  queue.o(i.xQueueGenericSendFromISR)
    i.xTaskCheckForTimeOut                   0x08006e74   Section        0  tasks.o(i.xTaskCheckForTimeOut)
    i.xTaskCreate                            0x08006f18   Section        0  tasks.o(i.xTaskCreate)
    i.xTaskGetSchedulerState                 0x08006f78   Section        0  tasks.o(i.xTaskGetSchedulerState)
    i.xTaskGetTickCount                      0x08006f98   Section        0  tasks.o(i.xTaskGetTickCount)
    i.xTaskIncrementTick                     0x08006fa4   Section        0  tasks.o(i.xTaskIncrementTick)
    i.xTaskPriorityDisinherit                0x08007108   Section        0  tasks.o(i.xTaskPriorityDisinherit)
    i.xTaskRemoveFromEventList               0x080071e4   Section        0  tasks.o(i.xTaskRemoveFromEventList)
    i.xTaskResumeAll                         0x0800729c   Section        0  tasks.o(i.xTaskResumeAll)
    i.xTimerCreateTimerTask                  0x080073c0   Section        0  timers.o(i.xTimerCreateTimerTask)
    i.xTimerGenericCommand                   0x08007434   Section        0  timers.o(i.xTimerGenericCommand)
    .constdata                               0x080074d8   Section      136  pow.o(.constdata)
    bp                                       0x080074d8   Data          16  pow.o(.constdata)
    dp_h                                     0x080074e8   Data          16  pow.o(.constdata)
    dp_l                                     0x080074f8   Data          16  pow.o(.constdata)
    L                                        0x08007508   Data          48  pow.o(.constdata)
    P                                        0x08007538   Data          40  pow.o(.constdata)
    .constdata                               0x08007560   Section      152  atan.o(.constdata)
    atanhi                                   0x08007560   Data          32  atan.o(.constdata)
    atanlo                                   0x08007580   Data          32  atan.o(.constdata)
    aTodd                                    0x080075a0   Data          40  atan.o(.constdata)
    aTeven                                   0x080075c8   Data          48  atan.o(.constdata)
    .constdata                               0x080075f8   Section        8  qnan.o(.constdata)
    .data                                    0x20000000   Section        2  stm32f4xx_it.o(.data)
    .data                                    0x20000004   Section        4  taskinit.o(.data)
    .data                                    0x20000008   Section       16  taskusart.o(.data)
    USART1_ReceiverHandler                   0x20000008   Data           4  taskusart.o(.data)
    USART3_ReceiverHandler                   0x2000000c   Data           4  taskusart.o(.data)
    .data                                    0x20000018   Section        8  taskcan.o(.data)
    CAN_ReceiveHandler                       0x20000018   Data           4  taskcan.o(.data)
    .data                                    0x20000020   Section       20  taskcontrol.o(.data)
    Chassical_ProcessHandler                 0x20000020   Data           4  taskcontrol.o(.data)
    Cloud_ProcessHandler                     0x20000024   Data           4  taskcontrol.o(.data)
    Device_FlashHandler                      0x20000028   Data           4  taskcontrol.o(.data)
    LED_LightHandler                         0x2000002c   Data           4  taskcontrol.o(.data)
    GM6020_TestHandler                       0x20000030   Data           4  taskcontrol.o(.data)
    .data                                    0x20000034   Section        8  chassiscontrol.o(.data)
    .data                                    0x2000003c   Section        4  uasrt.o(.data)
    Using_USART                              0x2000003c   Data           4  uasrt.o(.data)
    .data                                    0x20000040   Section       60  tasks.o(.data)
    pxDelayedTaskList                        0x20000044   Data           4  tasks.o(.data)
    pxOverflowDelayedTaskList                0x20000048   Data           4  tasks.o(.data)
    uxDeletedTasksWaitingCleanUp             0x2000004c   Data           4  tasks.o(.data)
    uxCurrentNumberOfTasks                   0x20000050   Data           4  tasks.o(.data)
    xTickCount                               0x20000054   Data           4  tasks.o(.data)
    uxTopReadyPriority                       0x20000058   Data           4  tasks.o(.data)
    xSchedulerRunning                        0x2000005c   Data           4  tasks.o(.data)
    uxPendedTicks                            0x20000060   Data           4  tasks.o(.data)
    xYieldPending                            0x20000064   Data           4  tasks.o(.data)
    xNumOfOverflows                          0x20000068   Data           4  tasks.o(.data)
    uxTaskNumber                             0x2000006c   Data           4  tasks.o(.data)
    xNextTaskUnblockTime                     0x20000070   Data           4  tasks.o(.data)
    xIdleTaskHandle                          0x20000074   Data           4  tasks.o(.data)
    uxSchedulerSuspended                     0x20000078   Data           4  tasks.o(.data)
    .data                                    0x2000007c   Section       20  timers.o(.data)
    pxCurrentTimerList                       0x2000007c   Data           4  timers.o(.data)
    pxOverflowTimerList                      0x20000080   Data           4  timers.o(.data)
    xTimerQueue                              0x20000084   Data           4  timers.o(.data)
    xTimerTaskHandle                         0x20000088   Data           4  timers.o(.data)
    xLastTime                                0x2000008c   Data           4  timers.o(.data)
    .data                                    0x20000090   Section       24  heap_4.o(.data)
    xStart                                   0x20000090   Data           8  heap_4.o(.data)
    pxEnd                                    0x20000098   Data           4  heap_4.o(.data)
    xFreeBytesRemaining                      0x2000009c   Data           4  heap_4.o(.data)
    xMinimumEverFreeBytesRemaining           0x200000a0   Data           4  heap_4.o(.data)
    xBlockAllocatedBit                       0x200000a4   Data           4  heap_4.o(.data)
    .data                                    0x200000a8   Section       12  port.o(.data)
    uxCriticalNesting                        0x200000a8   Data           4  port.o(.data)
    ucMaxSysCallPriority                     0x200000ac   Data           1  port.o(.data)
    ulMaxPRIGROUPValue                       0x200000b0   Data           4  port.o(.data)
    .data                                    0x200000b4   Section       16  stm32f4xx_rcc.o(.data)
    APBAHBPrescTable                         0x200000b4   Data          16  stm32f4xx_rcc.o(.data)
    .data                                    0x200000c4   Section       20  system_stm32f4xx.o(.data)
    .data                                    0x200000d8   Section        4  stdout.o(.data)
    .data                                    0x200000dc   Section        4  errno.o(.data)
    _errno                                   0x200000dc   Data           4  errno.o(.data)
    .bss                                     0x200000e0   Section      140  dr16.o(.bss)
    .bss                                     0x2000016c   Section       72  imu.o(.bss)
    .bss                                     0x200001b4   Section      732  analysis.o(.bss)
    .bss                                     0x20000490   Section       76  chassiscontrol.o(.bss)
    .bss                                     0x200004dc   Section      232  cloudcontrol.o(.bss)
    .bss                                     0x200005c4   Section       12  pccontrol.o(.bss)
    .bss                                     0x200005d0   Section       64  queue.o(.bss)
    .bss                                     0x20000610   Section      740  tasks.o(.bss)
    pxReadyTasksLists                        0x20000610   Data         640  tasks.o(.bss)
    xDelayedTaskList1                        0x20000890   Data          20  tasks.o(.bss)
    xDelayedTaskList2                        0x200008a4   Data          20  tasks.o(.bss)
    xPendingReadyList                        0x200008b8   Data          20  tasks.o(.bss)
    xTasksWaitingTermination                 0x200008cc   Data          20  tasks.o(.bss)
    xSuspendedTaskList                       0x200008e0   Data          20  tasks.o(.bss)
    .bss                                     0x200008f4   Section       40  timers.o(.bss)
    xActiveTimerList1                        0x200008f4   Data          20  timers.o(.bss)
    xActiveTimerList2                        0x20000908   Data          20  timers.o(.bss)
    .bss                                     0x2000091c   Section    47104  heap_4.o(.bss)
    ucHeap                                   0x2000091c   Data       47104  heap_4.o(.bss)
    STACK                                    0x2000c120   Section     1024  startup_stm32f427_437xx.o(STACK)

    Global Symbols

    Symbol Name                              Value     Ov Type        Size  Object(Section)

    BuildAttributes$$THM_ISAv4$E$P$D$K$B$S$7EM$VFPi3$EXTD16$VFPS$VFMA$PE$A:L22UL41UL21$X:L11$S22US41US21$IEEE1$IW$USESV6$~STKCKD$USESV7$~SHL$OTIME$ROPI$IEEEX$EBA8$MICROLIB$REQ8$PRES8$EABIv2 0x00000000   Number         0  anon$$obj.o ABSOLUTE
    __ARM_use_no_argv                        0x00000000   Number         0  main.o ABSOLUTE
    _printf_a                                0x00000000   Number         0  stubs.o ABSOLUTE
    _printf_c                                0x00000000   Number         0  stubs.o ABSOLUTE
    _printf_charcount                        0x00000000   Number         0  stubs.o ABSOLUTE
    _printf_d                                0x00000000   Number         0  stubs.o ABSOLUTE
    _printf_e                                0x00000000   Number         0  stubs.o ABSOLUTE
    _printf_f                                0x00000000   Number         0  stubs.o ABSOLUTE
    _printf_flags                            0x00000000   Number         0  stubs.o ABSOLUTE
    _printf_fp_dec                           0x00000000   Number         0  stubs.o ABSOLUTE
    _printf_fp_hex                           0x00000000   Number         0  stubs.o ABSOLUTE
    _printf_g                                0x00000000   Number         0  stubs.o ABSOLUTE
    _printf_i                                0x00000000   Number         0  stubs.o ABSOLUTE
    _printf_int_dec                          0x00000000   Number         0  stubs.o ABSOLUTE
    _printf_l                                0x00000000   Number         0  stubs.o ABSOLUTE
    _printf_lc                               0x00000000   Number         0  stubs.o ABSOLUTE
    _printf_ll                               0x00000000   Number         0  stubs.o ABSOLUTE
    _printf_lld                              0x00000000   Number         0  stubs.o ABSOLUTE
    _printf_lli                              0x00000000   Number         0  stubs.o ABSOLUTE
    _printf_llo                              0x00000000   Number         0  stubs.o ABSOLUTE
    _printf_llu                              0x00000000   Number         0  stubs.o ABSOLUTE
    _printf_llx                              0x00000000   Number         0  stubs.o ABSOLUTE
    _printf_longlong_dec                     0x00000000   Number         0  stubs.o ABSOLUTE
    _printf_longlong_hex                     0x00000000   Number         0  stubs.o ABSOLUTE
    _printf_longlong_oct                     0x00000000   Number         0  stubs.o ABSOLUTE
    _printf_ls                               0x00000000   Number         0  stubs.o ABSOLUTE
    _printf_mbtowc                           0x00000000   Number         0  stubs.o ABSOLUTE
    _printf_n                                0x00000000   Number         0  stubs.o ABSOLUTE
    _printf_o                                0x00000000   Number         0  stubs.o ABSOLUTE
    _printf_p                                0x00000000   Number         0  stubs.o ABSOLUTE
    _printf_percent                          0x00000000   Number         0  stubs.o ABSOLUTE
    _printf_pre_padding                      0x00000000   Number         0  stubs.o ABSOLUTE
    _printf_return_value                     0x00000000   Number         0  stubs.o ABSOLUTE
    _printf_s                                0x00000000   Number         0  stubs.o ABSOLUTE
    _printf_sizespec                         0x00000000   Number         0  stubs.o ABSOLUTE
    _printf_str                              0x00000000   Number         0  stubs.o ABSOLUTE
    _printf_truncate_signed                  0x00000000   Number         0  stubs.o ABSOLUTE
    _printf_truncate_unsigned                0x00000000   Number         0  stubs.o ABSOLUTE
    _printf_u                                0x00000000   Number         0  stubs.o ABSOLUTE
    _printf_wc                               0x00000000   Number         0  stubs.o ABSOLUTE
    _printf_wctomb                           0x00000000   Number         0  stubs.o ABSOLUTE
    _printf_widthprec                        0x00000000   Number         0  stubs.o ABSOLUTE
    _printf_x                                0x00000000   Number         0  stubs.o ABSOLUTE
    __cpp_initialize__aeabi_                  - Undefined Weak Reference
    __cxa_finalize                            - Undefined Weak Reference
    __decompress                              - Undefined Weak Reference
    _clock_init                               - Undefined Weak Reference
    _microlib_exit                            - Undefined Weak Reference
    __Vectors_Size                           0x000001ac   Number         0  startup_stm32f427_437xx.o ABSOLUTE
    __Vectors                                0x08000000   Data           4  startup_stm32f427_437xx.o(RESET)
    __Vectors_End                            0x080001ac   Data           0  startup_stm32f427_437xx.o(RESET)
    __main                                   0x080001ad   Thumb Code     0  entry.o(.ARM.Collect$$$$00000000)
    _main_stk                                0x080001ad   Thumb Code     0  entry2.o(.ARM.Collect$$$$00000001)
    _main_scatterload                        0x080001b1   Thumb Code     0  entry5.o(.ARM.Collect$$$$00000004)
    __main_after_scatterload                 0x080001b5   Thumb Code     0  entry5.o(.ARM.Collect$$$$00000004)
    _main_clock                              0x080001b5   Thumb Code     0  entry7b.o(.ARM.Collect$$$$00000008)
    _main_cpp_init                           0x080001b5   Thumb Code     0  entry8b.o(.ARM.Collect$$$$0000000A)
    _main_init                               0x080001b5   Thumb Code     0  entry9a.o(.ARM.Collect$$$$0000000B)
    __rt_final_cpp                           0x080001bd   Thumb Code     0  entry10a.o(.ARM.Collect$$$$0000000D)
    __rt_final_exit                          0x080001bd   Thumb Code     0  entry11a.o(.ARM.Collect$$$$0000000F)
    SVC_Handler                              0x080001c1   Thumb Code    28  port.o(.emb_text)
    __asm___6_port_c_39a90d8d__prvStartFirstTask 0x080001e1   Thumb Code    28  port.o(.emb_text)
    __asm___6_port_c_39a90d8d__prvEnableVFP  0x08000201   Thumb Code    16  port.o(.emb_text)
    PendSV_Handler                           0x08000215   Thumb Code    88  port.o(.emb_text)
    vPortGetIPSR                             0x08000271   Thumb Code     6  port.o(.emb_text)
    Reset_Handler                            0x08000279   Thumb Code     8  startup_stm32f427_437xx.o(.text)
    ADC_IRQHandler                           0x08000293   Thumb Code     0  startup_stm32f427_437xx.o(.text)
    CAN1_RX1_IRQHandler                      0x08000293   Thumb Code     0  startup_stm32f427_437xx.o(.text)
    CAN1_SCE_IRQHandler                      0x08000293   Thumb Code     0  startup_stm32f427_437xx.o(.text)
    CAN1_TX_IRQHandler                       0x08000293   Thumb Code     0  startup_stm32f427_437xx.o(.text)
    CAN2_RX0_IRQHandler                      0x08000293   Thumb Code     0  startup_stm32f427_437xx.o(.text)
    CAN2_RX1_IRQHandler                      0x08000293   Thumb Code     0  startup_stm32f427_437xx.o(.text)
    CAN2_SCE_IRQHandler                      0x08000293   Thumb Code     0  startup_stm32f427_437xx.o(.text)
    CAN2_TX_IRQHandler                       0x08000293   Thumb Code     0  startup_stm32f427_437xx.o(.text)
    CRYP_IRQHandler                          0x08000293   Thumb Code     0  startup_stm32f427_437xx.o(.text)
    DCMI_IRQHandler                          0x08000293   Thumb Code     0  startup_stm32f427_437xx.o(.text)
    DMA1_Stream0_IRQHandler                  0x08000293   Thumb Code     0  startup_stm32f427_437xx.o(.text)
    DMA1_Stream1_IRQHandler                  0x08000293   Thumb Code     0  startup_stm32f427_437xx.o(.text)
    DMA1_Stream2_IRQHandler                  0x08000293   Thumb Code     0  startup_stm32f427_437xx.o(.text)
    DMA1_Stream3_IRQHandler                  0x08000293   Thumb Code     0  startup_stm32f427_437xx.o(.text)
    DMA1_Stream4_IRQHandler                  0x08000293   Thumb Code     0  startup_stm32f427_437xx.o(.text)
    DMA1_Stream5_IRQHandler                  0x08000293   Thumb Code     0  startup_stm32f427_437xx.o(.text)
    DMA1_Stream6_IRQHandler                  0x08000293   Thumb Code     0  startup_stm32f427_437xx.o(.text)
    DMA1_Stream7_IRQHandler                  0x08000293   Thumb Code     0  startup_stm32f427_437xx.o(.text)
    DMA2D_IRQHandler                         0x08000293   Thumb Code     0  startup_stm32f427_437xx.o(.text)
    DMA2_Stream0_IRQHandler                  0x08000293   Thumb Code     0  startup_stm32f427_437xx.o(.text)
    DMA2_Stream1_IRQHandler                  0x08000293   Thumb Code     0  startup_stm32f427_437xx.o(.text)
    DMA2_Stream2_IRQHandler                  0x08000293   Thumb Code     0  startup_stm32f427_437xx.o(.text)
    DMA2_Stream3_IRQHandler                  0x08000293   Thumb Code     0  startup_stm32f427_437xx.o(.text)
    DMA2_Stream4_IRQHandler                  0x08000293   Thumb Code     0  startup_stm32f427_437xx.o(.text)
    DMA2_Stream5_IRQHandler                  0x08000293   Thumb Code     0  startup_stm32f427_437xx.o(.text)
    DMA2_Stream6_IRQHandler                  0x08000293   Thumb Code     0  startup_stm32f427_437xx.o(.text)
    DMA2_Stream7_IRQHandler                  0x08000293   Thumb Code     0  startup_stm32f427_437xx.o(.text)
    ETH_IRQHandler                           0x08000293   Thumb Code     0  startup_stm32f427_437xx.o(.text)
    ETH_WKUP_IRQHandler                      0x08000293   Thumb Code     0  startup_stm32f427_437xx.o(.text)
    EXTI0_IRQHandler                         0x08000293   Thumb Code     0  startup_stm32f427_437xx.o(.text)
    EXTI15_10_IRQHandler                     0x08000293   Thumb Code     0  startup_stm32f427_437xx.o(.text)
    EXTI1_IRQHandler                         0x08000293   Thumb Code     0  startup_stm32f427_437xx.o(.text)
    EXTI2_IRQHandler                         0x08000293   Thumb Code     0  startup_stm32f427_437xx.o(.text)
    EXTI3_IRQHandler                         0x08000293   Thumb Code     0  startup_stm32f427_437xx.o(.text)
    EXTI4_IRQHandler                         0x08000293   Thumb Code     0  startup_stm32f427_437xx.o(.text)
    EXTI9_5_IRQHandler                       0x08000293   Thumb Code     0  startup_stm32f427_437xx.o(.text)
    FLASH_IRQHandler                         0x08000293   Thumb Code     0  startup_stm32f427_437xx.o(.text)
    FMC_IRQHandler                           0x08000293   Thumb Code     0  startup_stm32f427_437xx.o(.text)
    FPU_IRQHandler                           0x08000293   Thumb Code     0  startup_stm32f427_437xx.o(.text)
    HASH_RNG_IRQHandler                      0x08000293   Thumb Code     0  startup_stm32f427_437xx.o(.text)
    I2C1_ER_IRQHandler                       0x08000293   Thumb Code     0  startup_stm32f427_437xx.o(.text)
    I2C1_EV_IRQHandler                       0x08000293   Thumb Code     0  startup_stm32f427_437xx.o(.text)
    I2C2_ER_IRQHandler                       0x08000293   Thumb Code     0  startup_stm32f427_437xx.o(.text)
    I2C2_EV_IRQHandler                       0x08000293   Thumb Code     0  startup_stm32f427_437xx.o(.text)
    I2C3_ER_IRQHandler                       0x08000293   Thumb Code     0  startup_stm32f427_437xx.o(.text)
    I2C3_EV_IRQHandler                       0x08000293   Thumb Code     0  startup_stm32f427_437xx.o(.text)
    OTG_FS_IRQHandler                        0x08000293   Thumb Code     0  startup_stm32f427_437xx.o(.text)
    OTG_FS_WKUP_IRQHandler                   0x08000293   Thumb Code     0  startup_stm32f427_437xx.o(.text)
    OTG_HS_EP1_IN_IRQHandler                 0x08000293   Thumb Code     0  startup_stm32f427_437xx.o(.text)
    OTG_HS_EP1_OUT_IRQHandler                0x08000293   Thumb Code     0  startup_stm32f427_437xx.o(.text)
    OTG_HS_IRQHandler                        0x08000293   Thumb Code     0  startup_stm32f427_437xx.o(.text)
    OTG_HS_WKUP_IRQHandler                   0x08000293   Thumb Code     0  startup_stm32f427_437xx.o(.text)
    PVD_IRQHandler                           0x08000293   Thumb Code     0  startup_stm32f427_437xx.o(.text)
    RCC_IRQHandler                           0x08000293   Thumb Code     0  startup_stm32f427_437xx.o(.text)
    RTC_Alarm_IRQHandler                     0x08000293   Thumb Code     0  startup_stm32f427_437xx.o(.text)
    RTC_WKUP_IRQHandler                      0x08000293   Thumb Code     0  startup_stm32f427_437xx.o(.text)
    SAI1_IRQHandler                          0x08000293   Thumb Code     0  startup_stm32f427_437xx.o(.text)
    SDIO_IRQHandler                          0x08000293   Thumb Code     0  startup_stm32f427_437xx.o(.text)
    SPI1_IRQHandler                          0x08000293   Thumb Code     0  startup_stm32f427_437xx.o(.text)
    SPI2_IRQHandler                          0x08000293   Thumb Code     0  startup_stm32f427_437xx.o(.text)
    SPI3_IRQHandler                          0x08000293   Thumb Code     0  startup_stm32f427_437xx.o(.text)
    SPI4_IRQHandler                          0x08000293   Thumb Code     0  startup_stm32f427_437xx.o(.text)
    SPI5_IRQHandler                          0x08000293   Thumb Code     0  startup_stm32f427_437xx.o(.text)
    SPI6_IRQHandler                          0x08000293   Thumb Code     0  startup_stm32f427_437xx.o(.text)
    TAMP_STAMP_IRQHandler                    0x08000293   Thumb Code     0  startup_stm32f427_437xx.o(.text)
    TIM1_BRK_TIM9_IRQHandler                 0x08000293   Thumb Code     0  startup_stm32f427_437xx.o(.text)
    TIM1_CC_IRQHandler                       0x08000293   Thumb Code     0  startup_stm32f427_437xx.o(.text)
    TIM1_TRG_COM_TIM11_IRQHandler            0x08000293   Thumb Code     0  startup_stm32f427_437xx.o(.text)
    TIM1_UP_TIM10_IRQHandler                 0x08000293   Thumb Code     0  startup_stm32f427_437xx.o(.text)
    TIM2_IRQHandler                          0x08000293   Thumb Code     0  startup_stm32f427_437xx.o(.text)
    TIM3_IRQHandler                          0x08000293   Thumb Code     0  startup_stm32f427_437xx.o(.text)
    TIM4_IRQHandler                          0x08000293   Thumb Code     0  startup_stm32f427_437xx.o(.text)
    TIM5_IRQHandler                          0x08000293   Thumb Code     0  startup_stm32f427_437xx.o(.text)
    TIM7_IRQHandler                          0x08000293   Thumb Code     0  startup_stm32f427_437xx.o(.text)
    TIM8_BRK_TIM12_IRQHandler                0x08000293   Thumb Code     0  startup_stm32f427_437xx.o(.text)
    TIM8_CC_IRQHandler                       0x08000293   Thumb Code     0  startup_stm32f427_437xx.o(.text)
    TIM8_TRG_COM_TIM14_IRQHandler            0x08000293   Thumb Code     0  startup_stm32f427_437xx.o(.text)
    TIM8_UP_TIM13_IRQHandler                 0x08000293   Thumb Code     0  startup_stm32f427_437xx.o(.text)
    UART4_IRQHandler                         0x08000293   Thumb Code     0  startup_stm32f427_437xx.o(.text)
    UART5_IRQHandler                         0x08000293   Thumb Code     0  startup_stm32f427_437xx.o(.text)
    UART7_IRQHandler                         0x08000293   Thumb Code     0  startup_stm32f427_437xx.o(.text)
    UART8_IRQHandler                         0x08000293   Thumb Code     0  startup_stm32f427_437xx.o(.text)
    USART6_IRQHandler                        0x08000293   Thumb Code     0  startup_stm32f427_437xx.o(.text)
    WWDG_IRQHandler                          0x08000293   Thumb Code     0  startup_stm32f427_437xx.o(.text)
    __aeabi_memcpy                           0x0800029d   Thumb Code    36  memcpya.o(.text)
    __aeabi_memcpy4                          0x0800029d   Thumb Code     0  memcpya.o(.text)
    __aeabi_memcpy8                          0x0800029d   Thumb Code     0  memcpya.o(.text)
    __aeabi_memset                           0x080002c1   Thumb Code    14  memseta.o(.text)
    __aeabi_memset4                          0x080002c1   Thumb Code     0  memseta.o(.text)
    __aeabi_memset8                          0x080002c1   Thumb Code     0  memseta.o(.text)
    __aeabi_memclr                           0x080002cf   Thumb Code     4  memseta.o(.text)
    __aeabi_memclr4                          0x080002cf   Thumb Code     0  memseta.o(.text)
    __aeabi_memclr8                          0x080002cf   Thumb Code     0  memseta.o(.text)
    _memset$wrapper                          0x080002d3   Thumb Code    18  memseta.o(.text)
    __aeabi_dadd                             0x080002e5   Thumb Code   322  dadd.o(.text)
    __aeabi_dsub                             0x08000427   Thumb Code     6  dadd.o(.text)
    __aeabi_drsub                            0x0800042d   Thumb Code     6  dadd.o(.text)
    __aeabi_f2d                              0x08000433   Thumb Code    38  f2d.o(.text)
    __aeabi_d2f                              0x08000459   Thumb Code    56  d2f.o(.text)
    __aeabi_uidiv                            0x08000491   Thumb Code     0  uidiv.o(.text)
    __aeabi_uidivmod                         0x08000491   Thumb Code    44  uidiv.o(.text)
    __aeabi_llsl                             0x080004bd   Thumb Code    30  llshl.o(.text)
    _ll_shift_l                              0x080004bd   Thumb Code     0  llshl.o(.text)
    __aeabi_lasr                             0x080004db   Thumb Code    36  llsshr.o(.text)
    _ll_sshift_r                             0x080004db   Thumb Code     0  llsshr.o(.text)
    __I$use$fp                               0x080004ff   Thumb Code     0  iusefp.o(.text)
    _float_round                             0x080004ff   Thumb Code    18  fepilogue.o(.text)
    _float_epilogue                          0x08000511   Thumb Code    92  fepilogue.o(.text)
    _double_round                            0x0800056d   Thumb Code    30  depilogue.o(.text)
    _double_epilogue                         0x0800058b   Thumb Code   156  depilogue.o(.text)
    __aeabi_dmul                             0x08000627   Thumb Code   228  dmul.o(.text)
    __aeabi_ddiv                             0x0800070b   Thumb Code   222  ddiv.o(.text)
    __ARM_scalbn                             0x080007e9   Thumb Code    46  dscalb.o(.text)
    scalbn                                   0x080007e9   Thumb Code     0  dscalb.o(.text)
    __aeabi_i2d                              0x08000817   Thumb Code    34  dflti.o(.text)
    __aeabi_cdrcmple                         0x08000839   Thumb Code    48  cdrcmple.o(.text)
    __scatterload                            0x08000869   Thumb Code    28  init.o(.text)
    __scatterload_rt2                        0x08000869   Thumb Code     0  init.o(.text)
    __aeabi_llsr                             0x0800088d   Thumb Code    32  llushr.o(.text)
    _ll_ushift_r                             0x0800088d   Thumb Code     0  llushr.o(.text)
    _dsqrt                                   0x080008ad   Thumb Code   162  dsqrt.o(.text)
    Analysis_getinfo                         0x08000951   Thumb Code   732  analysis.o(i.Analysis_getinfo)
    BusFault_Handler                         0x08000c3d   Thumb Code     4  stm32f4xx_it.o(i.BusFault_Handler)
    CAN1_QuickInit                           0x08000c41   Thumb Code   224  can.o(i.CAN1_QuickInit)
    CAN1_RX0_IRQHandler                      0x08000d29   Thumb Code    74  stm32f4xx_it.o(i.CAN1_RX0_IRQHandler)
    CAN1_ReceiveTask                         0x08000d81   Thumb Code    32  taskcan.o(i.CAN1_ReceiveTask)
    CAN_ClearITPendingBit                    0x08000da5   Thumb Code   162  stm32f4xx_can.o(i.CAN_ClearITPendingBit)
    CAN_FilterInit                           0x08000e4d   Thumb Code   258  stm32f4xx_can.o(i.CAN_FilterInit)
    CAN_GetITStatus                          0x08000f55   Thumb Code   284  stm32f4xx_can.o(i.CAN_GetITStatus)
    CAN_ITConfig                             0x08001075   Thumb Code    18  stm32f4xx_can.o(i.CAN_ITConfig)
    CAN_Init                                 0x08001087   Thumb Code   276  stm32f4xx_can.o(i.CAN_Init)
    CAN_Receive                              0x0800119b   Thumb Code   240  stm32f4xx_can.o(i.CAN_Receive)
    CAN_SendData                             0x0800128b   Thumb Code    68  can.o(i.CAN_SendData)
    CAN_TaskCreate                           0x080012d1   Thumb Code    38  taskcan.o(i.CAN_TaskCreate)
    CAN_Transmit                             0x08001315   Thumb Code   294  stm32f4xx_can.o(i.CAN_Transmit)
    Chassical_Task                           0x0800143b   Thumb Code    22  taskcontrol.o(i.Chassical_Task)
    Chassis_CurrentSetting                   0x08001451   Thumb Code    78  currentsetting.o(i.Chassis_CurrentSetting)
    Chassis_Init                             0x080014a5   Thumb Code   144  chassiscontrol.o(i.Chassis_Init)
    Chassis_Judgement                        0x08001549   Thumb Code   110  chassiscontrol.o(i.Chassis_Judgement)
    Chassis_Process                          0x080015cd   Thumb Code   628  chassiscontrol.o(i.Chassis_Process)
    Cloud_And_Emitter_CurrentSetting         0x08001875   Thumb Code    78  currentsetting.o(i.Cloud_And_Emitter_CurrentSetting)
    Cloud_Init                               0x080018c9   Thumb Code   292  cloudcontrol.o(i.Cloud_Init)
    Cloud_Judgement                          0x08001a1d   Thumb Code    82  cloudcontrol.o(i.Cloud_Judgement)
    Cloud_Task                               0x08001a79   Thumb Code    22  taskcontrol.o(i.Cloud_Task)
    Control_TaskCreate                       0x08001a91   Thumb Code    84  taskcontrol.o(i.Control_TaskCreate)
    DMA_Cmd                                  0x08001b41   Thumb Code    22  stm32f4xx_dma.o(i.DMA_Cmd)
    DMA_DeInit                               0x08001b59   Thumb Code   324  stm32f4xx_dma.o(i.DMA_DeInit)
    DMA_GetCmdStatus                         0x08001cb1   Thumb Code    20  stm32f4xx_dma.o(i.DMA_GetCmdStatus)
    DMA_GetCurrDataCounter                   0x08001cc5   Thumb Code     8  stm32f4xx_dma.o(i.DMA_GetCurrDataCounter)
    DMA_Init                                 0x08001ccd   Thumb Code    82  stm32f4xx_dma.o(i.DMA_Init)
    DMA_SetCurrDataCounter                   0x08001d25   Thumb Code     4  stm32f4xx_dma.o(i.DMA_SetCurrDataCounter)
    DR16_Init                                0x08001d29   Thumb Code    18  dr16.o(i.DR16_Init)
    DR16_Key_Whether_Process                 0x08001d45   Thumb Code    66  key.o(i.DR16_Key_Whether_Process)
    DR16_Process                             0x08001d89   Thumb Code   412  dr16.o(i.DR16_Process)
    Data_Suppres                             0x08001f45   Thumb Code    36  dr16.o(i.Data_Suppres)
    DebugMon_Handler                         0x08001f69   Thumb Code     2  stm32f4xx_it.o(i.DebugMon_Handler)
    DevicesFlash                             0x08001f6d   Thumb Code   312  devices_flash.o(i.DevicesFlash)
    Devices_Task                             0x080020b9   Thumb Code    22  taskcontrol.o(i.Devices_Task)
    Double_Cloud_process                     0x080020d1   Thumb Code   704  cloudcontrol.o(i.Double_Cloud_process)
    Filter_IIRLPF                            0x080023c9   Thumb Code    26  filter.o(i.Filter_IIRLPF)
    ForceSetting_YAWIMUCloudpointing         0x080023e5   Thumb Code    20  cloudcontrol.o(i.ForceSetting_YAWIMUCloudpointing)
    GPIO_Init                                0x080023fd   Thumb Code   144  stm32f4xx_gpio.o(i.GPIO_Init)
    GPIO_PinAFConfig                         0x0800248d   Thumb Code    70  stm32f4xx_gpio.o(i.GPIO_PinAFConfig)
    GPIO_SetBits                             0x080024d3   Thumb Code     4  stm32f4xx_gpio.o(i.GPIO_SetBits)
    GPIO_ToggleBits                          0x080024d7   Thumb Code     8  stm32f4xx_gpio.o(i.GPIO_ToggleBits)
    GPIO_WriteBit                            0x080024df   Thumb Code    10  stm32f4xx_gpio.o(i.GPIO_WriteBit)
    GY_IMU_Checksum                          0x080024e9   Thumb Code    36  imu.o(i.GY_IMU_Checksum)
    GY_IMU_getInfo                           0x0800250d   Thumb Code   452  imu.o(i.GY_IMU_getInfo)
    GetSwitch_ModeChassis                    0x080026dd   Thumb Code     6  dr16.o(i.GetSwitch_ModeChassis)
    GetSwitch_ModeCloud                      0x080026e9   Thumb Code     6  dr16.o(i.GetSwitch_ModeCloud)
    Get_Cloud_PITCHAngle_withDown            0x080026f5   Thumb Code    20  cloudcontrol.o(i.Get_Cloud_PITCHAngle_withDown)
    Get_Cloud_YAWAngle_withLeft              0x08002711   Thumb Code    28  cloudcontrol.o(i.Get_Cloud_YAWAngle_withLeft)
    HardFault_Handler                        0x08002739   Thumb Code     4  stm32f4xx_it.o(i.HardFault_Handler)
    IMU_Init                                 0x0800273d   Thumb Code    20  imu.o(i.IMU_Init)
    IncrementalPID_Calculation               0x08002755   Thumb Code   266  pid.o(i.IncrementalPID_Calculation)
    IncrementalPID_Init                      0x08002869   Thumb Code    66  pid.o(i.IncrementalPID_Init)
    Ki_Limiting                              0x080028b1   Thumb Code    46  mathing.o(i.Ki_Limiting)
    LED_Init                                 0x080028e1   Thumb Code   422  led.o(i.LED_Init)
    LED_LightTask                            0x08002a95   Thumb Code   128  taskcontrol.o(i.LED_LightTask)
    Laser_Init                               0x08002b19   Thumb Code    56  laser.o(i.Laser_Init)
    M2006_ZeroDealing_platform               0x08002b55   Thumb Code   144  analysis.o(i.M2006_ZeroDealing_platform)
    M6623_ZeroDealing_platform               0x08002bed   Thumb Code   144  analysis.o(i.M6623_ZeroDealing_platform)
    M6623_setTargetAngle                     0x08002c85   Thumb Code    14  cloudcontrol.o(i.M6623_setTargetAngle)
    MecanumCalculation                       0x08002c99   Thumb Code   472  chassiscontrol.o(i.MecanumCalculation)
    MemManage_Handler                        0x08002e81   Thumb Code     4  stm32f4xx_it.o(i.MemManage_Handler)
    NMI_Handler                              0x08002e85   Thumb Code     2  stm32f4xx_it.o(i.NMI_Handler)
    NVIC_Config                              0x08002e87   Thumb Code    40  nvic.o(i.NVIC_Config)
    NVIC_Init                                0x08002eb1   Thumb Code   106  misc.o(i.NVIC_Init)
    NVIC_PriorityGroupConfig                 0x08002f29   Thumb Code    10  misc.o(i.NVIC_PriorityGroupConfig)
    Output_Limting                           0x08002f3d   Thumb Code    46  mathing.o(i.Output_Limting)
    PC_MODE_Init                             0x08002f6d   Thumb Code    12  pccontrol.o(i.PC_MODE_Init)
    PositionPID_Calculation                  0x08002f7d   Thumb Code   264  pid.o(i.PositionPID_Calculation)
    PositionPID_Init                         0x08003089   Thumb Code    58  pid.o(i.PositionPID_Init)
    RCC_AHB1PeriphClockCmd                   0x080030c9   Thumb Code    26  stm32f4xx_rcc.o(i.RCC_AHB1PeriphClockCmd)
    RCC_APB1PeriphClockCmd                   0x080030e9   Thumb Code    26  stm32f4xx_rcc.o(i.RCC_APB1PeriphClockCmd)
    RCC_APB2PeriphClockCmd                   0x08003109   Thumb Code    26  stm32f4xx_rcc.o(i.RCC_APB2PeriphClockCmd)
    RCC_GetClocksFreq                        0x08003129   Thumb Code   214  stm32f4xx_rcc.o(i.RCC_GetClocksFreq)
    Rocker_Stander                           0x08003211   Thumb Code   274  dr16.o(i.Rocker_Stander)
    SysTick_Handler                          0x08003455   Thumb Code    16  stm32f4xx_it.o(i.SysTick_Handler)
    SystemInit                               0x08003465   Thumb Code    88  system_stm32f4xx.o(i.SystemInit)
    TIM6_DAC_IRQHandler                      0x080034cd   Thumb Code     2  stm32f4xx_it.o(i.TIM6_DAC_IRQHandler)
    TaskStart                                0x080034d1   Thumb Code    90  taskinit.o(i.TaskStart)
    USART1_IRQHandler                        0x08003531   Thumb Code    88  stm32f4xx_it.o(i.USART1_IRQHandler)
    USART1_QuickInit                         0x0800359d   Thumb Code   156  uasrt.o(i.USART1_QuickInit)
    USART1_RXDMA_Config                      0x08003641   Thumb Code   130  uasrt.o(i.USART1_RXDMA_Config)
    USART1_ReceiveTask                       0x080036cd   Thumb Code    34  taskusart.o(i.USART1_ReceiveTask)
    USART2_IRQHandler                        0x080036f9   Thumb Code     2  stm32f4xx_it.o(i.USART2_IRQHandler)
    USART3_IRQHandler                        0x080036fd   Thumb Code   106  stm32f4xx_it.o(i.USART3_IRQHandler)
    USART3_QuickInit                         0x08003781   Thumb Code   158  uasrt.o(i.USART3_QuickInit)
    USART3_RXDMA_Config                      0x08003829   Thumb Code   130  uasrt.o(i.USART3_RXDMA_Config)
    USART3_ReceiveTask                       0x080038b5   Thumb Code    32  taskusart.o(i.USART3_ReceiveTask)
    USART_Cmd                                0x080038e1   Thumb Code    24  stm32f4xx_usart.o(i.USART_Cmd)
    USART_DMACmd                             0x080038f9   Thumb Code    18  stm32f4xx_usart.o(i.USART_DMACmd)
    USART_GetFlagStatus                      0x0800390b   Thumb Code    26  stm32f4xx_usart.o(i.USART_GetFlagStatus)
    USART_GetITStatus                        0x08003925   Thumb Code    84  stm32f4xx_usart.o(i.USART_GetITStatus)
    USART_ITConfig                           0x08003979   Thumb Code    74  stm32f4xx_usart.o(i.USART_ITConfig)
    USART_Init                               0x080039c5   Thumb Code   204  stm32f4xx_usart.o(i.USART_Init)
    USART_SendData                           0x08003a99   Thumb Code     8  stm32f4xx_usart.o(i.USART_SendData)
    USART_TaskCreate                         0x08003aa1   Thumb Code    72  taskusart.o(i.USART_TaskCreate)
    UsageFault_Handler                       0x08003b29   Thumb Code     4  stm32f4xx_it.o(i.UsageFault_Handler)
    __0printf$3                              0x08003b2d   Thumb Code    22  printf3.o(i.__0printf$3)
    __1printf$3                              0x08003b2d   Thumb Code     0  printf3.o(i.__0printf$3)
    __2printf                                0x08003b2d   Thumb Code     0  printf3.o(i.__0printf$3)
    __ARM_fpclassify                         0x08003b4d   Thumb Code    48  fpclassify.o(i.__ARM_fpclassify)
    __hardfp_atan                            0x08003b81   Thumb Code   622  atan.o(i.__hardfp_atan)
    __hardfp_atan2                           0x08003e59   Thumb Code   432  atan2.o(i.__hardfp_atan2)
    __hardfp_pow                             0x08004049   Thumb Code  3072  pow.o(i.__hardfp_pow)
    __kernel_poly                            0x08004c99   Thumb Code   248  poly.o(i.__kernel_poly)
    __mathlib_dbl_divzero                    0x08004d91   Thumb Code    28  dunder.o(i.__mathlib_dbl_divzero)
    __mathlib_dbl_infnan                     0x08004dc1   Thumb Code    20  dunder.o(i.__mathlib_dbl_infnan)
    __mathlib_dbl_infnan2                    0x08004dd5   Thumb Code    20  dunder.o(i.__mathlib_dbl_infnan2)
    __mathlib_dbl_invalid                    0x08004de9   Thumb Code    24  dunder.o(i.__mathlib_dbl_invalid)
    __mathlib_dbl_overflow                   0x08004e09   Thumb Code    24  dunder.o(i.__mathlib_dbl_overflow)
    __mathlib_dbl_underflow                  0x08004e29   Thumb Code    24  dunder.o(i.__mathlib_dbl_underflow)
    __scatterload_copy                       0x08004e49   Thumb Code    14  handlers.o(i.__scatterload_copy)
    __scatterload_null                       0x08004e57   Thumb Code     2  handlers.o(i.__scatterload_null)
    __scatterload_zeroinit                   0x08004e59   Thumb Code    14  handlers.o(i.__scatterload_zeroinit)
    __set_errno                              0x08004e69   Thumb Code     6  errno.o(i.__set_errno)
    abs_Calculation                          0x0800502d   Thumb Code    32  mathing.o(i.abs_Calculation)
    atan                                     0x0800504d   Thumb Code    16  atan.o(i.atan)
    fabs                                     0x0800505d   Thumb Code    24  fabs.o(i.fabs)
    fputc                                    0x08005075   Thumb Code    36  uasrt.o(i.fputc)
    main                                     0x0800509d   Thumb Code    30  main.o(i.main)
    pvPortMalloc                             0x08005bd5   Thumb Code   262  heap_4.o(i.pvPortMalloc)
    pvTaskIncrementMutexHeldCount            0x08005d2d   Thumb Code    26  tasks.o(i.pvTaskIncrementMutexHeldCount)
    pxPortInitialiseStack                    0x08005d4d   Thumb Code    38  port.o(i.pxPortInitialiseStack)
    sqrt                                     0x08005d79   Thumb Code   110  sqrt.o(i.sqrt)
    uxListRemove                             0x08005de7   Thumb Code    40  list.o(i.uxListRemove)
    vListInitialise                          0x08005e0f   Thumb Code    26  list.o(i.vListInitialise)
    vListInitialiseItem                      0x08005e29   Thumb Code     6  list.o(i.vListInitialiseItem)
    vListInsert                              0x08005e2f   Thumb Code    52  list.o(i.vListInsert)
    vListInsertEnd                           0x08005e63   Thumb Code    24  list.o(i.vListInsertEnd)
    vPortEnterCritical                       0x08005e7d   Thumb Code    68  port.o(i.vPortEnterCritical)
    vPortExitCritical                        0x08005f09   Thumb Code    48  port.o(i.vPortExitCritical)
    vPortFree                                0x08005f7d   Thumb Code   120  heap_4.o(i.vPortFree)
    vPortSetupTimerInterrupt                 0x08006039   Thumb Code    26  port.o(i.vPortSetupTimerInterrupt)
    vPortValidateInterruptPriority           0x08006059   Thumb Code    86  port.o(i.vPortValidateInterruptPriority)
    vQueueAddToRegistry                      0x080060fd   Thumb Code    38  queue.o(i.vQueueAddToRegistry)
    vQueueWaitForMessageRestricted           0x08006129   Thumb Code    74  queue.o(i.vQueueWaitForMessageRestricted)
    vTaskDelay                               0x08006175   Thumb Code    72  tasks.o(i.vTaskDelay)
    vTaskDelayUntil                          0x080061ed   Thumb Code   170  tasks.o(i.vTaskDelayUntil)
    vTaskDelete                              0x080062cd   Thumb Code   192  tasks.o(i.vTaskDelete)
    vTaskMissedYield                         0x080063dd   Thumb Code     8  tasks.o(i.vTaskMissedYield)
    vTaskPlaceOnEventList                    0x080063e9   Thumb Code    42  tasks.o(i.vTaskPlaceOnEventList)
    vTaskPlaceOnEventListRestricted          0x08006441   Thumb Code    50  tasks.o(i.vTaskPlaceOnEventListRestricted)
    vTaskPriorityInherit                     0x080064a1   Thumb Code   164  tasks.o(i.vTaskPriorityInherit)
    vTaskSetTimeOutState                     0x08006551   Thumb Code    32  tasks.o(i.vTaskSetTimeOutState)
    vTaskStartScheduler                      0x080065a1   Thumb Code   108  tasks.o(i.vTaskStartScheduler)
    vTaskSuspendAll                          0x08006651   Thumb Code    12  tasks.o(i.vTaskSuspendAll)
    vTaskSwitchContext                       0x08006661   Thumb Code   110  tasks.o(i.vTaskSwitchContext)
    xPortStartScheduler                      0x0800670d   Thumb Code   258  port.o(i.xPortStartScheduler)
    xPortSysTickHandler                      0x0800686d   Thumb Code    46  port.o(i.xPortSysTickHandler)
    xQueueGenericCreate                      0x080068a1   Thumb Code    78  queue.o(i.xQueueGenericCreate)
    xQueueGenericReceive                     0x08006919   Thumb Code   416  queue.o(i.xQueueGenericReceive)
    xQueueGenericReset                       0x08006ae5   Thumb Code   136  queue.o(i.xQueueGenericReset)
    xQueueGenericSend                        0x08006b99   Thumb Code   412  queue.o(i.xQueueGenericSend)
    xQueueGenericSendFromISR                 0x08006d61   Thumb Code   234  queue.o(i.xQueueGenericSendFromISR)
    xTaskCheckForTimeOut                     0x08006e75   Thumb Code   116  tasks.o(i.xTaskCheckForTimeOut)
    xTaskCreate                              0x08006f19   Thumb Code    96  tasks.o(i.xTaskCreate)
    xTaskGetSchedulerState                   0x08006f79   Thumb Code    24  tasks.o(i.xTaskGetSchedulerState)
    xTaskGetTickCount                        0x08006f99   Thumb Code     6  tasks.o(i.xTaskGetTickCount)
    xTaskIncrementTick                       0x08006fa5   Thumb Code   272  tasks.o(i.xTaskIncrementTick)
    xTaskPriorityDisinherit                  0x08007109   Thumb Code   168  tasks.o(i.xTaskPriorityDisinherit)
    xTaskRemoveFromEventList                 0x080071e5   Thumb Code   118  tasks.o(i.xTaskRemoveFromEventList)
    xTaskResumeAll                           0x0800729d   Thumb Code   214  tasks.o(i.xTaskResumeAll)
    xTimerCreateTimerTask                    0x080073c1   Thumb Code    56  timers.o(i.xTimerCreateTimerTask)
    xTimerGenericCommand                     0x08007435   Thumb Code   118  timers.o(i.xTimerGenericCommand)
    __mathlib_zero                           0x080075f8   Data           8  qnan.o(.constdata)
    Region$$Table$$Base                      0x08007600   Number         0  anon$$obj.o(Region$$Table)
    Region$$Table$$Limit                     0x08007620   Number         0  anon$$obj.o(Region$$Table)
    s_U3dataLength                           0x20000000   Data           2  stm32f4xx_it.o(.data)
    StartTaskHandler                         0x20000004   Data           4  taskinit.o(.data)
    xUsart1RxQueue                           0x20000010   Data           4  taskusart.o(.data)
    xUsart3RxQueue                           0x20000014   Data           4  taskusart.o(.data)
    xCan1RxQueue                             0x2000001c   Data           4  taskcan.o(.data)
    s_speed                                  0x20000034   Data           8  chassiscontrol.o(.data)
    pxCurrentTCB                             0x20000040   Data           4  tasks.o(.data)
    SystemCoreClock                          0x200000c4   Data           4  system_stm32f4xx.o(.data)
    AHBPrescTable                            0x200000c8   Data          16  system_stm32f4xx.o(.data)
    __stdout                                 0x200000d8   Data           4  stdout.o(.data)
    DR16_Buff                                0x200000e0   Data          20  dr16.o(.bss)
    DR16                                     0x200000f4   Data          24  dr16.o(.bss)
    rocket_Left                              0x2000010c   Data          20  dr16.o(.bss)
    rocket_Right                             0x20000120   Data          20  dr16.o(.bss)
    pcRocket                                 0x20000134   Data          20  dr16.o(.bss)
    keyBorad                                 0x20000148   Data          12  dr16.o(.bss)
    MouseKeyLeft                             0x20000154   Data          12  dr16.o(.bss)
    MouseKeyRight                            0x20000160   Data          12  dr16.o(.bss)
    Cloud_GY_IMU_RXBUFF                      0x2000016c   Data          30  imu.o(.bss)
    Cloud_IMU                                0x2000018c   Data          40  imu.o(.bss)
    RM3508s                                  0x200001b4   Data         304  analysis.o(.bss)
    RM6623s                                  0x200002e4   Data         240  analysis.o(.bss)
    RM2006s                                  0x200003d4   Data         124  analysis.o(.bss)
    RGM6020                                  0x20000450   Data          64  analysis.o(.bss)
    Chassis                                  0x20000490   Data          76  chassiscontrol.o(.bss)
    Cloud                                    0x200004dc   Data         232  cloudcontrol.o(.bss)
    pc                                       0x200005c4   Data          12  pccontrol.o(.bss)
    xQueueRegistry                           0x200005d0   Data          64  queue.o(.bss)
    __initial_sp                             0x2000c520   Data           0  startup_stm32f427_437xx.o(STACK)



==============================================================================

Memory Map of the image

  Image Entry point : 0x080001ad

  Load Region LR_IROM1 (Base: 0x08000000, Size: 0x00007700, Max: 0x00200000, ABSOLUTE)

    Execution Region ER_IROM1 (Exec base: 0x08000000, Load base: 0x08000000, Size: 0x00007620, Max: 0x00200000, ABSOLUTE)

    Exec Addr    Load Addr    Size         Type   Attr      Idx    E Section Name        Object

    0x08000000   0x08000000   0x000001ac   Data   RO         7526    RESET               startup_stm32f427_437xx.o
    0x080001ac   0x080001ac   0x00000000   Code   RO         7557  * .ARM.Collect$$$$00000000  mc_w.l(entry.o)
    0x080001ac   0x080001ac   0x00000004   Code   RO         7888    .ARM.Collect$$$$00000001  mc_w.l(entry2.o)
    0x080001b0   0x080001b0   0x00000004   Code   RO         7891    .ARM.Collect$$$$00000004  mc_w.l(entry5.o)
    0x080001b4   0x080001b4   0x00000000   Code   RO         7893    .ARM.Collect$$$$00000008  mc_w.l(entry7b.o)
    0x080001b4   0x080001b4   0x00000000   Code   RO         7895    .ARM.Collect$$$$0000000A  mc_w.l(entry8b.o)
    0x080001b4   0x080001b4   0x00000008   Code   RO         7896    .ARM.Collect$$$$0000000B  mc_w.l(entry9a.o)
    0x080001bc   0x080001bc   0x00000000   Code   RO         7898    .ARM.Collect$$$$0000000D  mc_w.l(entry10a.o)
    0x080001bc   0x080001bc   0x00000000   Code   RO         7900    .ARM.Collect$$$$0000000F  mc_w.l(entry11a.o)
    0x080001bc   0x080001bc   0x00000004   Code   RO         7889    .ARM.Collect$$$$00002712  mc_w.l(entry2.o)
    0x080001c0   0x080001c0   0x000000b6   Code   RO         2332    .emb_text           port.o
    0x08000276   0x08000276   0x00000002   PAD
    0x08000278   0x08000278   0x00000024   Code   RO         7527    .text               startup_stm32f427_437xx.o
    0x0800029c   0x0800029c   0x00000024   Code   RO         7560    .text               mc_w.l(memcpya.o)
    0x080002c0   0x080002c0   0x00000024   Code   RO         7562    .text               mc_w.l(memseta.o)
    0x080002e4   0x080002e4   0x0000014e   Code   RO         7831    .text               mf_w.l(dadd.o)
    0x08000432   0x08000432   0x00000026   Code   RO         7833    .text               mf_w.l(f2d.o)
    0x08000458   0x08000458   0x00000038   Code   RO         7835    .text               mf_w.l(d2f.o)
    0x08000490   0x08000490   0x0000002c   Code   RO         7903    .text               mc_w.l(uidiv.o)
    0x080004bc   0x080004bc   0x0000001e   Code   RO         7907    .text               mc_w.l(llshl.o)
    0x080004da   0x080004da   0x00000024   Code   RO         7909    .text               mc_w.l(llsshr.o)
    0x080004fe   0x080004fe   0x00000000   Code   RO         7918    .text               mc_w.l(iusefp.o)
    0x080004fe   0x080004fe   0x0000006e   Code   RO         7919    .text               mf_w.l(fepilogue.o)
    0x0800056c   0x0800056c   0x000000ba   Code   RO         7921    .text               mf_w.l(depilogue.o)
    0x08000626   0x08000626   0x000000e4   Code   RO         7923    .text               mf_w.l(dmul.o)
    0x0800070a   0x0800070a   0x000000de   Code   RO         7925    .text               mf_w.l(ddiv.o)
    0x080007e8   0x080007e8   0x0000002e   Code   RO         7929    .text               mf_w.l(dscalb.o)
    0x08000816   0x08000816   0x00000022   Code   RO         7931    .text               mf_w.l(dflti.o)
    0x08000838   0x08000838   0x00000030   Code   RO         7935    .text               mf_w.l(cdrcmple.o)
    0x08000868   0x08000868   0x00000024   Code   RO         7937    .text               mc_w.l(init.o)
    0x0800088c   0x0800088c   0x00000020   Code   RO         7939    .text               mc_w.l(llushr.o)
    0x080008ac   0x080008ac   0x000000a2   Code   RO         7941    .text               mf_w.l(dsqrt.o)
    0x0800094e   0x0800094e   0x00000002   PAD
    0x08000950   0x08000950   0x000002ec   Code   RO          732    i.Analysis_getinfo  analysis.o
    0x08000c3c   0x08000c3c   0x00000004   Code   RO            4    i.BusFault_Handler  stm32f4xx_it.o
    0x08000c40   0x08000c40   0x000000e8   Code   RO          997    i.CAN1_QuickInit    can.o
    0x08000d28   0x08000d28   0x00000058   Code   RO            5    i.CAN1_RX0_IRQHandler  stm32f4xx_it.o
    0x08000d80   0x08000d80   0x00000024   Code   RO          440    i.CAN1_ReceiveTask  taskcan.o
    0x08000da4   0x08000da4   0x000000a8   Code   RO         2717    i.CAN_ClearITPendingBit  stm32f4xx_can.o
    0x08000e4c   0x08000e4c   0x00000108   Code   RO         2721    i.CAN_FilterInit    stm32f4xx_can.o
    0x08000f54   0x08000f54   0x00000120   Code   RO         2723    i.CAN_GetITStatus   stm32f4xx_can.o
    0x08001074   0x08001074   0x00000012   Code   RO         2727    i.CAN_ITConfig      stm32f4xx_can.o
    0x08001086   0x08001086   0x00000114   Code   RO         2728    i.CAN_Init          stm32f4xx_can.o
    0x0800119a   0x0800119a   0x000000f0   Code   RO         2731    i.CAN_Receive       stm32f4xx_can.o
    0x0800128a   0x0800128a   0x00000044   Code   RO          998    i.CAN_SendData      can.o
    0x080012ce   0x080012ce   0x00000002   PAD
    0x080012d0   0x080012d0   0x00000044   Code   RO          441    i.CAN_TaskCreate    taskcan.o
    0x08001314   0x08001314   0x00000126   Code   RO         2736    i.CAN_Transmit      stm32f4xx_can.o
    0x0800143a   0x0800143a   0x00000016   Code   RO          479    i.Chassical_Task    taskcontrol.o
    0x08001450   0x08001450   0x00000054   Code   RO          774    i.Chassis_CurrentSetting  currentsetting.o
    0x080014a4   0x080014a4   0x000000a4   Code   RO          840    i.Chassis_Init      chassiscontrol.o
    0x08001548   0x08001548   0x00000084   Code   RO          841    i.Chassis_Judgement  chassiscontrol.o
    0x080015cc   0x080015cc   0x00000294   Code   RO          842    i.Chassis_Process   chassiscontrol.o
    0x08001860   0x08001860   0x00000012   Code   RO         2739    i.CheckITStatus     stm32f4xx_can.o
    0x08001872   0x08001872   0x00000002   PAD
    0x08001874   0x08001874   0x00000054   Code   RO          775    i.Cloud_And_Emitter_CurrentSetting  currentsetting.o
    0x080018c8   0x080018c8   0x00000154   Code   RO          889    i.Cloud_Init        cloudcontrol.o
    0x08001a1c   0x08001a1c   0x0000005c   Code   RO          890    i.Cloud_Judgement   cloudcontrol.o
    0x08001a78   0x08001a78   0x00000016   Code   RO          480    i.Cloud_Task        taskcontrol.o
    0x08001a8e   0x08001a8e   0x00000002   PAD
    0x08001a90   0x08001a90   0x000000b0   Code   RO          481    i.Control_TaskCreate  taskcontrol.o
    0x08001b40   0x08001b40   0x00000016   Code   RO         3496    i.DMA_Cmd           stm32f4xx_dma.o
    0x08001b56   0x08001b56   0x00000002   PAD
    0x08001b58   0x08001b58   0x00000158   Code   RO         3497    i.DMA_DeInit        stm32f4xx_dma.o
    0x08001cb0   0x08001cb0   0x00000014   Code   RO         3501    i.DMA_GetCmdStatus  stm32f4xx_dma.o
    0x08001cc4   0x08001cc4   0x00000008   Code   RO         3502    i.DMA_GetCurrDataCounter  stm32f4xx_dma.o
    0x08001ccc   0x08001ccc   0x00000058   Code   RO         3508    i.DMA_Init          stm32f4xx_dma.o
    0x08001d24   0x08001d24   0x00000004   Code   RO         3511    i.DMA_SetCurrDataCounter  stm32f4xx_dma.o
    0x08001d28   0x08001d28   0x0000001c   Code   RO          532    i.DR16_Init         dr16.o
    0x08001d44   0x08001d44   0x00000042   Code   RO         1292    i.DR16_Key_Whether_Process  key.o
    0x08001d86   0x08001d86   0x00000002   PAD
    0x08001d88   0x08001d88   0x000001bc   Code   RO          533    i.DR16_Process      dr16.o
    0x08001f44   0x08001f44   0x00000024   Code   RO          534    i.Data_Suppres      dr16.o
    0x08001f68   0x08001f68   0x00000002   Code   RO            6    i.DebugMon_Handler  stm32f4xx_it.o
    0x08001f6a   0x08001f6a   0x00000002   PAD
    0x08001f6c   0x08001f6c   0x0000014c   Code   RO          611    i.DevicesFlash      devices_flash.o
    0x080020b8   0x080020b8   0x00000016   Code   RO          482    i.Devices_Task      taskcontrol.o
    0x080020ce   0x080020ce   0x00000002   PAD
    0x080020d0   0x080020d0   0x000002f8   Code   RO          891    i.Double_Cloud_process  cloudcontrol.o
    0x080023c8   0x080023c8   0x0000001a   Code   RO          810    i.Filter_IIRLPF     filter.o
    0x080023e2   0x080023e2   0x00000002   PAD
    0x080023e4   0x080023e4   0x00000018   Code   RO          892    i.ForceSetting_YAWIMUCloudpointing  cloudcontrol.o
    0x080023fc   0x080023fc   0x00000090   Code   RO         4341    i.GPIO_Init         stm32f4xx_gpio.o
    0x0800248c   0x0800248c   0x00000046   Code   RO         4342    i.GPIO_PinAFConfig  stm32f4xx_gpio.o
    0x080024d2   0x080024d2   0x00000004   Code   RO         4349    i.GPIO_SetBits      stm32f4xx_gpio.o
    0x080024d6   0x080024d6   0x00000008   Code   RO         4351    i.GPIO_ToggleBits   stm32f4xx_gpio.o
    0x080024de   0x080024de   0x0000000a   Code   RO         4353    i.GPIO_WriteBit     stm32f4xx_gpio.o
    0x080024e8   0x080024e8   0x00000024   Code   RO          635    i.GY_IMU_Checksum   imu.o
    0x0800250c   0x0800250c   0x000001d0   Code   RO          636    i.GY_IMU_getInfo    imu.o
    0x080026dc   0x080026dc   0x0000000c   Code   RO          536    i.GetSwitch_ModeChassis  dr16.o
    0x080026e8   0x080026e8   0x0000000c   Code   RO          537    i.GetSwitch_ModeCloud  dr16.o
    0x080026f4   0x080026f4   0x0000001c   Code   RO          894    i.Get_Cloud_PITCHAngle_withDown  cloudcontrol.o
    0x08002710   0x08002710   0x00000028   Code   RO          896    i.Get_Cloud_YAWAngle_withLeft  cloudcontrol.o
    0x08002738   0x08002738   0x00000004   Code   RO            7    i.HardFault_Handler  stm32f4xx_it.o
    0x0800273c   0x0800273c   0x00000018   Code   RO          637    i.IMU_Init          imu.o
    0x08002754   0x08002754   0x00000114   Code   RO          678    i.IncrementalPID_Calculation  pid.o
    0x08002868   0x08002868   0x00000048   Code   RO          679    i.IncrementalPID_Init  pid.o
    0x080028b0   0x080028b0   0x0000002e   Code   RO         1241    i.Ki_Limiting       mathing.o
    0x080028de   0x080028de   0x00000002   PAD
    0x080028e0   0x080028e0   0x000001b4   Code   RO         1069    i.LED_Init          led.o
    0x08002a94   0x08002a94   0x00000084   Code   RO          483    i.LED_LightTask     taskcontrol.o
    0x08002b18   0x08002b18   0x0000003c   Code   RO         1268    i.Laser_Init        laser.o
    0x08002b54   0x08002b54   0x00000098   Code   RO          733    i.M2006_ZeroDealing_platform  analysis.o
    0x08002bec   0x08002bec   0x00000098   Code   RO          734    i.M6623_ZeroDealing_platform  analysis.o
    0x08002c84   0x08002c84   0x00000014   Code   RO          897    i.M6623_setTargetAngle  cloudcontrol.o
    0x08002c98   0x08002c98   0x000001e8   Code   RO          843    i.MecanumCalculation  chassiscontrol.o
    0x08002e80   0x08002e80   0x00000004   Code   RO            8    i.MemManage_Handler  stm32f4xx_it.o
    0x08002e84   0x08002e84   0x00000002   Code   RO            9    i.NMI_Handler       stm32f4xx_it.o
    0x08002e86   0x08002e86   0x00000028   Code   RO         1093    i.NVIC_Config       nvic.o
    0x08002eae   0x08002eae   0x00000002   PAD
    0x08002eb0   0x08002eb0   0x00000078   Code   RO         2421    i.NVIC_Init         misc.o
    0x08002f28   0x08002f28   0x00000014   Code   RO         2422    i.NVIC_PriorityGroupConfig  misc.o
    0x08002f3c   0x08002f3c   0x0000002e   Code   RO         1242    i.Output_Limting    mathing.o
    0x08002f6a   0x08002f6a   0x00000002   PAD
    0x08002f6c   0x08002f6c   0x00000010   Code   RO          967    i.PC_MODE_Init      pccontrol.o
    0x08002f7c   0x08002f7c   0x0000010c   Code   RO          680    i.PositionPID_Calculation  pid.o
    0x08003088   0x08003088   0x00000040   Code   RO          681    i.PositionPID_Init  pid.o
    0x080030c8   0x080030c8   0x00000020   Code   RO         5279    i.RCC_AHB1PeriphClockCmd  stm32f4xx_rcc.o
    0x080030e8   0x080030e8   0x00000020   Code   RO         5288    i.RCC_APB1PeriphClockCmd  stm32f4xx_rcc.o
    0x08003108   0x08003108   0x00000020   Code   RO         5291    i.RCC_APB2PeriphClockCmd  stm32f4xx_rcc.o
    0x08003128   0x08003128   0x000000e8   Code   RO         5300    i.RCC_GetClocksFreq  stm32f4xx_rcc.o
    0x08003210   0x08003210   0x00000124   Code   RO          538    i.Rocker_Stander    dr16.o
    0x08003334   0x08003334   0x00000120   Code   RO         7486    i.SetSysClock       system_stm32f4xx.o
    0x08003454   0x08003454   0x00000010   Code   RO           10    i.SysTick_Handler   stm32f4xx_it.o
    0x08003464   0x08003464   0x00000068   Code   RO         7488    i.SystemInit        system_stm32f4xx.o
    0x080034cc   0x080034cc   0x00000002   Code   RO           11    i.TIM6_DAC_IRQHandler  stm32f4xx_it.o
    0x080034ce   0x080034ce   0x00000002   PAD
    0x080034d0   0x080034d0   0x00000060   Code   RO          367    i.TaskStart         taskinit.o
    0x08003530   0x08003530   0x0000006c   Code   RO           12    i.USART1_IRQHandler  stm32f4xx_it.o
    0x0800359c   0x0800359c   0x000000a4   Code   RO         1164    i.USART1_QuickInit  uasrt.o
    0x08003640   0x08003640   0x0000008c   Code   RO         1165    i.USART1_RXDMA_Config  uasrt.o
    0x080036cc   0x080036cc   0x0000002c   Code   RO          397    i.USART1_ReceiveTask  taskusart.o
    0x080036f8   0x080036f8   0x00000002   Code   RO           13    i.USART2_IRQHandler  stm32f4xx_it.o
    0x080036fa   0x080036fa   0x00000002   PAD
    0x080036fc   0x080036fc   0x00000084   Code   RO           14    i.USART3_IRQHandler  stm32f4xx_it.o
    0x08003780   0x08003780   0x000000a8   Code   RO         1168    i.USART3_QuickInit  uasrt.o
    0x08003828   0x08003828   0x0000008c   Code   RO         1169    i.USART3_RXDMA_Config  uasrt.o
    0x080038b4   0x080038b4   0x0000002c   Code   RO          398    i.USART3_ReceiveTask  taskusart.o
    0x080038e0   0x080038e0   0x00000018   Code   RO         7232    i.USART_Cmd         stm32f4xx_usart.o
    0x080038f8   0x080038f8   0x00000012   Code   RO         7233    i.USART_DMACmd      stm32f4xx_usart.o
    0x0800390a   0x0800390a   0x0000001a   Code   RO         7235    i.USART_GetFlagStatus  stm32f4xx_usart.o
    0x08003924   0x08003924   0x00000054   Code   RO         7236    i.USART_GetITStatus  stm32f4xx_usart.o
    0x08003978   0x08003978   0x0000004a   Code   RO         7238    i.USART_ITConfig    stm32f4xx_usart.o
    0x080039c2   0x080039c2   0x00000002   PAD
    0x080039c4   0x080039c4   0x000000d4   Code   RO         7239    i.USART_Init        stm32f4xx_usart.o
    0x08003a98   0x08003a98   0x00000008   Code   RO         7249    i.USART_SendData    stm32f4xx_usart.o
    0x08003aa0   0x08003aa0   0x00000088   Code   RO          399    i.USART_TaskCreate  taskusart.o
    0x08003b28   0x08003b28   0x00000004   Code   RO           15    i.UsageFault_Handler  stm32f4xx_it.o
    0x08003b2c   0x08003b2c   0x00000020   Code   RO         7659    i.__0printf$3       mc_w.l(printf3.o)
    0x08003b4c   0x08003b4c   0x00000030   Code   RO         7871    i.__ARM_fpclassify  m_wm.l(fpclassify.o)
    0x08003b7c   0x08003b7c   0x00000004   PAD
    0x08003b80   0x08003b80   0x000002d8   Code   RO         7837    i.__hardfp_atan     m_wm.l(atan.o)
    0x08003e58   0x08003e58   0x000001f0   Code   RO         7531    i.__hardfp_atan2    m_wm.l(atan2.o)
    0x08004048   0x08004048   0x00000c50   Code   RO         7543    i.__hardfp_pow      m_wm.l(pow.o)
    0x08004c98   0x08004c98   0x000000f8   Code   RO         7873    i.__kernel_poly     m_wm.l(poly.o)
    0x08004d90   0x08004d90   0x00000030   Code   RO         7851    i.__mathlib_dbl_divzero  m_wm.l(dunder.o)
    0x08004dc0   0x08004dc0   0x00000014   Code   RO         7852    i.__mathlib_dbl_infnan  m_wm.l(dunder.o)
    0x08004dd4   0x08004dd4   0x00000014   Code   RO         7853    i.__mathlib_dbl_infnan2  m_wm.l(dunder.o)
    0x08004de8   0x08004de8   0x00000020   Code   RO         7854    i.__mathlib_dbl_invalid  m_wm.l(dunder.o)
    0x08004e08   0x08004e08   0x00000020   Code   RO         7855    i.__mathlib_dbl_overflow  m_wm.l(dunder.o)
    0x08004e28   0x08004e28   0x00000020   Code   RO         7857    i.__mathlib_dbl_underflow  m_wm.l(dunder.o)
    0x08004e48   0x08004e48   0x0000000e   Code   RO         7947    i.__scatterload_copy  mc_w.l(handlers.o)
    0x08004e56   0x08004e56   0x00000002   Code   RO         7948    i.__scatterload_null  mc_w.l(handlers.o)
    0x08004e58   0x08004e58   0x0000000e   Code   RO         7949    i.__scatterload_zeroinit  mc_w.l(handlers.o)
    0x08004e66   0x08004e66   0x00000002   PAD
    0x08004e68   0x08004e68   0x0000000c   Code   RO         7913    i.__set_errno       mc_w.l(errno.o)
    0x08004e74   0x08004e74   0x000001b8   Code   RO         7666    i._printf_core      mc_w.l(printf3.o)
    0x0800502c   0x0800502c   0x00000020   Code   RO         1243    i.abs_Calculation   mathing.o
    0x0800504c   0x0800504c   0x00000010   Code   RO         7839    i.atan              m_wm.l(atan.o)
    0x0800505c   0x0800505c   0x00000018   Code   RO         7867    i.fabs              m_wm.l(fabs.o)
    0x08005074   0x08005074   0x00000028   Code   RO         1173    i.fputc             uasrt.o
    0x0800509c   0x0800509c   0x00000034   Code   RO          329    i.main              main.o
    0x080050d0   0x080050d0   0x00000098   Code   RO         1753    i.prvAddCurrentTaskToDelayedList  tasks.o
    0x08005168   0x08005168   0x000000b8   Code   RO         1754    i.prvAddNewTaskToReadyList  tasks.o
    0x08005220   0x08005220   0x00000064   Code   RO         2129    i.prvCheckForValidListAndQueue  timers.o
    0x08005284   0x08005284   0x00000064   Code   RO         1755    i.prvCheckTasksWaitingTermination  tasks.o
    0x080052e8   0x080052e8   0x0000002a   Code   RO         1508    i.prvCopyDataFromQueue  queue.o
    0x08005312   0x08005312   0x0000007c   Code   RO         1509    i.prvCopyDataToQueue  queue.o
    0x0800538e   0x0800538e   0x00000012   Code   RO         1756    i.prvDeleteTCB      tasks.o
    0x080053a0   0x080053a0   0x00000028   Code   RO         2130    i.prvGetNextExpireTime  timers.o
    0x080053c8   0x080053c8   0x0000007c   Code   RO         2271    i.prvHeapInit       heap_4.o
    0x08005444   0x08005444   0x00000028   Code   RO         1757    i.prvIdleTask       tasks.o
    0x0800546c   0x0800546c   0x0000002e   Code   RO         1511    i.prvInitialiseNewQueue  queue.o
    0x0800549a   0x0800549a   0x00000002   PAD
    0x0800549c   0x0800549c   0x000000d4   Code   RO         1758    i.prvInitialiseNewTask  tasks.o
    0x08005570   0x08005570   0x00000068   Code   RO         1759    i.prvInitialiseTaskLists  tasks.o
    0x080055d8   0x080055d8   0x00000068   Code   RO         2272    i.prvInsertBlockIntoFreeList  heap_4.o
    0x08005640   0x08005640   0x00000058   Code   RO         2132    i.prvInsertTimerInActiveList  timers.o
    0x08005698   0x08005698   0x0000001a   Code   RO         1512    i.prvIsQueueEmpty   queue.o
    0x080056b2   0x080056b2   0x0000001e   Code   RO         1513    i.prvIsQueueFull    queue.o
    0x080056d0   0x080056d0   0x000000a4   Code   RO         1514    i.prvNotifyQueueSetContainer  queue.o
    0x08005774   0x08005774   0x00000080   Code   RO         2133    i.prvProcessExpiredTimer  timers.o
    0x080057f4   0x080057f4   0x0000012c   Code   RO         2134    i.prvProcessReceivedCommands  timers.o
    0x08005920   0x08005920   0x00000074   Code   RO         2135    i.prvProcessTimerOrBlockTask  timers.o
    0x08005994   0x08005994   0x00000034   Code   RO         1761    i.prvResetNextTaskUnblockTime  tasks.o
    0x080059c8   0x080059c8   0x0000002c   Code   RO         2136    i.prvSampleTimeNow  timers.o
    0x080059f4   0x080059f4   0x000000bc   Code   RO         2137    i.prvSwitchTimerLists  timers.o
    0x08005ab0   0x08005ab0   0x00000078   Code   RO         2333    i.prvTaskExitError  port.o
    0x08005b28   0x08005b28   0x0000001a   Code   RO         2138    i.prvTimerTask      timers.o
    0x08005b42   0x08005b42   0x00000092   Code   RO         1515    i.prvUnlockQueue    queue.o
    0x08005bd4   0x08005bd4   0x00000158   Code   RO         2273    i.pvPortMalloc      heap_4.o
    0x08005d2c   0x08005d2c   0x00000020   Code   RO         1765    i.pvTaskIncrementMutexHeldCount  tasks.o
    0x08005d4c   0x08005d4c   0x0000002c   Code   RO         2334    i.pxPortInitialiseStack  port.o
    0x08005d78   0x08005d78   0x0000006e   Code   RO         7878    i.sqrt              m_wm.l(sqrt.o)
    0x08005de6   0x08005de6   0x00000028   Code   RO         1459    i.uxListRemove      list.o
    0x08005e0e   0x08005e0e   0x0000001a   Code   RO         1460    i.vListInitialise   list.o
    0x08005e28   0x08005e28   0x00000006   Code   RO         1461    i.vListInitialiseItem  list.o
    0x08005e2e   0x08005e2e   0x00000034   Code   RO         1462    i.vListInsert       list.o
    0x08005e62   0x08005e62   0x00000018   Code   RO         1463    i.vListInsertEnd    list.o
    0x08005e7a   0x08005e7a   0x00000002   PAD
    0x08005e7c   0x08005e7c   0x0000008c   Code   RO         2336    i.vPortEnterCritical  port.o
    0x08005f08   0x08005f08   0x00000074   Code   RO         2337    i.vPortExitCritical  port.o
    0x08005f7c   0x08005f7c   0x000000bc   Code   RO         2274    i.vPortFree         heap_4.o
    0x08006038   0x08006038   0x00000020   Code   RO         2338    i.vPortSetupTimerInterrupt  port.o
    0x08006058   0x08006058   0x000000a4   Code   RO         2339    i.vPortValidateInterruptPriority  port.o
    0x080060fc   0x080060fc   0x0000002c   Code   RO         1521    i.vQueueAddToRegistry  queue.o
    0x08006128   0x08006128   0x0000004a   Code   RO         1525    i.vQueueWaitForMessageRestricted  queue.o
    0x08006172   0x08006172   0x00000002   PAD
    0x08006174   0x08006174   0x00000078   Code   RO         1773    i.vTaskDelay        tasks.o
    0x080061ec   0x080061ec   0x000000e0   Code   RO         1774    i.vTaskDelayUntil   tasks.o
    0x080062cc   0x080062cc   0x00000110   Code   RO         1775    i.vTaskDelete       tasks.o
    0x080063dc   0x080063dc   0x0000000c   Code   RO         1779    i.vTaskMissedYield  tasks.o
    0x080063e8   0x080063e8   0x00000058   Code   RO         1781    i.vTaskPlaceOnEventList  tasks.o
    0x08006440   0x08006440   0x00000060   Code   RO         1782    i.vTaskPlaceOnEventListRestricted  tasks.o
    0x080064a0   0x080064a0   0x000000b0   Code   RO         1784    i.vTaskPriorityInherit  tasks.o
    0x08006550   0x08006550   0x00000050   Code   RO         1788    i.vTaskSetTimeOutState  tasks.o
    0x080065a0   0x080065a0   0x000000b0   Code   RO         1789    i.vTaskStartScheduler  tasks.o
    0x08006650   0x08006650   0x00000010   Code   RO         1791    i.vTaskSuspendAll   tasks.o
    0x08006660   0x08006660   0x000000ac   Code   RO         1792    i.vTaskSwitchContext  tasks.o
    0x0800670c   0x0800670c   0x00000160   Code   RO         2340    i.xPortStartScheduler  port.o
    0x0800686c   0x0800686c   0x00000034   Code   RO         2341    i.xPortSysTickHandler  port.o
    0x080068a0   0x080068a0   0x00000078   Code   RO         1530    i.xQueueGenericCreate  queue.o
    0x08006918   0x08006918   0x000001cc   Code   RO         1531    i.xQueueGenericReceive  queue.o
    0x08006ae4   0x08006ae4   0x000000b4   Code   RO         1532    i.xQueueGenericReset  queue.o
    0x08006b98   0x08006b98   0x000001c8   Code   RO         1533    i.xQueueGenericSend  queue.o
    0x08006d60   0x08006d60   0x00000114   Code   RO         1534    i.xQueueGenericSendFromISR  queue.o
    0x08006e74   0x08006e74   0x000000a4   Code   RO         1793    i.xTaskCheckForTimeOut  tasks.o
    0x08006f18   0x08006f18   0x00000060   Code   RO         1794    i.xTaskCreate       tasks.o
    0x08006f78   0x08006f78   0x00000020   Code   RO         1798    i.xTaskGetSchedulerState  tasks.o
    0x08006f98   0x08006f98   0x0000000c   Code   RO         1799    i.xTaskGetTickCount  tasks.o
    0x08006fa4   0x08006fa4   0x00000164   Code   RO         1801    i.xTaskIncrementTick  tasks.o
    0x08007108   0x08007108   0x000000dc   Code   RO         1804    i.xTaskPriorityDisinherit  tasks.o
    0x080071e4   0x080071e4   0x000000b8   Code   RO         1805    i.xTaskRemoveFromEventList  tasks.o
    0x0800729c   0x0800729c   0x00000124   Code   RO         1807    i.xTaskResumeAll    tasks.o
    0x080073c0   0x080073c0   0x00000074   Code   RO         2142    i.xTimerCreateTimerTask  timers.o
    0x08007434   0x08007434   0x000000a4   Code   RO         2143    i.xTimerGenericCommand  timers.o
    0x080074d8   0x080074d8   0x00000088   Data   RO         7546    .constdata          m_wm.l(pow.o)
    0x08007560   0x08007560   0x00000098   Data   RO         7840    .constdata          m_wm.l(atan.o)
    0x080075f8   0x080075f8   0x00000008   Data   RO         7875    .constdata          m_wm.l(qnan.o)
    0x08007600   0x08007600   0x00000020   Data   RO         7945    Region$$Table       anon$$obj.o


    Execution Region RW_IRAM1 (Exec base: 0x20000000, Load base: 0x08007620, Size: 0x0000c520, Max: 0x00030000, ABSOLUTE)

    Exec Addr    Load Addr    Size         Type   Attr      Idx    E Section Name        Object

    0x20000000   0x08007620   0x00000002   Data   RW           16    .data               stm32f4xx_it.o
    0x20000002   0x08007622   0x00000002   PAD
    0x20000004   0x08007624   0x00000004   Data   RW          368    .data               taskinit.o
    0x20000008   0x08007628   0x00000010   Data   RW          400    .data               taskusart.o
    0x20000018   0x08007638   0x00000008   Data   RW          442    .data               taskcan.o
    0x20000020   0x08007640   0x00000014   Data   RW          484    .data               taskcontrol.o
    0x20000034   0x08007654   0x00000008   Data   RW          845    .data               chassiscontrol.o
    0x2000003c   0x0800765c   0x00000004   Data   RW         1174    .data               uasrt.o
    0x20000040   0x08007660   0x0000003c   Data   RW         1810    .data               tasks.o
    0x2000007c   0x0800769c   0x00000014   Data   RW         2151    .data               timers.o
    0x20000090   0x080076b0   0x00000018   Data   RW         2279    .data               heap_4.o
    0x200000a8   0x080076c8   0x0000000c   Data   RW         2342    .data               port.o
    0x200000b4   0x080076d4   0x00000010   Data   RW         5332    .data               stm32f4xx_rcc.o
    0x200000c4   0x080076e4   0x00000014   Data   RW         7489    .data               system_stm32f4xx.o
    0x200000d8   0x080076f8   0x00000004   Data   RW         7902    .data               mc_w.l(stdout.o)
    0x200000dc   0x080076fc   0x00000004   Data   RW         7914    .data               mc_w.l(errno.o)
    0x200000e0        -       0x0000008c   Zero   RW          539    .bss                dr16.o
    0x2000016c        -       0x00000048   Zero   RW          638    .bss                imu.o
    0x200001b4        -       0x000002dc   Zero   RW          735    .bss                analysis.o
    0x20000490        -       0x0000004c   Zero   RW          844    .bss                chassiscontrol.o
    0x200004dc        -       0x000000e8   Zero   RW          898    .bss                cloudcontrol.o
    0x200005c4        -       0x0000000c   Zero   RW          968    .bss                pccontrol.o
    0x200005d0        -       0x00000040   Zero   RW         1545    .bss                queue.o
    0x20000610        -       0x000002e4   Zero   RW         1809    .bss                tasks.o
    0x200008f4        -       0x00000028   Zero   RW         2150    .bss                timers.o
    0x2000091c        -       0x0000b800   Zero   RW         2278    .bss                heap_4.o
    0x2000c11c   0x08007700   0x00000004   PAD
    0x2000c120        -       0x00000400   Zero   RW         7524    STACK               startup_stm32f427_437xx.o


==============================================================================

Image component sizes


      Code (inc. data)   RO Data    RW Data    ZI Data      Debug   Object Name

      1052         40          0          0        732       3987   analysis.o
       300          8          0          0          0       1840   can.o
      1444         90          0          8         76       4564   chassiscontrol.o
      1304        144          0          0        232       5898   cloudcontrol.o
       168         12          0          0          0       1584   currentsetting.o
       332         20          0          0          0        779   devices_flash.o
       824         72          0          0        140       6972   dr16.o
         0          0          0          0          0      11840   event_groups.o
        26          0          0          0          0        588   filter.o
       760        184          0         24      47104       4071   heap_4.o
       524         16          0          0         72       3314   imu.o
        66          0          0          0          0        883   key.o
        60          4          0          0          0        541   laser.o
       436         14          0          0          0        771   led.o
       148          0          0          0          0       3318   list.o
        52         22          0          0          0        503   main.o
       124          0          0          0          0       1705   mathing.o
       140         24          0          0          0       1795   misc.o
        40          0          0          0          0        694   nvic.o
        16          4          0          0         12       1200   pccontrol.o
       680         26          0          0          0       3668   pid.o
      1202        416          0         12          0      11073   port.o
      2188        262          0          0         64      13641   queue.o
        36          8        428          0       1024        960   startup_stm32f427_437xx.o
      1566         16          0          0          0       7142   stm32f4xx_can.o
       486         26          0          0          0       5395   stm32f4xx_dma.o
       236          0          0          0          0       3976   stm32f4xx_gpio.o
       368         60          0          2          0     320172   stm32f4xx_it.o
       328         36          0         16          0       5111   stm32f4xx_rcc.o
       446          8          0          0          0       6164   stm32f4xx_usart.o
       392         32          0         20          0       1945   system_stm32f4xx.o
       104         34          0          8          0       1347   taskcan.o
       374         96          0         20          0       3310   taskcontrol.o
        96          6          0          4          0        867   taskinit.o
      3682        984          0         60        740      30965   tasks.o
       224         86          0         16          0       2089   taskusart.o
      1310        312          0         20         40       9039   timers.o
       652         42          0          4          0       4054   uasrt.o

    ----------------------------------------------------------------------
     22222       3104        460        216      50240     487765   Object Totals
         0          0         32          0          0          0   (incl. Generated)
        36          0          0          2          4          0   (incl. Padding)

    ----------------------------------------------------------------------

      Code (inc. data)   RO Data    RW Data    ZI Data      Debug   Library Member Name

       744        106        152          0          0        352   atan.o
       496         64          0          0          0        192   atan2.o
       184         44          0          0          0        744   dunder.o
        24          0          0          0          0        124   fabs.o
        48          0          0          0          0        124   fpclassify.o
       248          0          0          0          0        152   poly.o
      3152        296        136          0          0        352   pow.o
         0          0          8          0          0          0   qnan.o
       110          0          0          0          0        148   sqrt.o
         0          0          0          0          0          0   entry.o
         0          0          0          0          0          0   entry10a.o
         0          0          0          0          0          0   entry11a.o
         8          4          0          0          0          0   entry2.o
         4          0          0          0          0          0   entry5.o
         0          0          0          0          0          0   entry7b.o
         0          0          0          0          0          0   entry8b.o
         8          4          0          0          0          0   entry9a.o
        12          6          0          4          0         68   errno.o
        30          0          0          0          0          0   handlers.o
        36          8          0          0          0         68   init.o
         0          0          0          0          0          0   iusefp.o
        30          0          0          0          0         68   llshl.o
        36          0          0          0          0         68   llsshr.o
        32          0          0          0          0         68   llushr.o
        36          0          0          0          0         68   memcpya.o
        36          0          0          0          0        108   memseta.o
       472         14          0          0          0        184   printf3.o
         0          0          0          4          0          0   stdout.o
        44          0          0          0          0         80   uidiv.o
        48          0          0          0          0         68   cdrcmple.o
        56          0          0          0          0         88   d2f.o
       334          0          0          0          0        148   dadd.o
       222          0          0          0          0        100   ddiv.o
       186          0          0          0          0        176   depilogue.o
        34          0          0          0          0         76   dflti.o
       228          0          0          0          0         96   dmul.o
        46          0          0          0          0         80   dscalb.o
       162          0          0          0          0        100   dsqrt.o
        38          0          0          0          0         68   f2d.o
       110          0          0          0          0        168   fepilogue.o

    ----------------------------------------------------------------------
      7262        546        296          8          0       4136   Library Totals
         8          0          0          0          0          0   (incl. Padding)

    ----------------------------------------------------------------------

      Code (inc. data)   RO Data    RW Data    ZI Data      Debug   Library Name

      5006        510        296          0          0       2188   m_wm.l
       784         36          0          8          0        780   mc_w.l
      1464          0          0          0          0       1168   mf_w.l

    ----------------------------------------------------------------------
      7262        546        296          8          0       4136   Library Totals

    ----------------------------------------------------------------------

==============================================================================


      Code (inc. data)   RO Data    RW Data    ZI Data      Debug   

     29484       3650        756        224      50240     473569   Grand Totals
     29484       3650        756        224      50240     473569   ELF Image Totals
     29484       3650        756        224          0          0   ROM Totals

==============================================================================

    Total RO  Size (Code + RO Data)                30240 (  29.53kB)
    Total RW  Size (RW Data + ZI Data)             50464 (  49.28kB)
    Total ROM Size (Code + RO Data + RW Data)      30464 (  29.75kB)

==============================================================================

