Component: ARM Compiler 5.06 update 6 (build 750) Tool: armlink [4d35ed]

==============================================================================

Section Cross References

    stm32f4xx_it.o(i.CAN1_RX0_IRQHandler) refers to stm32f4xx_can.o(i.CAN_GetITStatus) for CAN_GetITStatus
    stm32f4xx_it.o(i.CAN1_RX0_IRQHandler) refers to stm32f4xx_can.o(i.CAN_Receive) for CAN_Receive
    stm32f4xx_it.o(i.CAN1_RX0_IRQHandler) refers to queue.o(i.xQueueGenericSendFromISR) for xQueueGenericSendFromISR
    stm32f4xx_it.o(i.CAN1_RX0_IRQHandler) refers to stm32f4xx_can.o(i.CAN_ClearITPendingBit) for CAN_ClearITPendingBit
    stm32f4xx_it.o(i.CAN1_RX0_IRQHandler) refers to taskcan.o(.data) for xCan1RxQueue
    stm32f4xx_it.o(i.SysTick_Handler) refers to tasks.o(i.xTaskGetSchedulerState) for xTaskGetSchedulerState
    stm32f4xx_it.o(i.SysTick_Handler) refers to port.o(i.xPortSysTickHandler) for xPortSysTickHandler
    stm32f4xx_it.o(i.USART1_IRQHandler) refers to stm32f4xx_usart.o(i.USART_GetITStatus) for USART_GetITStatus
    stm32f4xx_it.o(i.USART1_IRQHandler) refers to stm32f4xx_dma.o(i.DMA_Cmd) for DMA_Cmd
    stm32f4xx_it.o(i.USART1_IRQHandler) refers to stm32f4xx_dma.o(i.DMA_GetCurrDataCounter) for DMA_GetCurrDataCounter
    stm32f4xx_it.o(i.USART1_IRQHandler) refers to queue.o(i.xQueueGenericSendFromISR) for xQueueGenericSendFromISR
    stm32f4xx_it.o(i.USART1_IRQHandler) refers to dr16.o(.bss) for DR16_Buff
    stm32f4xx_it.o(i.USART1_IRQHandler) refers to taskusart.o(.data) for xUsart1RxQueue
    main.o(i.main) refers to tasks.o(i.xTaskCreate) for xTaskCreate
    main.o(i.main) refers to tasks.o(i.vTaskStartScheduler) for vTaskStartScheduler
    main.o(i.main) refers to taskinit.o(.data) for StartTaskHandler
    main.o(i.main) refers to taskinit.o(i.TaskStart) for TaskStart
    taskinit.o(i.TaskStart) refers to misc.o(i.NVIC_PriorityGroupConfig) for NVIC_PriorityGroupConfig
    taskinit.o(i.TaskStart) refers to can.o(i.CAN1_QuickInit) for CAN1_QuickInit
    taskinit.o(i.TaskStart) refers to led.o(i.LED_Init) for LED_Init
    taskinit.o(i.TaskStart) refers to laser.o(i.Laser_Init) for Laser_Init
    taskinit.o(i.TaskStart) refers to dr16.o(i.DR16_Init) for DR16_Init
    taskinit.o(i.TaskStart) refers to port.o(i.vPortEnterCritical) for vPortEnterCritical
    taskinit.o(i.TaskStart) refers to taskusart.o(i.USART_TaskCreate) for USART_TaskCreate
    taskinit.o(i.TaskStart) refers to taskcan.o(i.CAN_TaskCreate) for CAN_TaskCreate
    taskinit.o(i.TaskStart) refers to tasks.o(i.vTaskDelay) for vTaskDelay
    taskinit.o(i.TaskStart) refers to taskcontrol.o(i.Control_TaskCreate) for Control_TaskCreate
    taskinit.o(i.TaskStart) refers to tasks.o(i.vTaskDelete) for vTaskDelete
    taskinit.o(i.TaskStart) refers to port.o(i.vPortExitCritical) for vPortExitCritical
    taskinit.o(i.TaskStart) refers to taskinit.o(.data) for StartTaskHandler
    taskusart.o(i.USART1_ReceiveTask) refers to queue.o(i.xQueueGenericReceive) for xQueueGenericReceive
    taskusart.o(i.USART1_ReceiveTask) refers to dr16.o(i.DR16_Process) for DR16_Process
    taskusart.o(i.USART1_ReceiveTask) refers to stm32f4xx_gpio.o(i.GPIO_ToggleBits) for GPIO_ToggleBits
    taskusart.o(i.USART1_ReceiveTask) refers to taskusart.o(.data) for xUsart1RxQueue
    taskusart.o(i.USART_TaskCreate) refers to queue.o(i.xQueueGenericCreate) for xQueueGenericCreate
    taskusart.o(i.USART_TaskCreate) refers to tasks.o(i.xTaskCreate) for xTaskCreate
    taskusart.o(i.USART_TaskCreate) refers to taskusart.o(.data) for xUsart1RxQueue
    taskusart.o(i.USART_TaskCreate) refers to taskusart.o(i.USART1_ReceiveTask) for USART1_ReceiveTask
    taskcan.o(i.CAN1_ReceiveTask) refers to queue.o(i.xQueueGenericReceive) for xQueueGenericReceive
    taskcan.o(i.CAN1_ReceiveTask) refers to analysis.o(i.Analysis_getinfo) for Analysis_getinfo
    taskcan.o(i.CAN1_ReceiveTask) refers to taskcan.o(.data) for xCan1RxQueue
    taskcan.o(i.CAN_TaskCreate) refers to queue.o(i.xQueueGenericCreate) for xQueueGenericCreate
    taskcan.o(i.CAN_TaskCreate) refers to tasks.o(i.xTaskCreate) for xTaskCreate
    taskcan.o(i.CAN_TaskCreate) refers to taskcan.o(.data) for xCan1RxQueue
    taskcan.o(i.CAN_TaskCreate) refers to taskcan.o(i.CAN1_ReceiveTask) for CAN1_ReceiveTask
    taskcontrol.o(i.Chassical_Task) refers to tasks.o(i.vTaskDelayUntil) for vTaskDelayUntil
    taskcontrol.o(i.Control_TaskCreate) refers to tasks.o(i.xTaskCreate) for xTaskCreate
    taskcontrol.o(i.Control_TaskCreate) refers to taskcontrol.o(.data) for LED_LightHandler
    taskcontrol.o(i.Control_TaskCreate) refers to taskcontrol.o(i.LED_LightTask) for LED_LightTask
    taskcontrol.o(i.Control_TaskCreate) refers to taskcontrol.o(i.Chassical_Task) for Chassical_Task
    taskcontrol.o(i.Control_TaskCreate) refers to taskcontrol.o(i.Devices_Task) for Devices_Task
    taskcontrol.o(i.Devices_Task) refers to devices_flash.o(i.DevicesFlash) for DevicesFlash
[...]
    .text                                    0x080006ec   Section        0  llshl.o(.text)
    .text                                    0x0800070a   Section        0  llushr.o(.text)
    .text                                    0x0800072a   Section        0  llsshr.o(.text)
    .text                                    0x0800074e   Section        0  depilogue.o(.text)
    .text                                    0x08000808   Section        0  dsqrt.o(.text)
    i.Analysis_getinfo                       0x080008ac   Section        0  analysis.o(i.Analysis_getinfo)
    i.BusFault_Handler                       0x08000b54   Section        0  stm32f4xx_it.o(i.BusFault_Handler)
    i.CAN1_QuickInit                         0x08000b58   Section        0  can.o(i.CAN1_QuickInit)
    i.CAN1_RX0_IRQHandler                    0x08000c40   Section        0  stm32f4xx_it.o(i.CAN1_RX0_IRQHandler)
    i.CAN1_ReceiveTask                       0x08000c98   Section        0  taskcan.o(i.CAN1_ReceiveTask)
    i.CAN_ClearITPendingBit                  0x08000cbc   Section        0  stm32f4xx_can.o(i.CAN_ClearITPendingBit)
    i.CAN_FilterInit                         0x08000d64   Section        0  stm32f4xx_can.o(i.CAN_FilterInit)
    i.CAN_GetITStatus                        0x08000e6c   Section        0  stm32f4xx_can.o(i.CAN_GetITStatus)
    i.CAN_ITConfig                           0x08000f8c   Section        0  stm32f4xx_can.o(i.CAN_ITConfig)
    i.CAN_Init                               0x08000f9e   Section        0  stm32f4xx_can.o(i.CAN_Init)
    i.CAN_Receive                            0x080010b2   Section        0  stm32f4xx_can.o(i.CAN_Receive)
    i.CAN_TaskCreate                         0x080011a4   Section        0  taskcan.o(i.CAN_TaskCreate)
    i.Chassical_Task                         0x080011e8   Section        0  taskcontrol.o(i.Chassical_Task)
    i.CheckITStatus                          0x080011fa   Section        0  stm32f4xx_can.o(i.CheckITStatus)
    CheckITStatus                            0x080011fb   Thumb Code    18  stm32f4xx_can.o(i.CheckITStatus)
    i.Control_TaskCreate                     0x0800120c   Section        0  taskcontrol.o(i.Control_TaskCreate)
    i.DMA_Cmd                                0x08001294   Section        0  stm32f4xx_dma.o(i.DMA_Cmd)
    i.DMA_DeInit                             0x080012ac   Section        0  stm32f4xx_dma.o(i.DMA_DeInit)
    i.DMA_GetCmdStatus                       0x08001404   Section        0  stm32f4xx_dma.o(i.DMA_GetCmdStatus)
    i.DMA_GetCurrDataCounter                 0x08001418   Section        0  stm32f4xx_dma.o(i.DMA_GetCurrDataCounter)
    i.DMA_Init                               0x08001420   Section        0  stm32f4xx_dma.o(i.DMA_Init)
    i.DR16_Init                              0x08001478   Section        0  dr16.o(i.DR16_Init)
    i.DR16_Key_Whether_Process               0x08001494   Section        0  key.o(i.DR16_Key_Whether_Process)
    i.DR16_Process                           0x080014d8   Section        0  dr16.o(i.DR16_Process)
    i.Data_Suppres                           0x0800167c   Section        0  dr16.o(i.Data_Suppres)
    i.DebugMon_Handler                       0x080016a0   Section        0  stm32f4xx_it.o(i.DebugMon_Handler)
    i.DevicesFlash                           0x080016a4   Section        0  devices_flash.o(i.DevicesFlash)
    i.Devices_Task                           0x080017cc   Section        0  taskcontrol.o(i.Devices_Task)
    i.GPIO_Init                              0x080017e2   Section        0  stm32f4xx_gpio.o(i.GPIO_Init)
    i.GPIO_PinAFConfig                       0x08001872   Section        0  stm32f4xx_gpio.o(i.GPIO_PinAFConfig)
    i.GPIO_SetBits                           0x080018b8   Section        0  stm32f4xx_gpio.o(i.GPIO_SetBits)
    i.GPIO_ToggleBits                        0x080018bc   Section        0  stm32f4xx_gpio.o(i.GPIO_ToggleBits)
    i.GPIO_WriteBit                          0x080018c4   Section        0  stm32f4xx_gpio.o(i.GPIO_WriteBit)
    i.HardFault_Handler                      0x080018ce   Section        0  stm32f4xx_it.o(i.HardFault_Handler)
    i.LED_Init                               0x080018d4   Section        0  led.o(i.LED_Init)
    i.LED_LightTask                          0x08001a88   Section        0  taskcontrol.o(i.LED_LightTask)
    i.Laser_Init                             0x08001b0c   Section        0  laser.o(i.Laser_Init)
    i.M2006_ZeroDealing_platform             0x08001b48   Section        0  analysis.o(i.M2006_ZeroDealing_platform)
    i.M6623_ZeroDealing_platform             0x08001be0   Section        0  analysis.o(i.M6623_ZeroDealing_platform)
    i.MemManage_Handler                      0x08001c78   Section        0  stm32f4xx_it.o(i.MemManage_Handler)
    i.NMI_Handler                            0x08001c7c   Section        0  stm32f4xx_it.o(i.NMI_Handler)
    i.NVIC_Config                            0x08001c7e   Section        0  nvic.o(i.NVIC_Config)
    i.NVIC_Init                              0x08001ca8   Section        0  misc.o(i.NVIC_Init)
    i.NVIC_PriorityGroupConfig               0x08001d20   Section        0  misc.o(i.NVIC_PriorityGroupConfig)
    i.RCC_AHB1PeriphClockCmd                 0x08001d34   Section        0  stm32f4xx_rcc.o(i.RCC_AHB1PeriphClockCmd)
    i.RCC_APB1PeriphClockCmd                 0x08001d54   Section        0  stm32f4xx_rcc.o(i.RCC_APB1PeriphClockCmd)
    i.RCC_APB2PeriphClockCmd                 0x08001d74   Section        0  stm32f4xx_rcc.o(i.RCC_APB2PeriphClockCmd)
    i.RCC_GetClocksFreq                      0x08001d94   Section        0  stm32f4xx_rcc.o(i.RCC_GetClocksFreq)
    i.Rocker_Stander                         0x08001e7c   Section        0  dr16.o(i.Rocker_Stander)
    i.SetSysClock                            0x08001f70   Section        0  system_stm32f4xx.o(i.SetSysClock)
    SetSysClock                              0x08001f71   Thumb Code   272  system_stm32f4xx.o(i.SetSysClock)
    i.SysTick_Handler                        0x08002090   Section        0  stm32f4xx_it.o(i.SysTick_Handler)
    i.SystemInit                             0x080020a0   Section        0  system_stm32f4xx.o(i.SystemInit)
    i.TIM6_DAC_IRQHandler                    0x08002108   Section        0  stm32f4xx_it.o(i.TIM6_DAC_IRQHandler)
    i.TaskStart                              0x0800210c   Section        0  taskinit.o(i.TaskStart)
    i.USART1_IRQHandler                      0x08002154   Section        0  stm32f4xx_it.o(i.USART1_IRQHandler)
    i.USART1_QuickInit                       0x080021c0   Section        0  uasrt.o(i.USART1_QuickInit)
    i.USART1_RXDMA_Config                    0x08002264   Section        0  uasrt.o(i.USART1_RXDMA_Config)
    i.USART1_ReceiveTask                     0x080022f0   Section        0  taskusart.o(i.USART1_ReceiveTask)
    i.USART2_IRQHandler                      0x0800231c   Section        0  stm32f4xx_it.o(i.USART2_IRQHandler)
    i.USART_Cmd                              0x0800231e   Section        0  stm32f4xx_usart.o(i.USART_Cmd)
    i.USART_DMACmd                           0x08002336   Section        0  stm32f4xx_usart.o(i.USART_DMACmd)
    i.USART_GetFlagStatus                    0x08002348   Section        0  stm32f4xx_usart.o(i.USART_GetFlagStatus)
    i.USART_GetITStatus                      0x08002362   Section        0  stm32f4xx_usart.o(i.USART_GetITStatus)
    i.USART_ITConfig                         0x080023b6   Section        0  stm32f4xx_usart.o(i.USART_ITConfig)
    i.USART_Init                             0x08002400   Section        0  stm32f4xx_usart.o(i.USART_Init)
    i.USART_SendData                         0x080024d4   Section        0  stm32f4xx_usart.o(i.USART_SendData)
    i.USART_TaskCreate                       0x080024dc   Section        0  taskusart.o(i.USART_TaskCreate)
    i.UsageFault_Handler                     0x08002524   Section        0  stm32f4xx_it.o(i.UsageFault_Handler)
    i.__0printf$3                            0x08002528   Section        0  printf3.o(i.__0printf$3)
    i.__ARM_fpclassify                       0x08002548   Section        0  fpclassify.o(i.__ARM_fpclassify)
    i.__hardfp_atan                          0x08002578   Section        0  atan.o(i.__hardfp_atan)
    i.__hardfp_atan2                         0x08002850   Section        0  atan2.o(i.__hardfp_atan2)
    i.__hardfp_pow                           0x08002a40   Section        0  pow.o(i.__hardfp_pow)
    i.__kernel_poly                          0x08003690   Section        0  poly.o(i.__kernel_poly)
    i.__mathlib_dbl_divzero                  0x08003788   Section        0  dunder.o(i.__mathlib_dbl_divzero)
    i.__mathlib_dbl_infnan                   0x080037b8   Section        0  dunder.o(i.__mathlib_dbl_infnan)
    i.__mathlib_dbl_infnan2                  0x080037cc   Section        0  dunder.o(i.__mathlib_dbl_infnan2)
    i.__mathlib_dbl_invalid                  0x080037e0   Section        0  dunder.o(i.__mathlib_dbl_invalid)
    i.__mathlib_dbl_overflow                 0x08003800   Section        0  dunder.o(i.__mathlib_dbl_overflow)
    i.__mathlib_dbl_underflow                0x08003820   Section        0  dunder.o(i.__mathlib_dbl_underflow)
    i.__scatterload_copy                     0x08003840   Section       14  handlers.o(i.__scatterload_copy)
    i.__scatterload_null                     0x0800384e   Section        2  handlers.o(i.__scatterload_null)
    i.__scatterload_zeroinit                 0x08003850   Section       14  handlers.o(i.__scatterload_zeroinit)
    i.__set_errno                            0x08003860   Section        0  errno.o(i.__set_errno)
    i._printf_core                           0x0800386c   Section        0  printf3.o(i._printf_core)
    _printf_core                             0x0800386d   Thumb Code   436  printf3.o(i._printf_core)
    i.abs_Calculation                        0x08003a24   Section        0  mathing.o(i.abs_Calculation)
    i.atan                                   0x08003a44   Section        0  atan.o(i.atan)
    i.atan2                                  0x08003a54   Section        0  atan2.o(i.atan2)
    i.fabs                                   0x08003a68   Section        0  fabs.o(i.fabs)
    i.fputc                                  0x08003a80   Section        0  uasrt.o(i.fputc)
    i.main                                   0x08003aa8   Section        0  main.o(i.main)
    i.pow                                    0x08003adc   Section        0  pow.o(i.pow)
    i.prvAddCurrentTaskToDelayedList         0x08003af0   Section        0  tasks.o(i.prvAddCurrentTaskToDelayedList)
    prvAddCurrentTaskToDelayedList           0x08003af1   Thumb Code   124  tasks.o(i.prvAddCurrentTaskToDelayedList)
    i.prvAddNewTaskToReadyList               0x08003b88   Section        0  tasks.o(i.prvAddNewTaskToReadyList)
    prvAddNewTaskToReadyList                 0x08003b89   Thumb Code   156  tasks.o(i.prvAddNewTaskToReadyList)
    i.prvCheckForValidListAndQueue           0x08003c40   Section        0  timers.o(i.prvCheckForValidListAndQueue)
    prvCheckForValidListAndQueue             0x08003c41   Thumb Code    72  timers.o(i.prvCheckForValidListAndQueue)
    i.prvCheckTasksWaitingTermination        0x08003ca4   Section        0  tasks.o(i.prvCheckTasksWaitingTermination)
    prvCheckTasksWaitingTermination          0x08003ca5   Thumb Code    86  tasks.o(i.prvCheckTasksWaitingTermination)
    i.prvCopyDataFromQueue                   0x08003d08   Section        0  queue.o(i.prvCopyDataFromQueue)
    prvCopyDataFromQueue                     0x08003d09   Thumb Code    42  queue.o(i.prvCopyDataFromQueue)
    i.prvCopyDataToQueue                     0x08003d32   Section        0  queue.o(i.prvCopyDataToQueue)
    prvCopyDataToQueue                       0x08003d33   Thumb Code   124  queue.o(i.prvCopyDataToQueue)
    i.prvDeleteTCB                           0x08003dae   Section        0  tasks.o(i.prvDeleteTCB)
    prvDeleteTCB                             0x08003daf   Thumb Code    18  tasks.o(i.prvDeleteTCB)
    i.prvGetNextExpireTime                   0x08003dc0   Section        0  timers.o(i.prvGetNextExpireTime)
    prvGetNextExpireTime                     0x08003dc1   Thumb Code    36  timers.o(i.prvGetNextExpireTime)
    i.prvHeapInit                            0x08003de8   Section        0  heap_4.o(i.prvHeapInit)
    prvHeapInit                              0x08003de9   Thumb Code    98  heap_4.o(i.prvHeapInit)
    i.prvIdleTask                            0x08003e64   Section        0  tasks.o(i.prvIdleTask)
    prvIdleTask                              0x08003e65   Thumb Code    32  tasks.o(i.prvIdleTask)
    i.prvInitialiseNewQueue                  0x08003e8c   Section        0  queue.o(i.prvInitialiseNewQueue)
    prvInitialiseNewQueue                    0x08003e8d   Thumb Code    46  queue.o(i.prvInitialiseNewQueue)
    i.prvInitialiseNewTask                   0x08003ebc   Section        0  tasks.o(i.prvInitialiseNewTask)
    prvInitialiseNewTask                     0x08003ebd   Thumb Code   170  tasks.o(i.prvInitialiseNewTask)
    i.prvInitialiseTaskLists                 0x08003f90   Section        0  tasks.o(i.prvInitialiseTaskLists)
    prvInitialiseTaskLists                   0x08003f91   Thumb Code    70  tasks.o(i.prvInitialiseTaskLists)
    i.prvInsertBlockIntoFreeList             0x08003ff8   Section        0  heap_4.o(i.prvInsertBlockIntoFreeList)
    prvInsertBlockIntoFreeList               0x08003ff9   Thumb Code    96  heap_4.o(i.prvInsertBlockIntoFreeList)
    i.prvInsertTimerInActiveList             0x08004060   Section        0  timers.o(i.prvInsertTimerInActiveList)
    prvInsertTimerInActiveList               0x08004061   Thumb Code    80  timers.o(i.prvInsertTimerInActiveList)
    i.prvIsQueueEmpty                        0x080040b8   Section        0  queue.o(i.prvIsQueueEmpty)
    prvIsQueueEmpty                          0x080040b9   Thumb Code    26  queue.o(i.prvIsQueueEmpty)
    i.prvIsQueueFull                         0x080040d2   Section        0  queue.o(i.prvIsQueueFull)
    prvIsQueueFull                           0x080040d3   Thumb Code    30  queue.o(i.prvIsQueueFull)
    i.prvNotifyQueueSetContainer             0x080040f0   Section        0  queue.o(i.prvNotifyQueueSetContainer)
    prvNotifyQueueSetContainer               0x080040f1   Thumb Code   124  queue.o(i.prvNotifyQueueSetContainer)
    i.prvProcessExpiredTimer                 0x08004194   Section        0  timers.o(i.prvProcessExpiredTimer)
    prvProcessExpiredTimer                   0x08004195   Thumb Code    84  timers.o(i.prvProcessExpiredTimer)
    i.prvProcessReceivedCommands             0x08004214   Section        0  timers.o(i.prvProcessReceivedCommands)
    prvProcessReceivedCommands               0x08004215   Thumb Code   254  timers.o(i.prvProcessReceivedCommands)
    i.prvProcessTimerOrBlockTask             0x08004340   Section        0  timers.o(i.prvProcessTimerOrBlockTask)
    prvProcessTimerOrBlockTask               0x08004341   Thumb Code   102  timers.o(i.prvProcessTimerOrBlockTask)
    i.prvResetNextTaskUnblockTime            0x080043b4   Section        0  tasks.o(i.prvResetNextTaskUnblockTime)
    prvResetNextTaskUnblockTime              0x080043b5   Thumb Code    42  tasks.o(i.prvResetNextTaskUnblockTime)
    i.prvSampleTimeNow                       0x080043e8   Section        0  timers.o(i.prvSampleTimeNow)
    prvSampleTimeNow                         0x080043e9   Thumb Code    40  timers.o(i.prvSampleTimeNow)
    i.prvSwitchTimerLists                    0x08004414   Section        0  timers.o(i.prvSwitchTimerLists)
    prvSwitchTimerLists                      0x08004415   Thumb Code   140  timers.o(i.prvSwitchTimerLists)
    i.prvTaskExitError                       0x080044d0   Section        0  port.o(i.prvTaskExitError)
    prvTaskExitError                         0x080044d1   Thumb Code    50  port.o(i.prvTaskExitError)
    i.prvTimerTask                           0x08004548   Section        0  timers.o(i.prvTimerTask)
    prvTimerTask                             0x08004549   Thumb Code    26  timers.o(i.prvTimerTask)
    i.prvUnlockQueue                         0x08004562   Section        0  queue.o(i.prvUnlockQueue)
    prvUnlockQueue                           0x08004563   Thumb Code   146  queue.o(i.prvUnlockQueue)
    i.pvPortMalloc                           0x080045f4   Section        0  heap_4.o(i.pvPortMalloc)
    i.pvTaskIncrementMutexHeldCount          0x0800474c   Section        0  tasks.o(i.pvTaskIncrementMutexHeldCount)
    i.pxPortInitialiseStack                  0x0800476c   Section        0  port.o(i.pxPortInitialiseStack)
    i.sqrt                                   0x08004798   Section        0  sqrt.o(i.sqrt)
    i.uxListRemove                           0x08004806   Section        0  list.o(i.uxListRemove)
    i.vListInitialise                        0x0800482e   Section        0  list.o(i.vListInitialise)
    i.vListInitialiseItem                    0x08004848   Section        0  list.o(i.vListInitialiseItem)
    i.vListInsert                            0x0800484e   Section        0  list.o(i.vListInsert)
    i.vListInsertEnd                         0x08004882   Section        0  list.o(i.vListInsertEnd)
    i.vPortEnterCritical                     0x0800489c   Section        0  port.o(i.vPortEnterCritical)
    i.vPortExitCritical                      0x08004928   Section        0  port.o(i.vPortExitCritical)
    i.vPortFree                              0x0800499c   Section        0  heap_4.o(i.vPortFree)
    i.vPortSetupTimerInterrupt               0x08004a58   Section        0  port.o(i.vPortSetupTimerInterrupt)
    i.vPortValidateInterruptPriority         0x08004a78   Section        0  port.o(i.vPortValidateInterruptPriority)
    i.vQueueAddToRegistry                    0x08004b1c   Section        0  queue.o(i.vQueueAddToRegistry)
    i.vQueueWaitForMessageRestricted         0x08004b48   Section        0  queue.o(i.vQueueWaitForMessageRestricted)
    i.vTaskDelay                             0x08004b94   Section        0  tasks.o(i.vTaskDelay)
    i.vTaskDelayUntil                        0x08004c0c   Section        0  tasks.o(i.vTaskDelayUntil)
    i.vTaskDelete                            0x08004cec   Section        0  tasks.o(i.vTaskDelete)
    i.vTaskMissedYield                       0x08004dfc   Section        0  tasks.o(i.vTaskMissedYield)
    i.vTaskPlaceOnEventList                  0x08004e08   Section        0  tasks.o(i.vTaskPlaceOnEventList)
    i.vTaskPlaceOnEventListRestricted        0x08004e60   Section        0  tasks.o(i.vTaskPlaceOnEventListRestricted)
    i.vTaskPriorityInherit                   0x08004ec0   Section        0  tasks.o(i.vTaskPriorityInherit)
    i.vTaskSetTimeOutState                   0x08004f70   Section        0  tasks.o(i.vTaskSetTimeOutState)
    i.vTaskStartScheduler                    0x08004fc0   Section        0  tasks.o(i.vTaskStartScheduler)
    i.vTaskSuspendAll                        0x08005070   Section        0  tasks.o(i.vTaskSuspendAll)
    i.vTaskSwitchContext                     0x08005080   Section        0  tasks.o(i.vTaskSwitchContext)
    i.xPortStartScheduler                    0x0800512c   Section        0  port.o(i.xPortStartScheduler)
    i.xPortSysTickHandler                    0x0800528c   Section        0  port.o(i.xPortSysTickHandler)
    i.xQueueGenericCreate                    0x080052c0   Section        0  queue.o(i.xQueueGenericCreate)
    i.xQueueGenericReceive                   0x08005338   Section        0  queue.o(i.xQueueGenericReceive)
    i.xQueueGenericReset                     0x08005504   Section        0  queue.o(i.xQueueGenericReset)
    i.xQueueGenericSend                      0x080055b8   Section        0  queue.o(i.xQueueGenericSend)
    i.xQueueGenericSendFromISR               0x08005780   Section        0  queue.o(i.xQueueGenericSendFromISR)
    i.xTaskCheckForTimeOut                   0x08005894   Section        0  tasks.o(i.xTaskCheckForTimeOut)
    i.xTaskCreate                            0x08005938   Section        0  tasks.o(i.xTaskCreate)
    i.xTaskGetSchedulerState                 0x08005998   Section        0  tasks.o(i.xTaskGetSchedulerState)
    i.xTaskGetTickCount                      0x080059b8   Section        0  tasks.o(i.xTaskGetTickCount)
    i.xTaskIncrementTick                     0x080059c4   Section        0  tasks.o(i.xTaskIncrementTick)
    i.xTaskPriorityDisinherit                0x08005b28   Section        0  tasks.o(i.xTaskPriorityDisinherit)
    i.xTaskRemoveFromEventList               0x08005c04   Section        0  tasks.o(i.xTaskRemoveFromEventList)
    i.xTaskResumeAll                         0x08005cbc   Section        0  tasks.o(i.xTaskResumeAll)
    i.xTimerCreateTimerTask                  0x08005de0   Section        0  timers.o(i.xTimerCreateTimerTask)
    i.xTimerGenericCommand                   0x08005e54   Section        0  timers.o(i.xTimerGenericCommand)
    .constdata                               0x08005ef8   Section      136  pow.o(.constdata)
    bp                                       0x08005ef8   Data          16  pow.o(.constdata)
    dp_h                                     0x08005f08   Data          16  pow.o(.constdata)
    dp_l                                     0x08005f18   Data          16  pow.o(.constdata)
    L                                        0x08005f28   Data          48  pow.o(.constdata)
    P                                        0x08005f58   Data          40  pow.o(.constdata)
    .constdata                               0x08005f80   Section      152  atan.o(.constdata)
    atanhi                                   0x08005f80   Data          32  atan.o(.constdata)
    atanlo                                   0x08005fa0   Data          32  atan.o(.constdata)
    aTodd                                    0x08005fc0   Data          40  atan.o(.constdata)
    aTeven                                   0x08005fe8   Data          48  atan.o(.constdata)
    .constdata                               0x08006018   Section        8  qnan.o(.constdata)
    .data                                    0x20000000   Section        4  taskinit.o(.data)
    .data                                    0x20000004   Section       16  taskusart.o(.data)
    USART1_ReceiverHandler                   0x20000004   Data           4  taskusart.o(.data)
    UASRTSend_xHandler                       0x20000008   Data           4  taskusart.o(.data)
    .data                                    0x20000014   Section        8  taskcan.o(.data)
    CAN_ReceiveHandler                       0x20000014   Data           4  taskcan.o(.data)
    .data                                    0x2000001c   Section       12  taskcontrol.o(.data)
    Chassical_ProcessHandler                 0x2000001c   Data           4  taskcontrol.o(.data)
    Device_FlashHandler                      0x20000020   Data           4  taskcontrol.o(.data)
    LED_LightHandler                         0x20000024   Data           4  taskcontrol.o(.data)
    .data                                    0x20000028   Section        4  uasrt.o(.data)
    Using_USART                              0x20000028   Data           4  uasrt.o(.data)
    .data                                    0x2000002c   Section       60  tasks.o(.data)
    pxDelayedTaskList                        0x20000030   Data           4  tasks.o(.data)
    pxOverflowDelayedTaskList                0x20000034   Data           4  tasks.o(.data)
    uxDeletedTasksWaitingCleanUp             0x20000038   Data           4  tasks.o(.data)
    uxCurrentNumberOfTasks                   0x2000003c   Data           4  tasks.o(.data)
    xTickCount                               0x20000040   Data           4  tasks.o(.data)
    uxTopReadyPriority                       0x20000044   Data           4  tasks.o(.data)
    xSchedulerRunning                        0x20000048   Data           4  tasks.o(.data)
    uxPendedTicks                            0x2000004c   Data           4  tasks.o(.data)
    xYieldPending                            0x20000050   Data           4  tasks.o(.data)
    xNumOfOverflows                          0x20000054   Data           4  tasks.o(.data)
    uxTaskNumber                             0x20000058   Data           4  tasks.o(.data)
    xNextTaskUnblockTime                     0x2000005c   Data           4  tasks.o(.data)
    xIdleTaskHandle                          0x20000060   Data           4  tasks.o(.data)
    uxSchedulerSuspended                     0x20000064   Data           4  tasks.o(.data)
    .data                                    0x20000068   Section       20  timers.o(.data)
    pxCurrentTimerList                       0x20000068   Data           4  timers.o(.data)
    pxOverflowTimerList                      0x2000006c   Data           4  timers.o(.data)
    xTimerQueue                              0x20000070   Data           4  timers.o(.data)
    xTimerTaskHandle                         0x20000074   Data           4  timers.o(.data)
    xLastTime                                0x20000078   Data           4  timers.o(.data)
    .data                                    0x2000007c   Section       24  heap_4.o(.data)
    xStart                                   0x2000007c   Data           8  heap_4.o(.data)
    pxEnd                                    0x20000084   Data           4  heap_4.o(.data)
    xFreeBytesRemaining                      0x20000088   Data           4  heap_4.o(.data)
    xMinimumEverFreeBytesRemaining           0x2000008c   Data           4  heap_4.o(.data)
    xBlockAllocatedBit                       0x20000090   Data           4  heap_4.o(.data)
    .data                                    0x20000094   Section       12  port.o(.data)
    uxCriticalNesting                        0x20000094   Data           4  port.o(.data)
    ucMaxSysCallPriority                     0x20000098   Data           1  port.o(.data)
    ulMaxPRIGROUPValue                       0x2000009c   Data           4  port.o(.data)
    .data                                    0x200000a0   Section       16  stm32f4xx_rcc.o(.data)
    APBAHBPrescTable                         0x200000a0   Data          16  stm32f4xx_rcc.o(.data)
    .data                                    0x200000b0   Section       20  system_stm32f4xx.o(.data)
    .data                                    0x200000c4   Section        4  stdout.o(.data)
    .data                                    0x200000c8   Section        4  errno.o(.data)
    _errno                                   0x200000c8   Data           4  errno.o(.data)
    .bss                                     0x200000cc   Section      140  dr16.o(.bss)
    .bss                                     0x20000158   Section      668  analysis.o(.bss)
    .bss                                     0x200003f4   Section       64  queue.o(.bss)
    .bss                                     0x20000434   Section      740  tasks.o(.bss)
    pxReadyTasksLists                        0x20000434   Data         640  tasks.o(.bss)
    xDelayedTaskList1                        0x200006b4   Data          20  tasks.o(.bss)
    xDelayedTaskList2                        0x200006c8   Data          20  tasks.o(.bss)
    xPendingReadyList                        0x200006dc   Data          20  tasks.o(.bss)
    xTasksWaitingTermination                 0x200006f0   Data          20  tasks.o(.bss)
    xSuspendedTaskList                       0x20000704   Data          20  tasks.o(.bss)
    .bss                                     0x20000718   Section       40  timers.o(.bss)
    xActiveTimerList1                        0x20000718   Data          20  timers.o(.bss)
    xActiveTimerList2                        0x2000072c   Data          20  timers.o(.bss)
    .bss                                     0x20000740   Section    47104  heap_4.o(.bss)
    ucHeap                                   0x20000740   Data       47104  heap_4.o(.bss)
    STACK                                    0x2000bf40   Section     1024  startup_stm32f427_437xx.o(STACK)

    Global Symbols

    Symbol Name                              Value     Ov Type        Size  Object(Section)

    BuildAttributes$$THM_ISAv4$E$P$D$K$B$S$7EM$VFPi3$EXTD16$VFPS$VFMA$PE$A:L22UL41UL21$X:L11$S22US41US21$IEEE1$IW$USESV6$~STKCKD$USESV7$~SHL$OTIME$ROPI$IEEEX$EBA8$MICROLIB$REQ8$PRES8$EABIv2 0x00000000   Number         0  anon$$obj.o ABSOLUTE
    __ARM_use_no_argv                        0x00000000   Number         0  main.o ABSOLUTE
    _printf_a                                0x00000000   Number         0  stubs.o ABSOLUTE
    _printf_c                                0x00000000   Number         0  stubs.o ABSOLUTE
    _printf_charcount                        0x00000000   Number         0  stubs.o ABSOLUTE
    _printf_d                                0x00000000   Number         0  stubs.o ABSOLUTE
    _printf_e                                0x00000000   Number         0  stubs.o ABSOLUTE
    _printf_f                                0x00000000   Number         0  stubs.o ABSOLUTE
    _printf_flags                            0x00000000   Number         0  stubs.o ABSOLUTE
    _printf_fp_dec                           0x00000000   Number         0  stubs.o ABSOLUTE
    _printf_fp_hex                           0x00000000   Number         0  stubs.o ABSOLUTE
    _printf_g                                0x00000000   Number         0  stubs.o ABSOLUTE
    _printf_i                                0x00000000   Number         0  stubs.o ABSOLUTE
    _printf_int_dec                          0x00000000   Number         0  stubs.o ABSOLUTE
    _printf_l                                0x00000000   Number         0  stubs.o ABSOLUTE
    _printf_lc                               0x00000000   Number         0  stubs.o ABSOLUTE
    _printf_ll                               0x00000000   Number         0  stubs.o ABSOLUTE
    _printf_lld                              0x00000000   Number         0  stubs.o ABSOLUTE
    _printf_lli                              0x00000000   Number         0  stubs.o ABSOLUTE
    _printf_llo                              0x00000000   Number         0  stubs.o ABSOLUTE
    _printf_llu                              0x00000000   Number         0  stubs.o ABSOLUTE
    _printf_llx                              0x00000000   Number         0  stubs.o ABSOLUTE
    _printf_longlong_dec                     0x00000000   Number         0  stubs.o ABSOLUTE
    _printf_longlong_hex                     0x00000000   Number         0  stubs.o ABSOLUTE
    _printf_longlong_oct                     0x00000000   Number         0  stubs.o ABSOLUTE
    _printf_ls                               0x00000000   Number         0  stubs.o ABSOLUTE
    _printf_mbtowc                           0x00000000   Number         0  stubs.o ABSOLUTE
    _printf_n                                0x00000000   Number         0  stubs.o ABSOLUTE
    _printf_o                                0x00000000   Number         0  stubs.o ABSOLUTE
    _printf_p                                0x00000000   Number         0  stubs.o ABSOLUTE
    _printf_percent                          0x00000000   Number         0  stubs.o ABSOLUTE
    _printf_pre_padding                      0x00000000   Number         0  stubs.o ABSOLUTE
    _printf_return_value                     0x00000000   Number         0  stubs.o ABSOLUTE
    _printf_s                                0x00000000   Number         0  stubs.o ABSOLUTE
    _printf_sizespec                         0x00000000   Number         0  stubs.o ABSOLUTE
    _printf_str                              0x00000000   Number         0  stubs.o ABSOLUTE
    _printf_truncate_signed                  0x00000000   Number         0  stubs.o ABSOLUTE
    _printf_truncate_unsigned                0x00000000   Number         0  stubs.o ABSOLUTE
    _printf_u                                0x00000000   Number         0  stubs.o ABSOLUTE
    _printf_wc                               0x00000000   Number         0  stubs.o ABSOLUTE
    _printf_wctomb                           0x00000000   Number         0  stubs.o ABSOLUTE
    _printf_widthprec                        0x00000000   Number         0  stubs.o ABSOLUTE
    _printf_x                                0x00000000   Number         0  stubs.o ABSOLUTE
    __cpp_initialize__aeabi_                  - Undefined Weak Reference
    __cxa_finalize                            - Undefined Weak Reference
    __decompress                              - Undefined Weak Reference
    _clock_init                               - Undefined Weak Reference
    _microlib_exit                            - Undefined Weak Reference
    __Vectors_Size                           0x000001ac   Number         0  startup_stm32f427_437xx.o ABSOLUTE
    __Vectors                                0x08000000   Data           4  startup_stm32f427_437xx.o(RESET)
    __Vectors_End                            0x080001ac   Data           0  startup_stm32f427_437xx.o(RESET)
    __main                                   0x080001ad   Thumb Code     0  entry.o(.ARM.Collect$$$$00000000)
    _main_stk                                0x080001ad   Thumb Code     0  entry2.o(.ARM.Collect$$$$00000001)
    _main_scatterload                        0x080001b1   Thumb Code     0  entry5.o(.ARM.Collect$$$$00000004)
    __main_after_scatterload                 0x080001b5   Thumb Code     0  entry5.o(.ARM.Collect$$$$00000004)
    _main_clock                              0x080001b5   Thumb Code     0  entry7b.o(.ARM.Collect$$$$00000008)
    _main_cpp_init                           0x080001b5   Thumb Code     0  entry8b.o(.ARM.Collect$$$$0000000A)
    _main_init                               0x080001b5   Thumb Code     0  entry9a.o(.ARM.Collect$$$$0000000B)
    __rt_final_cpp                           0x080001bd   Thumb Code     0  entry10a.o(.ARM.Collect$$$$0000000D)
    __rt_final_exit                          0x080001bd   Thumb Code     0  entry11a.o(.ARM.Collect$$$$0000000F)
    SVC_Handler                              0x080001c1   Thumb Code    28  port.o(.emb_text)
    __asm___6_port_c_39a90d8d__prvStartFirstTask 0x080001e1   Thumb Code    28  port.o(.emb_text)
    __asm___6_port_c_39a90d8d__prvEnableVFP  0x08000201   Thumb Code    16  port.o(.emb_text)
    PendSV_Handler                           0x08000215   Thumb Code    88  port.o(.emb_text)
    vPortGetIPSR                             0x08000271   Thumb Code     6  port.o(.emb_text)
    Reset_Handler                            0x08000279   Thumb Code     8  startup_stm32f427_437xx.o(.text)
    ADC_IRQHandler                           0x08000293   Thumb Code     0  startup_stm32f427_437xx.o(.text)
    CAN1_RX1_IRQHandler                      0x08000293   Thumb Code     0  startup_stm32f427_437xx.o(.text)
    CAN1_SCE_IRQHandler                      0x08000293   Thumb Code     0  startup_stm32f427_437xx.o(.text)
    CAN1_TX_IRQHandler                       0x08000293   Thumb Code     0  startup_stm32f427_437xx.o(.text)
    CAN2_RX0_IRQHandler                      0x08000293   Thumb Code     0  startup_stm32f427_437xx.o(.text)
    CAN2_RX1_IRQHandler                      0x08000293   Thumb Code     0  startup_stm32f427_437xx.o(.text)
    CAN2_SCE_IRQHandler                      0x08000293   Thumb Code     0  startup_stm32f427_437xx.o(.text)
    CAN2_TX_IRQHandler                       0x08000293   Thumb Code     0  startup_stm32f427_437xx.o(.text)
    CRYP_IRQHandler                          0x08000293   Thumb Code     0  startup_stm32f427_437xx.o(.text)
    DCMI_IRQHandler                          0x08000293   Thumb Code     0  startup_stm32f427_437xx.o(.text)
    DMA1_Stream0_IRQHandler                  0x08000293   Thumb Code     0  startup_stm32f427_437xx.o(.text)
    DMA1_Stream1_IRQHandler                  0x08000293   Thumb Code     0  startup_stm32f427_437xx.o(.text)
    DMA1_Stream2_IRQHandler                  0x08000293   Thumb Code     0  startup_stm32f427_437xx.o(.text)
    DMA1_Stream3_IRQHandler                  0x08000293   Thumb Code     0  startup_stm32f427_437xx.o(.text)
    DMA1_Stream4_IRQHandler                  0x08000293   Thumb Code     0  startup_stm32f427_437xx.o(.text)
    DMA1_Stream5_IRQHandler                  0x08000293   Thumb Code     0  startup_stm32f427_437xx.o(.text)
    DMA1_Stream6_IRQHandler                  0x08000293   Thumb Code     0  startup_stm32f427_437xx.o(.text)
    DMA1_Stream7_IRQHandler                  0x08000293   Thumb Code     0  startup_stm32f427_437xx.o(.text)
    DMA2D_IRQHandler                         0x08000293   Thumb Code     0  startup_stm32f427_437xx.o(.text)
    DMA2_Stream0_IRQHandler                  0x08000293   Thumb Code     0  startup_stm32f427_437xx.o(.text)
    DMA2_Stream1_IRQHandler                  0x08000293   Thumb Code     0  startup_stm32f427_437xx.o(.text)
    DMA2_Stream2_IRQHandler                  0x08000293   Thumb Code     0  startup_stm32f427_437xx.o(.text)
    DMA2_Stream3_IRQHandler                  0x08000293   Thumb Code     0  startup_stm32f427_437xx.o(.text)
    DMA2_Stream4_IRQHandler                  0x08000293   Thumb Code     0  startup_stm32f427_437xx.o(.text)
    DMA2_Stream5_IRQHandler                  0x08000293   Thumb Code     0  startup_stm32f427_437xx.o(.text)
    DMA2_Stream6_IRQHandler                  0x08000293   Thumb Code     0  startup_stm32f427_437xx.o(.text)
    DMA2_Stream7_IRQHandler                  0x08000293   Thumb Code     0  startup_stm32f427_437xx.o(.text)
    ETH_IRQHandler                           0x08000293   Thumb Code     0  startup_stm32f427_437xx.o(.text)
    ETH_WKUP_IRQHandler                      0x08000293   Thumb Code     0  startup_stm32f427_437xx.o(.text)
    EXTI0_IRQHandler                         0x08000293   Thumb Code     0  startup_stm32f427_437xx.o(.text)
    EXTI15_10_IRQHandler                     0x08000293   Thumb Code     0  startup_stm32f427_437xx.o(.text)
    EXTI1_IRQHandler                         0x08000293   Thumb Code     0  startup_stm32f427_437xx.o(.text)
    EXTI2_IRQHandler                         0x08000293   Thumb Code     0  startup_stm32f427_437xx.o(.text)
    EXTI3_IRQHandler                         0x08000293   Thumb Code     0  startup_stm32f427_437xx.o(.text)
    EXTI4_IRQHandler                         0x08000293   Thumb Code     0  startup_stm32f427_437xx.o(.text)
    EXTI9_5_IRQHandler                       0x08000293   Thumb Code     0  startup_stm32f427_437xx.o(.text)
    FLASH_IRQHandler                         0x08000293   Thumb Code     0  startup_stm32f427_437xx.o(.text)
    FMC_IRQHandler                           0x08000293   Thumb Code     0  startup_stm32f427_437xx.o(.text)
    FPU_IRQHandler                           0x08000293   Thumb Code     0  startup_stm32f427_437xx.o(.text)
    HASH_RNG_IRQHandler                      0x08000293   Thumb Code     0  startup_stm32f427_437xx.o(.text)
    I2C1_ER_IRQHandler                       0x08000293   Thumb Code     0  startup_stm32f427_437xx.o(.text)
    I2C1_EV_IRQHandler                       0x08000293   Thumb Code     0  startup_stm32f427_437xx.o(.text)
    I2C2_ER_IRQHandler                       0x08000293   Thumb Code     0  startup_stm32f427_437xx.o(.text)
    I2C2_EV_IRQHandler                       0x08000293   Thumb Code     0  startup_stm32f427_437xx.o(.text)
    I2C3_ER_IRQHandler                       0x08000293   Thumb Code     0  startup_stm32f427_437xx.o(.text)
    I2C3_EV_IRQHandler                       0x08000293   Thumb Code     0  startup_stm32f427_437xx.o(.text)
    OTG_FS_IRQHandler                        0x08000293   Thumb Code     0  startup_stm32f427_437xx.o(.text)
    OTG_FS_WKUP_IRQHandler                   0x08000293   Thumb Code     0  startup_stm32f427_437xx.o(.text)
    OTG_HS_EP1_IN_IRQHandler                 0x08000293   Thumb Code     0  startup_stm32f427_437xx.o(.text)
    OTG_HS_EP1_OUT_IRQHandler                0x08000293   Thumb Code     0  startup_stm32f427_437xx.o(.text)
    OTG_HS_IRQHandler                        0x08000293   Thumb Code     0  startup_stm32f427_437xx.o(.text)
    OTG_HS_WKUP_IRQHandler                   0x08000293   Thumb Code     0  startup_stm32f427_437xx.o(.text)
    PVD_IRQHandler                           0x08000293   Thumb Code     0  startup_stm32f427_437xx.o(.text)
    RCC_IRQHandler                           0x08000293   Thumb Code     0  startup_stm32f427_437xx.o(.text)
    RTC_Alarm_IRQHandler                     0x08000293   Thumb Code     0  startup_stm32f427_437xx.o(.text)
    RTC_WKUP_IRQHandler                      0x08000293   Thumb Code     0  startup_stm32f427_437xx.o(.text)
    SAI1_IRQHandler                          0x08000293   Thumb Code     0  startup_stm32f427_437xx.o(.text)
    SDIO_IRQHandler                          0x08000293   Thumb Code     0  startup_stm32f427_437xx.o(.text)
    SPI1_IRQHandler                          0x08000293   Thumb Code     0  startup_stm32f427_437xx.o(.text)
    SPI2_IRQHandler                          0x08000293   Thumb Code     0  startup_stm32f427_437xx.o(.text)
    SPI3_IRQHandler                          0x08000293   Thumb Code     0  startup_stm32f427_437xx.o(.text)
    SPI4_IRQHandler                          0x08000293   Thumb Code     0  startup_stm32f427_437xx.o(.text)
    SPI5_IRQHandler                          0x08000293   Thumb Code     0  startup_stm32f427_437xx.o(.text)
    SPI6_IRQHandler                          0x08000293   Thumb Code     0  startup_stm32f427_437xx.o(.text)
    TAMP_STAMP_IRQHandler                    0x08000293   Thumb Code     0  startup_stm32f427_437xx.o(.text)
    TIM1_BRK_TIM9_IRQHandler                 0x08000293   Thumb Code     0  startup_stm32f427_437xx.o(.text)
    TIM1_CC_IRQHandler                       0x08000293   Thumb Code     0  startup_stm32f427_437xx.o(.text)
    TIM1_TRG_COM_TIM11_IRQHandler            0x08000293   Thumb Code     0  startup_stm32f427_437xx.o(.text)
    TIM1_UP_TIM10_IRQHandler                 0x08000293   Thumb Code     0  startup_stm32f427_437xx.o(.text)
    TIM2_IRQHandler                          0x08000293   Thumb Code     0  startup_stm32f427_437xx.o(.text)
    TIM3_IRQHandler                          0x08000293   Thumb Code     0  startup_stm32f427_437xx.o(.text)
    TIM4_IRQHandler                          0x08000293   Thumb Code     0  startup_stm32f427_437xx.o(.text)
    TIM5_IRQHandler                          0x08000293   Thumb Code     0  startup_stm32f427_437xx.o(.text)
    TIM7_IRQHandler                          0x08000293   Thumb Code     0  startup_stm32f427_437xx.o(.text)
    TIM8_BRK_TIM12_IRQHandler                0x08000293   Thumb Code     0  startup_stm32f427_437xx.o(.text)
    TIM8_CC_IRQHandler                       0x08000293   Thumb Code     0  startup_stm32f427_437xx.o(.text)
    TIM8_TRG_COM_TIM14_IRQHandler            0x08000293   Thumb Code     0  startup_stm32f427_437xx.o(.text)
    TIM8_UP_TIM13_IRQHandler                 0x08000293   Thumb Code     0  startup_stm32f427_437xx.o(.text)
    UART4_IRQHandler                         0x08000293   Thumb Code     0  startup_stm32f427_437xx.o(.text)
    UART5_IRQHandler                         0x08000293   Thumb Code     0  startup_stm32f427_437xx.o(.text)
    UART7_IRQHandler                         0x08000293   Thumb Code     0  startup_stm32f427_437xx.o(.text)
    UART8_IRQHandler                         0x08000293   Thumb Code     0  startup_stm32f427_437xx.o(.text)
    USART3_IRQHandler                        0x08000293   Thumb Code     0  startup_stm32f427_437xx.o(.text)
    USART6_IRQHandler                        0x08000293   Thumb Code     0  startup_stm32f427_437xx.o(.text)
    WWDG_IRQHandler                          0x08000293   Thumb Code     0  startup_stm32f427_437xx.o(.text)
    __aeabi_memcpy                           0x0800029d   Thumb Code    36  memcpya.o(.text)
    __aeabi_memcpy4                          0x0800029d   Thumb Code     0  memcpya.o(.text)
    __aeabi_memcpy8                          0x0800029d   Thumb Code     0  memcpya.o(.text)
    __aeabi_memset                           0x080002c1   Thumb Code    14  memseta.o(.text)
    __aeabi_memset4                          0x080002c1   Thumb Code     0  memseta.o(.text)
    __aeabi_memset8                          0x080002c1   Thumb Code     0  memseta.o(.text)
    __aeabi_memclr                           0x080002cf   Thumb Code     4  memseta.o(.text)
    __aeabi_memclr4                          0x080002cf   Thumb Code     0  memseta.o(.text)
    __aeabi_memclr8                          0x080002cf   Thumb Code     0  memseta.o(.text)
    _memset$wrapper                          0x080002d3   Thumb Code    18  memseta.o(.text)
    __aeabi_f2d                              0x080002e5   Thumb Code    38  f2d.o(.text)
    __aeabi_uidiv                            0x0800030b   Thumb Code     0  uidiv.o(.text)
    __aeabi_uidivmod                         0x0800030b   Thumb Code    44  uidiv.o(.text)
    __I$use$fp                               0x08000337   Thumb Code     0  iusefp.o(.text)
    __aeabi_dadd                             0x08000337   Thumb Code   322  dadd.o(.text)
    __aeabi_dsub                             0x08000479   Thumb Code     6  dadd.o(.text)
    __aeabi_drsub                            0x0800047f   Thumb Code     6  dadd.o(.text)
    __aeabi_dmul                             0x08000485   Thumb Code   228  dmul.o(.text)
    __aeabi_ddiv                             0x08000569   Thumb Code   222  ddiv.o(.text)
    __ARM_scalbn                             0x08000647   Thumb Code    46  dscalb.o(.text)
    scalbn                                   0x08000647   Thumb Code     0  dscalb.o(.text)
    __aeabi_i2d                              0x08000675   Thumb Code    34  dflti.o(.text)
    __aeabi_cdrcmple                         0x08000699   Thumb Code    48  cdrcmple.o(.text)
    __scatterload                            0x080006c9   Thumb Code    28  init.o(.text)
    __scatterload_rt2                        0x080006c9   Thumb Code     0  init.o(.text)
    __aeabi_llsl                             0x080006ed   Thumb Code    30  llshl.o(.text)
    _ll_shift_l                              0x080006ed   Thumb Code     0  llshl.o(.text)
    __aeabi_llsr                             0x0800070b   Thumb Code    32  llushr.o(.text)
    _ll_ushift_r                             0x0800070b   Thumb Code     0  llushr.o(.text)
    __aeabi_lasr                             0x0800072b   Thumb Code    36  llsshr.o(.text)
    _ll_sshift_r                             0x0800072b   Thumb Code     0  llsshr.o(.text)
    _double_round                            0x0800074f   Thumb Code    30  depilogue.o(.text)
    _double_epilogue                         0x0800076d   Thumb Code   156  depilogue.o(.text)
    _dsqrt                                   0x08000809   Thumb Code   162  dsqrt.o(.text)
    Analysis_getinfo                         0x080008ad   Thumb Code   668  analysis.o(i.Analysis_getinfo)
    BusFault_Handler                         0x08000b55   Thumb Code     4  stm32f4xx_it.o(i.BusFault_Handler)
    CAN1_QuickInit                           0x08000b59   Thumb Code   224  can.o(i.CAN1_QuickInit)
    CAN1_RX0_IRQHandler                      0x08000c41   Thumb Code    74  stm32f4xx_it.o(i.CAN1_RX0_IRQHandler)
    CAN1_ReceiveTask                         0x08000c99   Thumb Code    32  taskcan.o(i.CAN1_ReceiveTask)
    CAN_ClearITPendingBit                    0x08000cbd   Thumb Code   162  stm32f4xx_can.o(i.CAN_ClearITPendingBit)
    CAN_FilterInit                           0x08000d65   Thumb Code   258  stm32f4xx_can.o(i.CAN_FilterInit)
    CAN_GetITStatus                          0x08000e6d   Thumb Code   284  stm32f4xx_can.o(i.CAN_GetITStatus)
    CAN_ITConfig                             0x08000f8d   Thumb Code    18  stm32f4xx_can.o(i.CAN_ITConfig)
    CAN_Init                                 0x08000f9f   Thumb Code   276  stm32f4xx_can.o(i.CAN_Init)
    CAN_Receive                              0x080010b3   Thumb Code   240  stm32f4xx_can.o(i.CAN_Receive)
    CAN_TaskCreate                           0x080011a5   Thumb Code    38  taskcan.o(i.CAN_TaskCreate)
    Chassical_Task                           0x080011e9   Thumb Code    18  taskcontrol.o(i.Chassical_Task)
    Control_TaskCreate                       0x0800120d   Thumb Code    64  taskcontrol.o(i.Control_TaskCreate)
    DMA_Cmd                                  0x08001295   Thumb Code    22  stm32f4xx_dma.o(i.DMA_Cmd)
    DMA_DeInit                               0x080012ad   Thumb Code   324  stm32f4xx_dma.o(i.DMA_DeInit)
    DMA_GetCmdStatus                         0x08001405   Thumb Code    20  stm32f4xx_dma.o(i.DMA_GetCmdStatus)
    DMA_GetCurrDataCounter                   0x08001419   Thumb Code     8  stm32f4xx_dma.o(i.DMA_GetCurrDataCounter)
    DMA_Init                                 0x08001421   Thumb Code    82  stm32f4xx_dma.o(i.DMA_Init)
    DR16_Init                                0x08001479   Thumb Code    18  dr16.o(i.DR16_Init)
    DR16_Key_Whether_Process                 0x08001495   Thumb Code    66  key.o(i.DR16_Key_Whether_Process)
    DR16_Process                             0x080014d9   Thumb Code   396  dr16.o(i.DR16_Process)
    Data_Suppres                             0x0800167d   Thumb Code    36  dr16.o(i.Data_Suppres)
    DebugMon_Handler                         0x080016a1   Thumb Code     2  stm32f4xx_it.o(i.DebugMon_Handler)
    DevicesFlash                             0x080016a5   Thumb Code   280  devices_flash.o(i.DevicesFlash)
    Devices_Task                             0x080017cd   Thumb Code    22  taskcontrol.o(i.Devices_Task)
    GPIO_Init                                0x080017e3   Thumb Code   144  stm32f4xx_gpio.o(i.GPIO_Init)
    GPIO_PinAFConfig                         0x08001873   Thumb Code    70  stm32f4xx_gpio.o(i.GPIO_PinAFConfig)
    GPIO_SetBits                             0x080018b9   Thumb Code     4  stm32f4xx_gpio.o(i.GPIO_SetBits)
    GPIO_ToggleBits                          0x080018bd   Thumb Code     8  stm32f4xx_gpio.o(i.GPIO_ToggleBits)
    GPIO_WriteBit                            0x080018c5   Thumb Code    10  stm32f4xx_gpio.o(i.GPIO_WriteBit)
    HardFault_Handler                        0x080018cf   Thumb Code     4  stm32f4xx_it.o(i.HardFault_Handler)
    LED_Init                                 0x080018d5   Thumb Code   422  led.o(i.LED_Init)
    LED_LightTask                            0x08001a89   Thumb Code   128  taskcontrol.o(i.LED_LightTask)
    Laser_Init                               0x08001b0d   Thumb Code    56  laser.o(i.Laser_Init)
    M2006_ZeroDealing_platform               0x08001b49   Thumb Code   144  analysis.o(i.M2006_ZeroDealing_platform)
    M6623_ZeroDealing_platform               0x08001be1   Thumb Code   144  analysis.o(i.M6623_ZeroDealing_platform)
    MemManage_Handler                        0x08001c79   Thumb Code     4  stm32f4xx_it.o(i.MemManage_Handler)
    NMI_Handler                              0x08001c7d   Thumb Code     2  stm32f4xx_it.o(i.NMI_Handler)
    NVIC_Config                              0x08001c7f   Thumb Code    40  nvic.o(i.NVIC_Config)
    NVIC_Init                                0x08001ca9   Thumb Code   106  misc.o(i.NVIC_Init)
    NVIC_PriorityGroupConfig                 0x08001d21   Thumb Code    10  misc.o(i.NVIC_PriorityGroupConfig)
    RCC_AHB1PeriphClockCmd                   0x08001d35   Thumb Code    26  stm32f4xx_rcc.o(i.RCC_AHB1PeriphClockCmd)
    RCC_APB1PeriphClockCmd                   0x08001d55   Thumb Code    26  stm32f4xx_rcc.o(i.RCC_APB1PeriphClockCmd)
    RCC_APB2PeriphClockCmd                   0x08001d75   Thumb Code    26  stm32f4xx_rcc.o(i.RCC_APB2PeriphClockCmd)
    RCC_GetClocksFreq                        0x08001d95   Thumb Code   214  stm32f4xx_rcc.o(i.RCC_GetClocksFreq)
    Rocker_Stander                           0x08001e7d   Thumb Code   236  dr16.o(i.Rocker_Stander)
    SysTick_Handler                          0x08002091   Thumb Code    16  stm32f4xx_it.o(i.SysTick_Handler)
    SystemInit                               0x080020a1   Thumb Code    88  system_stm32f4xx.o(i.SystemInit)
    TIM6_DAC_IRQHandler                      0x08002109   Thumb Code     2  stm32f4xx_it.o(i.TIM6_DAC_IRQHandler)
    TaskStart                                0x0800210d   Thumb Code    66  taskinit.o(i.TaskStart)
    USART1_IRQHandler                        0x08002155   Thumb Code    88  stm32f4xx_it.o(i.USART1_IRQHandler)
    USART1_QuickInit                         0x080021c1   Thumb Code   156  uasrt.o(i.USART1_QuickInit)
    USART1_RXDMA_Config                      0x08002265   Thumb Code   130  uasrt.o(i.USART1_RXDMA_Config)
    USART1_ReceiveTask                       0x080022f1   Thumb Code    34  taskusart.o(i.USART1_ReceiveTask)
    USART2_IRQHandler                        0x0800231d   Thumb Code     2  stm32f4xx_it.o(i.USART2_IRQHandler)
    USART_Cmd                                0x0800231f   Thumb Code    24  stm32f4xx_usart.o(i.USART_Cmd)
    USART_DMACmd                             0x08002337   Thumb Code    18  stm32f4xx_usart.o(i.USART_DMACmd)
    USART_GetFlagStatus                      0x08002349   Thumb Code    26  stm32f4xx_usart.o(i.USART_GetFlagStatus)
    USART_GetITStatus                        0x08002363   Thumb Code    84  stm32f4xx_usart.o(i.USART_GetITStatus)
    USART_ITConfig                           0x080023b7   Thumb Code    74  stm32f4xx_usart.o(i.USART_ITConfig)
    USART_Init                               0x08002401   Thumb Code   204  stm32f4xx_usart.o(i.USART_Init)
    USART_SendData                           0x080024d5   Thumb Code     8  stm32f4xx_usart.o(i.USART_SendData)
    USART_TaskCreate                         0x080024dd   Thumb Code    38  taskusart.o(i.USART_TaskCreate)
    UsageFault_Handler                       0x08002525   Thumb Code     4  stm32f4xx_it.o(i.UsageFault_Handler)
    __0printf$3                              0x08002529   Thumb Code    22  printf3.o(i.__0printf$3)
    __1printf$3                              0x08002529   Thumb Code     0  printf3.o(i.__0printf$3)
    __2printf                                0x08002529   Thumb Code     0  printf3.o(i.__0printf$3)
    __ARM_fpclassify                         0x08002549   Thumb Code    48  fpclassify.o(i.__ARM_fpclassify)
    __hardfp_atan                            0x08002579   Thumb Code   622  atan.o(i.__hardfp_atan)
    __hardfp_atan2                           0x08002851   Thumb Code   432  atan2.o(i.__hardfp_atan2)
    __hardfp_pow                             0x08002a41   Thumb Code  3072  pow.o(i.__hardfp_pow)
    __kernel_poly                            0x08003691   Thumb Code   248  poly.o(i.__kernel_poly)
    __mathlib_dbl_divzero                    0x08003789   Thumb Code    28  dunder.o(i.__mathlib_dbl_divzero)
    __mathlib_dbl_infnan                     0x080037b9   Thumb Code    20  dunder.o(i.__mathlib_dbl_infnan)
    __mathlib_dbl_infnan2                    0x080037cd   Thumb Code    20  dunder.o(i.__mathlib_dbl_infnan2)
    __mathlib_dbl_invalid                    0x080037e1   Thumb Code    24  dunder.o(i.__mathlib_dbl_invalid)
    __mathlib_dbl_overflow                   0x08003801   Thumb Code    24  dunder.o(i.__mathlib_dbl_overflow)
    __mathlib_dbl_underflow                  0x08003821   Thumb Code    24  dunder.o(i.__mathlib_dbl_underflow)
    __scatterload_copy                       0x08003841   Thumb Code    14  handlers.o(i.__scatterload_copy)
    __scatterload_null                       0x0800384f   Thumb Code     2  handlers.o(i.__scatterload_null)
    __scatterload_zeroinit                   0x08003851   Thumb Code    14  handlers.o(i.__scatterload_zeroinit)
    __set_errno                              0x08003861   Thumb Code     6  errno.o(i.__set_errno)
    abs_Calculation                          0x08003a25   Thumb Code    32  mathing.o(i.abs_Calculation)
    atan                                     0x08003a45   Thumb Code    16  atan.o(i.atan)
    atan2                                    0x08003a55   Thumb Code    20  atan2.o(i.atan2)
    fabs                                     0x08003a69   Thumb Code    24  fabs.o(i.fabs)
    fputc                                    0x08003a81   Thumb Code    36  uasrt.o(i.fputc)
    main                                     0x08003aa9   Thumb Code    30  main.o(i.main)
    pow                                      0x08003add   Thumb Code    20  pow.o(i.pow)
    pvPortMalloc                             0x080045f5   Thumb Code   262  heap_4.o(i.pvPortMalloc)
    pvTaskIncrementMutexHeldCount            0x0800474d   Thumb Code    26  tasks.o(i.pvTaskIncrementMutexHeldCount)
    pxPortInitialiseStack                    0x0800476d   Thumb Code    38  port.o(i.pxPortInitialiseStack)
    sqrt                                     0x08004799   Thumb Code   110  sqrt.o(i.sqrt)
    uxListRemove                             0x08004807   Thumb Code    40  list.o(i.uxListRemove)
    vListInitialise                          0x0800482f   Thumb Code    26  list.o(i.vListInitialise)
    vListInitialiseItem                      0x08004849   Thumb Code     6  list.o(i.vListInitialiseItem)
    vListInsert                              0x0800484f   Thumb Code    52  list.o(i.vListInsert)
    vListInsertEnd                           0x08004883   Thumb Code    24  list.o(i.vListInsertEnd)
    vPortEnterCritical                       0x0800489d   Thumb Code    68  port.o(i.vPortEnterCritical)
    vPortExitCritical                        0x08004929   Thumb Code    48  port.o(i.vPortExitCritical)
    vPortFree                                0x0800499d   Thumb Code   120  heap_4.o(i.vPortFree)
    vPortSetupTimerInterrupt                 0x08004a59   Thumb Code    26  port.o(i.vPortSetupTimerInterrupt)
    vPortValidateInterruptPriority           0x08004a79   Thumb Code    86  port.o(i.vPortValidateInterruptPriority)
    vQueueAddToRegistry                      0x08004b1d   Thumb Code    38  queue.o(i.vQueueAddToRegistry)
    vQueueWaitForMessageRestricted           0x08004b49   Thumb Code    74  queue.o(i.vQueueWaitForMessageRestricted)
    vTaskDelay                               0x08004b95   Thumb Code    72  tasks.o(i.vTaskDelay)
    vTaskDelayUntil                          0x08004c0d   Thumb Code   170  tasks.o(i.vTaskDelayUntil)
    vTaskDelete                              0x08004ced   Thumb Code   192  tasks.o(i.vTaskDelete)
    vTaskMissedYield                         0x08004dfd   Thumb Code     8  tasks.o(i.vTaskMissedYield)
    vTaskPlaceOnEventList                    0x08004e09   Thumb Code    42  tasks.o(i.vTaskPlaceOnEventList)
    vTaskPlaceOnEventListRestricted          0x08004e61   Thumb Code    50  tasks.o(i.vTaskPlaceOnEventListRestricted)
    vTaskPriorityInherit                     0x08004ec1   Thumb Code   164  tasks.o(i.vTaskPriorityInherit)
    vTaskSetTimeOutState                     0x08004f71   Thumb Code    32  tasks.o(i.vTaskSetTimeOutState)
    vTaskStartScheduler                      0x08004fc1   Thumb Code   108  tasks.o(i.vTaskStartScheduler)
    vTaskSuspendAll                          0x08005071   Thumb Code    12  tasks.o(i.vTaskSuspendAll)
    vTaskSwitchContext                       0x08005081   Thumb Code   110  tasks.o(i.vTaskSwitchContext)
    xPortStartScheduler                      0x0800512d   Thumb Code   258  port.o(i.xPortStartScheduler)
    xPortSysTickHandler                      0x0800528d   Thumb Code    46  port.o(i.xPortSysTickHandler)
    xQueueGenericCreate                      0x080052c1   Thumb Code    78  queue.o(i.xQueueGenericCreate)
    xQueueGenericReceive                     0x08005339   Thumb Code   416  queue.o(i.xQueueGenericReceive)
    xQueueGenericReset                       0x08005505   Thumb Code   136  queue.o(i.xQueueGenericReset)
    xQueueGenericSend                        0x080055b9   Thumb Code   412  queue.o(i.xQueueGenericSend)
    xQueueGenericSendFromISR                 0x08005781   Thumb Code   234  queue.o(i.xQueueGenericSendFromISR)
    xTaskCheckForTimeOut                     0x08005895   Thumb Code   116  tasks.o(i.xTaskCheckForTimeOut)
    xTaskCreate                              0x08005939   Thumb Code    96  tasks.o(i.xTaskCreate)
    xTaskGetSchedulerState                   0x08005999   Thumb Code    24  tasks.o(i.xTaskGetSchedulerState)
    xTaskGetTickCount                        0x080059b9   Thumb Code     6  tasks.o(i.xTaskGetTickCount)
    xTaskIncrementTick                       0x080059c5   Thumb Code   272  tasks.o(i.xTaskIncrementTick)
    xTaskPriorityDisinherit                  0x08005b29   Thumb Code   168  tasks.o(i.xTaskPriorityDisinherit)
    xTaskRemoveFromEventList                 0x08005c05   Thumb Code   118  tasks.o(i.xTaskRemoveFromEventList)
    xTaskResumeAll                           0x08005cbd   Thumb Code   214  tasks.o(i.xTaskResumeAll)
    xTimerCreateTimerTask                    0x08005de1   Thumb Code    56  timers.o(i.xTimerCreateTimerTask)
    xTimerGenericCommand                     0x08005e55   Thumb Code   118  timers.o(i.xTimerGenericCommand)
    __mathlib_zero                           0x08006018   Data           8  qnan.o(.constdata)
    Region$$Table$$Base                      0x08006020   Number         0  anon$$obj.o(Region$$Table)
    Region$$Table$$Limit                     0x08006040   Number         0  anon$$obj.o(Region$$Table)
    StartTaskHandler                         0x20000000   Data           4  taskinit.o(.data)
    xUsart1RxQueue                           0x2000000c   Data           4  taskusart.o(.data)
    xUsart1ToChassis                         0x20000010   Data           4  taskusart.o(.data)
    xCan1RxQueue                             0x20000018   Data           4  taskcan.o(.data)
    pxCurrentTCB                             0x2000002c   Data           4  tasks.o(.data)
    SystemCoreClock                          0x200000b0   Data           4  system_stm32f4xx.o(.data)
    AHBPrescTable                            0x200000b4   Data          16  system_stm32f4xx.o(.data)
    __stdout                                 0x200000c4   Data           4  stdout.o(.data)
    DR16_Buff                                0x200000cc   Data          20  dr16.o(.bss)
    DR16                                     0x200000e0   Data          24  dr16.o(.bss)
    rocket_Left                              0x200000f8   Data          20  dr16.o(.bss)
    rocket_Right                             0x2000010c   Data          20  dr16.o(.bss)
    pcRocket                                 0x20000120   Data          20  dr16.o(.bss)
    keyBorad                                 0x20000134   Data          12  dr16.o(.bss)
    MouseKeyLeft                             0x20000140   Data          12  dr16.o(.bss)
    MouseKeyRight                            0x2000014c   Data          12  dr16.o(.bss)
    RM3508s                                  0x20000158   Data         304  analysis.o(.bss)
    RM6623s                                  0x20000288   Data         240  analysis.o(.bss)
    RM2006s                                  0x20000378   Data         124  analysis.o(.bss)
    xQueueRegistry                           0x200003f4   Data          64  queue.o(.bss)
    __initial_sp                             0x2000c340   Data           0  startup_stm32f427_437xx.o(STACK)



==============================================================================

Memory Map of the image

  Image Entry point : 0x080001ad

  Load Region LR_IROM1 (Base: 0x08000000, Size: 0x0000610c, Max: 0x00200000, ABSOLUTE)

    Execution Region ER_IROM1 (Exec base: 0x08000000, Load base: 0x08000000, Size: 0x00006040, Max: 0x00200000, ABSOLUTE)

    Exec Addr    Load Addr    Size         Type   Attr      Idx    E Section Name        Object

    0x08000000   0x08000000   0x000001ac   Data   RO         7233    RESET               startup_stm32f427_437xx.o
    0x080001ac   0x080001ac   0x00000000   Code   RO         7264  * .ARM.Collect$$$$00000000  mc_w.l(entry.o)
    0x080001ac   0x080001ac   0x00000004   Code   RO         7591    .ARM.Collect$$$$00000001  mc_w.l(entry2.o)
    0x080001b0   0x080001b0   0x00000004   Code   RO         7594    .ARM.Collect$$$$00000004  mc_w.l(entry5.o)
    0x080001b4   0x080001b4   0x00000000   Code   RO         7596    .ARM.Collect$$$$00000008  mc_w.l(entry7b.o)
    0x080001b4   0x080001b4   0x00000000   Code   RO         7598    .ARM.Collect$$$$0000000A  mc_w.l(entry8b.o)
    0x080001b4   0x080001b4   0x00000008   Code   RO         7599    .ARM.Collect$$$$0000000B  mc_w.l(entry9a.o)
    0x080001bc   0x080001bc   0x00000000   Code   RO         7601    .ARM.Collect$$$$0000000D  mc_w.l(entry10a.o)
    0x080001bc   0x080001bc   0x00000000   Code   RO         7603    .ARM.Collect$$$$0000000F  mc_w.l(entry11a.o)
    0x080001bc   0x080001bc   0x00000004   Code   RO         7592    .ARM.Collect$$$$00002712  mc_w.l(entry2.o)
    0x080001c0   0x080001c0   0x000000b6   Code   RO         2039    .emb_text           port.o
    0x08000276   0x08000276   0x00000002   PAD
    0x08000278   0x08000278   0x00000024   Code   RO         7234    .text               startup_stm32f427_437xx.o
    0x0800029c   0x0800029c   0x00000024   Code   RO         7267    .text               mc_w.l(memcpya.o)
    0x080002c0   0x080002c0   0x00000024   Code   RO         7269    .text               mc_w.l(memseta.o)
    0x080002e4   0x080002e4   0x00000026   Code   RO         7538    .text               mf_w.l(f2d.o)
    0x0800030a   0x0800030a   0x0000002c   Code   RO         7606    .text               mc_w.l(uidiv.o)
    0x08000336   0x08000336   0x00000000   Code   RO         7617    .text               mc_w.l(iusefp.o)
    0x08000336   0x08000336   0x0000014e   Code   RO         7618    .text               mf_w.l(dadd.o)
    0x08000484   0x08000484   0x000000e4   Code   RO         7620    .text               mf_w.l(dmul.o)
    0x08000568   0x08000568   0x000000de   Code   RO         7622    .text               mf_w.l(ddiv.o)
    0x08000646   0x08000646   0x0000002e   Code   RO         7626    .text               mf_w.l(dscalb.o)
    0x08000674   0x08000674   0x00000022   Code   RO         7628    .text               mf_w.l(dflti.o)
    0x08000696   0x08000696   0x00000002   PAD
    0x08000698   0x08000698   0x00000030   Code   RO         7632    .text               mf_w.l(cdrcmple.o)
    0x080006c8   0x080006c8   0x00000024   Code   RO         7634    .text               mc_w.l(init.o)
    0x080006ec   0x080006ec   0x0000001e   Code   RO         7636    .text               mc_w.l(llshl.o)
    0x0800070a   0x0800070a   0x00000020   Code   RO         7638    .text               mc_w.l(llushr.o)
    0x0800072a   0x0800072a   0x00000024   Code   RO         7640    .text               mc_w.l(llsshr.o)
    0x0800074e   0x0800074e   0x000000ba   Code   RO         7642    .text               mf_w.l(depilogue.o)
    0x08000808   0x08000808   0x000000a2   Code   RO         7644    .text               mf_w.l(dsqrt.o)
    0x080008aa   0x080008aa   0x00000002   PAD
    0x080008ac   0x080008ac   0x000002a8   Code   RO          596    i.Analysis_getinfo  analysis.o
    0x08000b54   0x08000b54   0x00000004   Code   RO            4    i.BusFault_Handler  stm32f4xx_it.o
    0x08000b58   0x08000b58   0x000000e8   Code   RO          704    i.CAN1_QuickInit    can.o
    0x08000c40   0x08000c40   0x00000058   Code   RO            5    i.CAN1_RX0_IRQHandler  stm32f4xx_it.o
    0x08000c98   0x08000c98   0x00000024   Code   RO          395    i.CAN1_ReceiveTask  taskcan.o
    0x08000cbc   0x08000cbc   0x000000a8   Code   RO         2424    i.CAN_ClearITPendingBit  stm32f4xx_can.o
    0x08000d64   0x08000d64   0x00000108   Code   RO         2428    i.CAN_FilterInit    stm32f4xx_can.o
    0x08000e6c   0x08000e6c   0x00000120   Code   RO         2430    i.CAN_GetITStatus   stm32f4xx_can.o
    0x08000f8c   0x08000f8c   0x00000012   Code   RO         2434    i.CAN_ITConfig      stm32f4xx_can.o
    0x08000f9e   0x08000f9e   0x00000114   Code   RO         2435    i.CAN_Init          stm32f4xx_can.o
    0x080010b2   0x080010b2   0x000000f0   Code   RO         2438    i.CAN_Receive       stm32f4xx_can.o
    0x080011a2   0x080011a2   0x00000002   PAD
    0x080011a4   0x080011a4   0x00000044   Code   RO          396    i.CAN_TaskCreate    taskcan.o
    0x080011e8   0x080011e8   0x00000012   Code   RO          431    i.Chassical_Task    taskcontrol.o
    0x080011fa   0x080011fa   0x00000012   Code   RO         2446    i.CheckITStatus     stm32f4xx_can.o
    0x0800120c   0x0800120c   0x00000088   Code   RO          432    i.Control_TaskCreate  taskcontrol.o
    0x08001294   0x08001294   0x00000016   Code   RO         3203    i.DMA_Cmd           stm32f4xx_dma.o
    0x080012aa   0x080012aa   0x00000002   PAD
    0x080012ac   0x080012ac   0x00000158   Code   RO         3204    i.DMA_DeInit        stm32f4xx_dma.o
    0x08001404   0x08001404   0x00000014   Code   RO         3208    i.DMA_GetCmdStatus  stm32f4xx_dma.o
    0x08001418   0x08001418   0x00000008   Code   RO         3209    i.DMA_GetCurrDataCounter  stm32f4xx_dma.o
    0x08001420   0x08001420   0x00000058   Code   RO         3215    i.DMA_Init          stm32f4xx_dma.o
    0x08001478   0x08001478   0x0000001c   Code   RO          478    i.DR16_Init         dr16.o
    0x08001494   0x08001494   0x00000042   Code   RO          999    i.DR16_Key_Whether_Process  key.o
    0x080014d6   0x080014d6   0x00000002   PAD
    0x080014d8   0x080014d8   0x000001a4   Code   RO          479    i.DR16_Process      dr16.o
    0x0800167c   0x0800167c   0x00000024   Code   RO          480    i.Data_Suppres      dr16.o
    0x080016a0   0x080016a0   0x00000002   Code   RO            6    i.DebugMon_Handler  stm32f4xx_it.o
    0x080016a2   0x080016a2   0x00000002   PAD
    0x080016a4   0x080016a4   0x00000128   Code   RO          530    i.DevicesFlash      devices_flash.o
    0x080017cc   0x080017cc   0x00000016   Code   RO          433    i.Devices_Task      taskcontrol.o
    0x080017e2   0x080017e2   0x00000090   Code   RO         4048    i.GPIO_Init         stm32f4xx_gpio.o
    0x08001872   0x08001872   0x00000046   Code   RO         4049    i.GPIO_PinAFConfig  stm32f4xx_gpio.o
    0x080018b8   0x080018b8   0x00000004   Code   RO         4056    i.GPIO_SetBits      stm32f4xx_gpio.o
    0x080018bc   0x080018bc   0x00000008   Code   RO         4058    i.GPIO_ToggleBits   stm32f4xx_gpio.o
    0x080018c4   0x080018c4   0x0000000a   Code   RO         4060    i.GPIO_WriteBit     stm32f4xx_gpio.o
    0x080018ce   0x080018ce   0x00000004   Code   RO            7    i.HardFault_Handler  stm32f4xx_it.o
    0x080018d2   0x080018d2   0x00000002   PAD
    0x080018d4   0x080018d4   0x000001b4   Code   RO          776    i.LED_Init          led.o
    0x08001a88   0x08001a88   0x00000084   Code   RO          434    i.LED_LightTask     taskcontrol.o
    0x08001b0c   0x08001b0c   0x0000003c   Code   RO          975    i.Laser_Init        laser.o
    0x08001b48   0x08001b48   0x00000098   Code   RO          597    i.M2006_ZeroDealing_platform  analysis.o
    0x08001be0   0x08001be0   0x00000098   Code   RO          598    i.M6623_ZeroDealing_platform  analysis.o
    0x08001c78   0x08001c78   0x00000004   Code   RO            8    i.MemManage_Handler  stm32f4xx_it.o
    0x08001c7c   0x08001c7c   0x00000002   Code   RO            9    i.NMI_Handler       stm32f4xx_it.o
    0x08001c7e   0x08001c7e   0x00000028   Code   RO          800    i.NVIC_Config       nvic.o
    0x08001ca6   0x08001ca6   0x00000002   PAD
    0x08001ca8   0x08001ca8   0x00000078   Code   RO         2128    i.NVIC_Init         misc.o
    0x08001d20   0x08001d20   0x00000014   Code   RO         2129    i.NVIC_PriorityGroupConfig  misc.o
    0x08001d34   0x08001d34   0x00000020   Code   RO         4986    i.RCC_AHB1PeriphClockCmd  stm32f4xx_rcc.o
    0x08001d54   0x08001d54   0x00000020   Code   RO         4995    i.RCC_APB1PeriphClockCmd  stm32f4xx_rcc.o
    0x08001d74   0x08001d74   0x00000020   Code   RO         4998    i.RCC_APB2PeriphClockCmd  stm32f4xx_rcc.o
    0x08001d94   0x08001d94   0x000000e8   Code   RO         5007    i.RCC_GetClocksFreq  stm32f4xx_rcc.o
    0x08001e7c   0x08001e7c   0x000000f4   Code   RO          481    i.Rocker_Stander    dr16.o
    0x08001f70   0x08001f70   0x00000120   Code   RO         7193    i.SetSysClock       system_stm32f4xx.o
    0x08002090   0x08002090   0x00000010   Code   RO           10    i.SysTick_Handler   stm32f4xx_it.o
    0x080020a0   0x080020a0   0x00000068   Code   RO         7195    i.SystemInit        system_stm32f4xx.o
    0x08002108   0x08002108   0x00000002   Code   RO           11    i.TIM6_DAC_IRQHandler  stm32f4xx_it.o
    0x0800210a   0x0800210a   0x00000002   PAD
    0x0800210c   0x0800210c   0x00000048   Code   RO          326    i.TaskStart         taskinit.o
    0x08002154   0x08002154   0x0000006c   Code   RO           12    i.USART1_IRQHandler  stm32f4xx_it.o
    0x080021c0   0x080021c0   0x000000a4   Code   RO          871    i.USART1_QuickInit  uasrt.o
    0x08002264   0x08002264   0x0000008c   Code   RO          872    i.USART1_RXDMA_Config  uasrt.o
    0x080022f0   0x080022f0   0x0000002c   Code   RO          356    i.USART1_ReceiveTask  taskusart.o
    0x0800231c   0x0800231c   0x00000002   Code   RO           13    i.USART2_IRQHandler  stm32f4xx_it.o
    0x0800231e   0x0800231e   0x00000018   Code   RO         6939    i.USART_Cmd         stm32f4xx_usart.o
    0x08002336   0x08002336   0x00000012   Code   RO         6940    i.USART_DMACmd      stm32f4xx_usart.o
    0x08002348   0x08002348   0x0000001a   Code   RO         6942    i.USART_GetFlagStatus  stm32f4xx_usart.o
    0x08002362   0x08002362   0x00000054   Code   RO         6943    i.USART_GetITStatus  stm32f4xx_usart.o
    0x080023b6   0x080023b6   0x0000004a   Code   RO         6945    i.USART_ITConfig    stm32f4xx_usart.o
    0x08002400   0x08002400   0x000000d4   Code   RO         6946    i.USART_Init        stm32f4xx_usart.o
    0x080024d4   0x080024d4   0x00000008   Code   RO         6956    i.USART_SendData    stm32f4xx_usart.o
    0x080024dc   0x080024dc   0x00000048   Code   RO          357    i.USART_TaskCreate  taskusart.o
    0x08002524   0x08002524   0x00000004   Code   RO           14    i.UsageFault_Handler  stm32f4xx_it.o
    0x08002528   0x08002528   0x00000020   Code   RO         7366    i.__0printf$3       mc_w.l(printf3.o)
    0x08002548   0x08002548   0x00000030   Code   RO         7574    i.__ARM_fpclassify  m_wm.l(fpclassify.o)
    0x08002578   0x08002578   0x000002d8   Code   RO         7540    i.__hardfp_atan     m_wm.l(atan.o)
    0x08002850   0x08002850   0x000001f0   Code   RO         7238    i.__hardfp_atan2    m_wm.l(atan2.o)
    0x08002a40   0x08002a40   0x00000c50   Code   RO         7250    i.__hardfp_pow      m_wm.l(pow.o)
    0x08003690   0x08003690   0x000000f8   Code   RO         7576    i.__kernel_poly     m_wm.l(poly.o)
    0x08003788   0x08003788   0x00000030   Code   RO         7554    i.__mathlib_dbl_divzero  m_wm.l(dunder.o)
    0x080037b8   0x080037b8   0x00000014   Code   RO         7555    i.__mathlib_dbl_infnan  m_wm.l(dunder.o)
    0x080037cc   0x080037cc   0x00000014   Code   RO         7556    i.__mathlib_dbl_infnan2  m_wm.l(dunder.o)
    0x080037e0   0x080037e0   0x00000020   Code   RO         7557    i.__mathlib_dbl_invalid  m_wm.l(dunder.o)
    0x08003800   0x08003800   0x00000020   Code   RO         7558    i.__mathlib_dbl_overflow  m_wm.l(dunder.o)
    0x08003820   0x08003820   0x00000020   Code   RO         7560    i.__mathlib_dbl_underflow  m_wm.l(dunder.o)
    0x08003840   0x08003840   0x0000000e   Code   RO         7650    i.__scatterload_copy  mc_w.l(handlers.o)
    0x0800384e   0x0800384e   0x00000002   Code   RO         7651    i.__scatterload_null  mc_w.l(handlers.o)
    0x08003850   0x08003850   0x0000000e   Code   RO         7652    i.__scatterload_zeroinit  mc_w.l(handlers.o)
    0x0800385e   0x0800385e   0x00000002   PAD
    0x08003860   0x08003860   0x0000000c   Code   RO         7612    i.__set_errno       mc_w.l(errno.o)
    0x0800386c   0x0800386c   0x000001b8   Code   RO         7373    i._printf_core      mc_w.l(printf3.o)
    0x08003a24   0x08003a24   0x00000020   Code   RO          950    i.abs_Calculation   mathing.o
    0x08003a44   0x08003a44   0x00000010   Code   RO         7542    i.atan              m_wm.l(atan.o)
    0x08003a54   0x08003a54   0x00000014   Code   RO         7240    i.atan2             m_wm.l(atan2.o)
    0x08003a68   0x08003a68   0x00000018   Code   RO         7570    i.fabs              m_wm.l(fabs.o)
    0x08003a80   0x08003a80   0x00000028   Code   RO          880    i.fputc             uasrt.o
    0x08003aa8   0x08003aa8   0x00000034   Code   RO          278    i.main              main.o
    0x08003adc   0x08003adc   0x00000014   Code   RO         7252    i.pow               m_wm.l(pow.o)
    0x08003af0   0x08003af0   0x00000098   Code   RO         1460    i.prvAddCurrentTaskToDelayedList  tasks.o
    0x08003b88   0x08003b88   0x000000b8   Code   RO         1461    i.prvAddNewTaskToReadyList  tasks.o
    0x08003c40   0x08003c40   0x00000064   Code   RO         1836    i.prvCheckForValidListAndQueue  timers.o
    0x08003ca4   0x08003ca4   0x00000064   Code   RO         1462    i.prvCheckTasksWaitingTermination  tasks.o
    0x08003d08   0x08003d08   0x0000002a   Code   RO         1215    i.prvCopyDataFromQueue  queue.o
    0x08003d32   0x08003d32   0x0000007c   Code   RO         1216    i.prvCopyDataToQueue  queue.o
    0x08003dae   0x08003dae   0x00000012   Code   RO         1463    i.prvDeleteTCB      tasks.o
    0x08003dc0   0x08003dc0   0x00000028   Code   RO         1837    i.prvGetNextExpireTime  timers.o
    0x08003de8   0x08003de8   0x0000007c   Code   RO         1978    i.prvHeapInit       heap_4.o
    0x08003e64   0x08003e64   0x00000028   Code   RO         1464    i.prvIdleTask       tasks.o
    0x08003e8c   0x08003e8c   0x0000002e   Code   RO         1218    i.prvInitialiseNewQueue  queue.o
    0x08003eba   0x08003eba   0x00000002   PAD
    0x08003ebc   0x08003ebc   0x000000d4   Code   RO         1465    i.prvInitialiseNewTask  tasks.o
    0x08003f90   0x08003f90   0x00000068   Code   RO         1466    i.prvInitialiseTaskLists  tasks.o
    0x08003ff8   0x08003ff8   0x00000068   Code   RO         1979    i.prvInsertBlockIntoFreeList  heap_4.o
    0x08004060   0x08004060   0x00000058   Code   RO         1839    i.prvInsertTimerInActiveList  timers.o
    0x080040b8   0x080040b8   0x0000001a   Code   RO         1219    i.prvIsQueueEmpty   queue.o
    0x080040d2   0x080040d2   0x0000001e   Code   RO         1220    i.prvIsQueueFull    queue.o
    0x080040f0   0x080040f0   0x000000a4   Code   RO         1221    i.prvNotifyQueueSetContainer  queue.o
    0x08004194   0x08004194   0x00000080   Code   RO         1840    i.prvProcessExpiredTimer  timers.o
    0x08004214   0x08004214   0x0000012c   Code   RO         1841    i.prvProcessReceivedCommands  timers.o
    0x08004340   0x08004340   0x00000074   Code   RO         1842    i.prvProcessTimerOrBlockTask  timers.o
    0x080043b4   0x080043b4   0x00000034   Code   RO         1468    i.prvResetNextTaskUnblockTime  tasks.o
    0x080043e8   0x080043e8   0x0000002c   Code   RO         1843    i.prvSampleTimeNow  timers.o
    0x08004414   0x08004414   0x000000bc   Code   RO         1844    i.prvSwitchTimerLists  timers.o
    0x080044d0   0x080044d0   0x00000078   Code   RO         2040    i.prvTaskExitError  port.o
    0x08004548   0x08004548   0x0000001a   Code   RO         1845    i.prvTimerTask      timers.o
    0x08004562   0x08004562   0x00000092   Code   RO         1222    i.prvUnlockQueue    queue.o
    0x080045f4   0x080045f4   0x00000158   Code   RO         1980    i.pvPortMalloc      heap_4.o
    0x0800474c   0x0800474c   0x00000020   Code   RO         1472    i.pvTaskIncrementMutexHeldCount  tasks.o
    0x0800476c   0x0800476c   0x0000002c   Code   RO         2041    i.pxPortInitialiseStack  port.o
    0x08004798   0x08004798   0x0000006e   Code   RO         7581    i.sqrt              m_wm.l(sqrt.o)
    0x08004806   0x08004806   0x00000028   Code   RO         1166    i.uxListRemove      list.o
    0x0800482e   0x0800482e   0x0000001a   Code   RO         1167    i.vListInitialise   list.o
    0x08004848   0x08004848   0x00000006   Code   RO         1168    i.vListInitialiseItem  list.o
    0x0800484e   0x0800484e   0x00000034   Code   RO         1169    i.vListInsert       list.o
    0x08004882   0x08004882   0x00000018   Code   RO         1170    i.vListInsertEnd    list.o
    0x0800489a   0x0800489a   0x00000002   PAD
    0x0800489c   0x0800489c   0x0000008c   Code   RO         2043    i.vPortEnterCritical  port.o
    0x08004928   0x08004928   0x00000074   Code   RO         2044    i.vPortExitCritical  port.o
    0x0800499c   0x0800499c   0x000000bc   Code   RO         1981    i.vPortFree         heap_4.o
    0x08004a58   0x08004a58   0x00000020   Code   RO         2045    i.vPortSetupTimerInterrupt  port.o
    0x08004a78   0x08004a78   0x000000a4   Code   RO         2046    i.vPortValidateInterruptPriority  port.o
    0x08004b1c   0x08004b1c   0x0000002c   Code   RO         1228    i.vQueueAddToRegistry  queue.o
    0x08004b48   0x08004b48   0x0000004a   Code   RO         1232    i.vQueueWaitForMessageRestricted  queue.o
    0x08004b92   0x08004b92   0x00000002   PAD
    0x08004b94   0x08004b94   0x00000078   Code   RO         1480    i.vTaskDelay        tasks.o
    0x08004c0c   0x08004c0c   0x000000e0   Code   RO         1481    i.vTaskDelayUntil   tasks.o
    0x08004cec   0x08004cec   0x00000110   Code   RO         1482    i.vTaskDelete       tasks.o
    0x08004dfc   0x08004dfc   0x0000000c   Code   RO         1486    i.vTaskMissedYield  tasks.o
    0x08004e08   0x08004e08   0x00000058   Code   RO         1488    i.vTaskPlaceOnEventList  tasks.o
    0x08004e60   0x08004e60   0x00000060   Code   RO         1489    i.vTaskPlaceOnEventListRestricted  tasks.o
    0x08004ec0   0x08004ec0   0x000000b0   Code   RO         1491    i.vTaskPriorityInherit  tasks.o
    0x08004f70   0x08004f70   0x00000050   Code   RO         1495    i.vTaskSetTimeOutState  tasks.o
    0x08004fc0   0x08004fc0   0x000000b0   Code   RO         1496    i.vTaskStartScheduler  tasks.o
    0x08005070   0x08005070   0x00000010   Code   RO         1498    i.vTaskSuspendAll   tasks.o
    0x08005080   0x08005080   0x000000ac   Code   RO         1499    i.vTaskSwitchContext  tasks.o
    0x0800512c   0x0800512c   0x00000160   Code   RO         2047    i.xPortStartScheduler  port.o
    0x0800528c   0x0800528c   0x00000034   Code   RO         2048    i.xPortSysTickHandler  port.o
    0x080052c0   0x080052c0   0x00000078   Code   RO         1237    i.xQueueGenericCreate  queue.o
    0x08005338   0x08005338   0x000001cc   Code   RO         1238    i.xQueueGenericReceive  queue.o
    0x08005504   0x08005504   0x000000b4   Code   RO         1239    i.xQueueGenericReset  queue.o
    0x080055b8   0x080055b8   0x000001c8   Code   RO         1240    i.xQueueGenericSend  queue.o
    0x08005780   0x08005780   0x00000114   Code   RO         1241    i.xQueueGenericSendFromISR  queue.o
    0x08005894   0x08005894   0x000000a4   Code   RO         1500    i.xTaskCheckForTimeOut  tasks.o
    0x08005938   0x08005938   0x00000060   Code   RO         1501    i.xTaskCreate       tasks.o
    0x08005998   0x08005998   0x00000020   Code   RO         1505    i.xTaskGetSchedulerState  tasks.o
    0x080059b8   0x080059b8   0x0000000c   Code   RO         1506    i.xTaskGetTickCount  tasks.o
    0x080059c4   0x080059c4   0x00000164   Code   RO         1508    i.xTaskIncrementTick  tasks.o
    0x08005b28   0x08005b28   0x000000dc   Code   RO         1511    i.xTaskPriorityDisinherit  tasks.o
    0x08005c04   0x08005c04   0x000000b8   Code   RO         1512    i.xTaskRemoveFromEventList  tasks.o
    0x08005cbc   0x08005cbc   0x00000124   Code   RO         1514    i.xTaskResumeAll    tasks.o
    0x08005de0   0x08005de0   0x00000074   Code   RO         1849    i.xTimerCreateTimerTask  timers.o
    0x08005e54   0x08005e54   0x000000a4   Code   RO         1850    i.xTimerGenericCommand  timers.o
    0x08005ef8   0x08005ef8   0x00000088   Data   RO         7253    .constdata          m_wm.l(pow.o)
    0x08005f80   0x08005f80   0x00000098   Data   RO         7543    .constdata          m_wm.l(atan.o)
    0x08006018   0x08006018   0x00000008   Data   RO         7578    .constdata          m_wm.l(qnan.o)
    0x08006020   0x08006020   0x00000020   Data   RO         7648    Region$$Table       anon$$obj.o


    Execution Region RW_IRAM1 (Exec base: 0x20000000, Load base: 0x08006040, Size: 0x0000c340, Max: 0x00030000, ABSOLUTE)

    Exec Addr    Load Addr    Size         Type   Attr      Idx    E Section Name        Object

    0x20000000   0x08006040   0x00000004   Data   RW          327    .data               taskinit.o
    0x20000004   0x08006044   0x00000010   Data   RW          358    .data               taskusart.o
    0x20000014   0x08006054   0x00000008   Data   RW          397    .data               taskcan.o
    0x2000001c   0x0800605c   0x0000000c   Data   RW          435    .data               taskcontrol.o
    0x20000028   0x08006068   0x00000004   Data   RW          881    .data               uasrt.o
    0x2000002c   0x0800606c   0x0000003c   Data   RW         1517    .data               tasks.o
    0x20000068   0x080060a8   0x00000014   Data   RW         1858    .data               timers.o
    0x2000007c   0x080060bc   0x00000018   Data   RW         1986    .data               heap_4.o
    0x20000094   0x080060d4   0x0000000c   Data   RW         2049    .data               port.o
    0x200000a0   0x080060e0   0x00000010   Data   RW         5039    .data               stm32f4xx_rcc.o
    0x200000b0   0x080060f0   0x00000014   Data   RW         7196    .data               system_stm32f4xx.o
    0x200000c4   0x08006104   0x00000004   Data   RW         7605    .data               mc_w.l(stdout.o)
    0x200000c8   0x08006108   0x00000004   Data   RW         7613    .data               mc_w.l(errno.o)
    0x200000cc        -       0x0000008c   Zero   RW          482    .bss                dr16.o
    0x20000158        -       0x0000029c   Zero   RW          599    .bss                analysis.o
    0x200003f4        -       0x00000040   Zero   RW         1252    .bss                queue.o
    0x20000434        -       0x000002e4   Zero   RW         1516    .bss                tasks.o
    0x20000718        -       0x00000028   Zero   RW         1857    .bss                timers.o
    0x20000740        -       0x0000b800   Zero   RW         1985    .bss                heap_4.o
    0x2000bf40        -       0x00000400   Zero   RW         7231    STACK               startup_stm32f427_437xx.o


==============================================================================

Image component sizes


      Code (inc. data)   RO Data    RW Data    ZI Data      Debug   Object Name

       984         36          0          0        668       3675   analysis.o
       232          8          0          0          0        749   can.o
       296         16          0          0          0        755   devices_flash.o
       728         42          0          0        140       5814   dr16.o
         0          0          0          0          0      11840   event_groups.o
       760        184          0         24      47104       4071   heap_4.o
        66          0          0          0          0        883   key.o
        60          4          0          0          0        541   laser.o
       436         14          0          0          0        771   led.o
       148          0          0          0          0       3318   list.o
        52         22          0          0          0        503   main.o
        32          0          0          0          0        558   mathing.o
       140         24          0          0          0       1795   misc.o
        40          0          0          0          0        694   nvic.o
      1202        416          0         12          0      11073   port.o
      2188        262          0          0         64      13641   queue.o
        36          8        428          0       1024        960   startup_stm32f427_437xx.o
      1272         16          0          0          0       6335   stm32f4xx_can.o
       482         26          0          0          0       4742   stm32f4xx_dma.o
       236          0          0          0          0       3976   stm32f4xx_gpio.o
       236         34          0          0          0     319071   stm32f4xx_it.o
       328         36          0         16          0       5111   stm32f4xx_rcc.o
       446          8          0          0          0       6164   stm32f4xx_usart.o
       392         32          0         20          0       1945   system_stm32f4xx.o
       104         34          0          8          0       1347   taskcan.o
       308         76          0         12          0       2641   taskcontrol.o
        72          6          0          4          0        851   taskinit.o
      3682        984          0         60        740      30965   tasks.o
       116         44          0         16          0       1478   taskusart.o
      1310        312          0         20         40       9039   timers.o
       344         22          0          4          0       2569   uasrt.o

    ----------------------------------------------------------------------
     16750       2666        460        196      49780     457875   Object Totals
         0          0         32          0          0          0   (incl. Generated)
        22          0          0          0          0          0   (incl. Padding)

    ----------------------------------------------------------------------

      Code (inc. data)   RO Data    RW Data    ZI Data      Debug   Library Member Name

       744        106        152          0          0        352   atan.o
       516         64          0          0          0        316   atan2.o
       184         44          0          0          0        744   dunder.o
        24          0          0          0          0        124   fabs.o
        48          0          0          0          0        124   fpclassify.o
       248          0          0          0          0        152   poly.o
      3172        296        136          0          0        476   pow.o
         0          0          8          0          0          0   qnan.o
       110          0          0          0          0        148   sqrt.o
         0          0          0          0          0          0   entry.o
         0          0          0          0          0          0   entry10a.o
         0          0          0          0          0          0   entry11a.o
         8          4          0          0          0          0   entry2.o
         4          0          0          0          0          0   entry5.o
         0          0          0          0          0          0   entry7b.o
         0          0          0          0          0          0   entry8b.o
         8          4          0          0          0          0   entry9a.o
        12          6          0          4          0         68   errno.o
        30          0          0          0          0          0   handlers.o
        36          8          0          0          0         68   init.o
         0          0          0          0          0          0   iusefp.o
        30          0          0          0          0         68   llshl.o
        36          0          0          0          0         68   llsshr.o
        32          0          0          0          0         68   llushr.o
        36          0          0          0          0         68   memcpya.o
        36          0          0          0          0        108   memseta.o
       472         14          0          0          0        184   printf3.o
         0          0          0          4          0          0   stdout.o
        44          0          0          0          0         80   uidiv.o
        48          0          0          0          0         68   cdrcmple.o
       334          0          0          0          0        148   dadd.o
       222          0          0          0          0        100   ddiv.o
       186          0          0          0          0        176   depilogue.o
        34          0          0          0          0         76   dflti.o
       228          0          0          0          0         96   dmul.o
        46          0          0          0          0         80   dscalb.o
       162          0          0          0          0        100   dsqrt.o
        38          0          0          0          0         68   f2d.o

    ----------------------------------------------------------------------
      7134        546        296          8          0       4128   Library Totals
         6          0          0          0          0          0   (incl. Padding)

    ----------------------------------------------------------------------

      Code (inc. data)   RO Data    RW Data    ZI Data      Debug   Library Name

      5046        510        296          0          0       2436   m_wm.l
       784         36          0          8          0        780   mc_w.l
      1298          0          0          0          0        912   mf_w.l

    ----------------------------------------------------------------------
      7134        546        296          8          0       4128   Library Totals

    ----------------------------------------------------------------------

==============================================================================


      Code (inc. data)   RO Data    RW Data    ZI Data      Debug   

     23884       3212        756        204      49780     446327   Grand Totals
     23884       3212        756        204      49780     446327   ELF Image Totals
     23884       3212        756        204          0          0   ROM Totals

==============================================================================

    Total RO  Size (Code + RO Data)                24640 (  24.06kB)
    Total RW  Size (RW Data + ZI Data)             49984 (  48.81kB)
    Total ROM Size (Code + RO Data + RW Data)      24844 (  24.26kB)

==============================================================================

